2021-01-21T02:00:50.134+0800: [GC pause (G1 Evacuation Pause) (young), 0.0025567 secs]
   [Parallel Time: 1.9 ms, GC Workers: 13]
      [GC Worker Start (ms): Min: 152.4, Avg: 152.5, Max: 152.5, Diff: 0.1]
      [Ext Root Scanning (ms): Min: 0.1, Avg: 0.1, Max: 0.2, Diff: 0.1, Sum: 1.2]
      [Update RS (ms): Min: 0.0, Avg: 0.0, Max: 0.0, Diff: 0.0, Sum: 0.0]
         [Processed Buffers: Min: 0, Avg: 0.0, Max: 0, Diff: 0, Sum: 0]
      [Scan RS (ms): Min: 0.0, Avg: 0.0, Max: 0.0, Diff: 0.0, Sum: 0.0]
      [Code Root Scanning (ms): Min: 0.0, Avg: 0.0, Max: 0.0, Diff: 0.0, Sum: 0.1]
      [Object Copy (ms): Min: 1.4, Avg: 1.5, Max: 1.6, Diff: 0.2, Sum: 19.8]
      [Termination (ms): Min: 0.0, Avg: 0.1, Max: 0.1, Diff: 0.1, Sum: 0.9]
         [Termination Attempts: Min: 1, Avg: 1.0, Max: 1, Diff: 0, Sum: 13]
      [GC Worker Other (ms): Min: 0.0, Avg: 0.0, Max: 0.0, Diff: 0.0, Sum: 0.3]
      [GC Worker Total (ms): Min: 1.7, Avg: 1.7, Max: 1.8, Diff: 0.1, Sum: 22.3]
      [GC Worker End (ms): Min: 154.2, Avg: 154.2, Max: 154.2, Diff: 0.0]
   [Code Root Fixup: 0.0 ms]
   [Code Root Purge: 0.0 ms]
   [Clear CT: 0.1 ms]
   [Other: 0.6 ms]
      [Choose CSet: 0.0 ms]
      [Ref Proc: 0.2 ms]
      [Ref Enq: 0.0 ms]
      [Redirty Cards: 0.1 ms]
      [Humongous Register: 0.0 ms]
      [Humongous Reclaim: 0.0 ms]
      [Free CSet: 0.0 ms]
   [Eden: 51.0M(51.0M)->0.0B(44.0M) Survivors: 0.0B->7168.0K Heap: 62.0M(1024.0M)->20.7M(1024.0M)]
 [Times: user=0.00 sys=0.00, real=0.00 secs] 
2021-01-21T02:00:50.145+0800: [GC pause (G1 Evacuation Pause) (young), 0.0030152 secs]
   [Parallel Time: 2.4 ms, GC Workers: 13]
      [GC Worker Start (ms): Min: 162.7, Avg: 162.7, Max: 162.7, Diff: 0.1]
      [Ext Root Scanning (ms): Min: 0.0, Avg: 0.1, Max: 0.2, Diff: 0.1, Sum: 1.0]
      [Update RS (ms): Min: 0.0, Avg: 0.0, Max: 0.0, Diff: 0.0, Sum: 0.0]
         [Processed Buffers: Min: 0, Avg: 0.3, Max: 2, Diff: 2, Sum: 4]
      [Scan RS (ms): Min: 0.0, Avg: 0.0, Max: 0.0, Diff: 0.0, Sum: 0.0]
      [Code Root Scanning (ms): Min: 0.0, Avg: 0.0, Max: 0.0, Diff: 0.0, Sum: 0.0]
      [Object Copy (ms): Min: 2.0, Avg: 2.1, Max: 2.2, Diff: 0.2, Sum: 26.7]
      [Termination (ms): Min: 0.0, Avg: 0.1, Max: 0.2, Diff: 0.2, Sum: 1.4]
         [Termination Attempts: Min: 1, Avg: 1.0, Max: 1, Diff: 0, Sum: 13]
      [GC Worker Other (ms): Min: 0.0, Avg: 0.0, Max: 0.0, Diff: 0.0, Sum: 0.1]
      [GC Worker Total (ms): Min: 2.2, Avg: 2.3, Max: 2.3, Diff: 0.1, Sum: 29.3]
      [GC Worker End (ms): Min: 165.0, Avg: 165.0, Max: 165.0, Diff: 0.0]
   [Code Root Fixup: 0.0 ms]
   [Code Root Purge: 0.0 ms]
   [Clear CT: 0.1 ms]
   [Other: 0.5 ms]
      [Choose CSet: 0.0 ms]
      [Ref Proc: 0.2 ms]
      [Ref Enq: 0.0 ms]
      [Redirty Cards: 0.1 ms]
      [Humongous Register: 0.0 ms]
      [Humongous Reclaim: 0.0 ms]
      [Free CSet: 0.0 ms]
   [Eden: 44.0M(44.0M)->0.0B(44.0M) Survivors: 7168.0K->7168.0K Heap: 72.2M(1024.0M)->39.4M(1024.0M)]
 [Times: user=0.00 sys=0.00, real=0.00 secs] 
2021-01-21T02:00:50.156+0800: [GC pause (G1 Evacuation Pause) (young), 0.0033901 secs]
   [Parallel Time: 2.8 ms, GC Workers: 13]
      [GC Worker Start (ms): Min: 174.0, Avg: 174.0, Max: 174.1, Diff: 0.2]
      [Ext Root Scanning (ms): Min: 0.0, Avg: 0.1, Max: 0.2, Diff: 0.2, Sum: 1.1]
      [Update RS (ms): Min: 0.4, Avg: 0.4, Max: 0.5, Diff: 0.1, Sum: 5.6]
         [Processed Buffers: Min: 3, Avg: 6.5, Max: 8, Diff: 5, Sum: 85]
      [Scan RS (ms): Min: 0.0, Avg: 0.0, Max: 0.0, Diff: 0.0, Sum: 0.0]
      [Code Root Scanning (ms): Min: 0.0, Avg: 0.0, Max: 0.0, Diff: 0.0, Sum: 0.0]
      [Object Copy (ms): Min: 1.9, Avg: 1.9, Max: 2.0, Diff: 0.2, Sum: 25.3]
      [Termination (ms): Min: 0.0, Avg: 0.1, Max: 0.1, Diff: 0.1, Sum: 0.9]
         [Termination Attempts: Min: 1, Avg: 1.0, Max: 1, Diff: 0, Sum: 13]
      [GC Worker Other (ms): Min: 0.0, Avg: 0.0, Max: 0.0, Diff: 0.0, Sum: 0.1]
      [GC Worker Total (ms): Min: 2.4, Avg: 2.5, Max: 2.6, Diff: 0.2, Sum: 33.0]
      [GC Worker End (ms): Min: 176.6, Avg: 176.6, Max: 176.6, Diff: 0.0]
   [Code Root Fixup: 0.0 ms]
   [Code Root Purge: 0.0 ms]
   [Clear CT: 0.1 ms]
   [Other: 0.5 ms]
      [Choose CSet: 0.0 ms]
      [Ref Proc: 0.2 ms]
      [Ref Enq: 0.0 ms]
      [Redirty Cards: 0.1 ms]
      [Humongous Register: 0.0 ms]
      [Humongous Reclaim: 0.0 ms]
      [Free CSet: 0.0 ms]
   [Eden: 44.0M(44.0M)->0.0B(60.0M) Survivors: 7168.0K->7168.0K Heap: 97.0M(1024.0M)->57.6M(1024.0M)]
 [Times: user=0.00 sys=0.00, real=0.00 secs] 
2021-01-21T02:00:50.172+0800: [GC pause (G1 Evacuation Pause) (young), 0.0038242 secs]
   [Parallel Time: 3.2 ms, GC Workers: 13]
      [GC Worker Start (ms): Min: 189.8, Avg: 189.8, Max: 190.1, Diff: 0.3]
      [Ext Root Scanning (ms): Min: 0.0, Avg: 0.1, Max: 0.1, Diff: 0.1, Sum: 0.9]
      [Update RS (ms): Min: 0.3, Avg: 0.4, Max: 0.5, Diff: 0.3, Sum: 5.5]
         [Processed Buffers: Min: 1, Avg: 6.6, Max: 9, Diff: 8, Sum: 86]
      [Scan RS (ms): Min: 0.0, Avg: 0.0, Max: 0.0, Diff: 0.0, Sum: 0.0]
      [Code Root Scanning (ms): Min: 0.0, Avg: 0.0, Max: 0.0, Diff: 0.0, Sum: 0.0]
      [Object Copy (ms): Min: 2.3, Avg: 2.4, Max: 2.6, Diff: 0.3, Sum: 31.6]
      [Termination (ms): Min: 0.0, Avg: 0.1, Max: 0.2, Diff: 0.2, Sum: 1.7]
         [Termination Attempts: Min: 1, Avg: 1.0, Max: 1, Diff: 0, Sum: 13]
      [GC Worker Other (ms): Min: 0.0, Avg: 0.0, Max: 0.0, Diff: 0.0, Sum: 0.1]
      [GC Worker Total (ms): Min: 2.8, Avg: 3.1, Max: 3.1, Diff: 0.3, Sum: 39.9]
      [GC Worker End (ms): Min: 192.9, Avg: 192.9, Max: 192.9, Diff: 0.0]
   [Code Root Fixup: 0.0 ms]
   [Code Root Purge: 0.0 ms]
   [Clear CT: 0.1 ms]
   [Other: 0.5 ms]
      [Choose CSet: 0.0 ms]
      [Ref Proc: 0.1 ms]
      [Ref Enq: 0.0 ms]
      [Redirty Cards: 0.1 ms]
      [Humongous Register: 0.0 ms]
      [Humongous Reclaim: 0.0 ms]
      [Free CSet: 0.0 ms]
   [Eden: 60.0M(60.0M)->0.0B(82.0M) Survivors: 7168.0K->9216.0K Heap: 135.7M(1024.0M)->81.5M(1024.0M)]
 [Times: user=0.00 sys=0.00, real=0.00 secs] 
2021-01-21T02:00:50.189+0800: [GC pause (G1 Evacuation Pause) (young), 0.0044079 secs]
   [Parallel Time: 3.7 ms, GC Workers: 13]
      [GC Worker Start (ms): Min: 207.9, Avg: 208.0, Max: 208.0, Diff: 0.1]
      [Ext Root Scanning (ms): Min: 0.0, Avg: 0.1, Max: 0.1, Diff: 0.1, Sum: 1.0]
      [Update RS (ms): Min: 0.4, Avg: 0.4, Max: 0.5, Diff: 0.0, Sum: 5.7]
         [Processed Buffers: Min: 6, Avg: 7.1, Max: 9, Diff: 3, Sum: 92]
      [Scan RS (ms): Min: 0.0, Avg: 0.0, Max: 0.0, Diff: 0.0, Sum: 0.1]
      [Code Root Scanning (ms): Min: 0.0, Avg: 0.0, Max: 0.0, Diff: 0.0, Sum: 0.0]
      [Object Copy (ms): Min: 2.9, Avg: 2.9, Max: 3.0, Diff: 0.2, Sum: 38.2]
      [Termination (ms): Min: 0.0, Avg: 0.1, Max: 0.2, Diff: 0.2, Sum: 1.3]
         [Termination Attempts: Min: 1, Avg: 1.0, Max: 1, Diff: 0, Sum: 13]
      [GC Worker Other (ms): Min: 0.0, Avg: 0.0, Max: 0.0, Diff: 0.0, Sum: 0.2]
      [GC Worker Total (ms): Min: 3.5, Avg: 3.6, Max: 3.6, Diff: 0.1, Sum: 46.5]
      [GC Worker End (ms): Min: 211.5, Avg: 211.5, Max: 211.5, Diff: 0.0]
   [Code Root Fixup: 0.0 ms]
   [Code Root Purge: 0.0 ms]
   [Clear CT: 0.1 ms]
   [Other: 0.5 ms]
      [Choose CSet: 0.0 ms]
      [Ref Proc: 0.2 ms]
      [Ref Enq: 0.0 ms]
      [Redirty Cards: 0.1 ms]
      [Humongous Register: 0.0 ms]
      [Humongous Reclaim: 0.0 ms]
      [Free CSet: 0.0 ms]
   [Eden: 82.0M(82.0M)->0.0B(95.0M) Survivors: 9216.0K->12.0M Heap: 177.1M(1024.0M)->109.4M(1024.0M)]
 [Times: user=0.00 sys=0.00, real=0.01 secs] 
2021-01-21T02:00:50.210+0800: [GC pause (G1 Evacuation Pause) (young), 0.0049155 secs]
   [Parallel Time: 4.1 ms, GC Workers: 13]
      [GC Worker Start (ms): Min: 228.7, Avg: 228.8, Max: 228.8, Diff: 0.1]
      [Ext Root Scanning (ms): Min: 0.1, Avg: 0.1, Max: 0.1, Diff: 0.1, Sum: 1.0]
      [Update RS (ms): Min: 0.1, Avg: 0.1, Max: 0.1, Diff: 0.1, Sum: 1.6]
         [Processed Buffers: Min: 1, Avg: 1.9, Max: 2, Diff: 1, Sum: 25]
      [Scan RS (ms): Min: 0.0, Avg: 0.0, Max: 0.0, Diff: 0.0, Sum: 0.1]
      [Code Root Scanning (ms): Min: 0.0, Avg: 0.0, Max: 0.0, Diff: 0.0, Sum: 0.0]
      [Object Copy (ms): Min: 3.5, Avg: 3.6, Max: 3.7, Diff: 0.2, Sum: 47.0]
      [Termination (ms): Min: 0.0, Avg: 0.1, Max: 0.2, Diff: 0.2, Sum: 1.5]
         [Termination Attempts: Min: 1, Avg: 1.1, Max: 2, Diff: 1, Sum: 14]
      [GC Worker Other (ms): Min: 0.0, Avg: 0.0, Max: 0.0, Diff: 0.0, Sum: 0.1]
      [GC Worker Total (ms): Min: 3.9, Avg: 4.0, Max: 4.0, Diff: 0.1, Sum: 51.4]
      [GC Worker End (ms): Min: 232.7, Avg: 232.7, Max: 232.7, Diff: 0.0]
   [Code Root Fixup: 0.0 ms]
   [Code Root Purge: 0.0 ms]
   [Clear CT: 0.2 ms]
   [Other: 0.6 ms]
      [Choose CSet: 0.0 ms]
      [Ref Proc: 0.2 ms]
      [Ref Enq: 0.0 ms]
      [Redirty Cards: 0.2 ms]
      [Humongous Register: 0.0 ms]
      [Humongous Reclaim: 0.0 ms]
      [Free CSet: 0.0 ms]
   [Eden: 95.0M(95.0M)->0.0B(133.0M) Survivors: 12.0M->14.0M Heap: 230.5M(1024.0M)->146.9M(1024.0M)]
 [Times: user=0.00 sys=0.00, real=0.00 secs] 
2021-01-21T02:00:50.238+0800: [GC pause (G1 Evacuation Pause) (young), 0.0068055 secs]
   [Parallel Time: 6.1 ms, GC Workers: 13]
      [GC Worker Start (ms): Min: 256.3, Avg: 256.3, Max: 256.4, Diff: 0.1]
      [Ext Root Scanning (ms): Min: 0.0, Avg: 0.1, Max: 0.1, Diff: 0.1, Sum: 1.0]
      [Update RS (ms): Min: 0.1, Avg: 0.1, Max: 0.2, Diff: 0.1, Sum: 1.7]
         [Processed Buffers: Min: 0, Avg: 1.9, Max: 3, Diff: 3, Sum: 25]
      [Scan RS (ms): Min: 0.0, Avg: 0.0, Max: 0.0, Diff: 0.0, Sum: 0.1]
      [Code Root Scanning (ms): Min: 0.0, Avg: 0.0, Max: 0.0, Diff: 0.0, Sum: 0.0]
      [Object Copy (ms): Min: 5.2, Avg: 5.3, Max: 5.5, Diff: 0.3, Sum: 69.3]
      [Termination (ms): Min: 0.0, Avg: 0.1, Max: 0.2, Diff: 0.2, Sum: 1.7]
         [Termination Attempts: Min: 1, Avg: 1.0, Max: 1, Diff: 0, Sum: 13]
      [GC Worker Other (ms): Min: 0.0, Avg: 0.0, Max: 0.1, Diff: 0.1, Sum: 0.5]
      [GC Worker Total (ms): Min: 5.7, Avg: 5.7, Max: 5.8, Diff: 0.1, Sum: 74.3]
      [GC Worker End (ms): Min: 262.0, Avg: 262.1, Max: 262.2, Diff: 0.1]
   [Code Root Fixup: 0.0 ms]
   [Code Root Purge: 0.0 ms]
   [Clear CT: 0.1 ms]
   [Other: 0.6 ms]
      [Choose CSet: 0.0 ms]
      [Ref Proc: 0.2 ms]
      [Ref Enq: 0.0 ms]
      [Redirty Cards: 0.1 ms]
      [Humongous Register: 0.0 ms]
      [Humongous Reclaim: 0.0 ms]
      [Free CSet: 0.0 ms]
   [Eden: 133.0M(133.0M)->0.0B(318.0M) Survivors: 14.0M->19.0M Heap: 310.9M(1024.0M)->201.6M(1024.0M)]
 [Times: user=0.00 sys=0.00, real=0.01 secs] 
2021-01-21T02:00:50.327+0800: [GC pause (G1 Evacuation Pause) (young), 0.0117781 secs]
   [Parallel Time: 10.5 ms, GC Workers: 13]
      [GC Worker Start (ms): Min: 344.7, Avg: 344.7, Max: 344.8, Diff: 0.1]
      [Ext Root Scanning (ms): Min: 0.0, Avg: 0.1, Max: 0.1, Diff: 0.1, Sum: 1.1]
      [Update RS (ms): Min: 0.1, Avg: 0.1, Max: 0.4, Diff: 0.3, Sum: 1.6]
         [Processed Buffers: Min: 0, Avg: 1.5, Max: 2, Diff: 2, Sum: 20]
      [Scan RS (ms): Min: 0.0, Avg: 0.0, Max: 0.0, Diff: 0.0, Sum: 0.2]
      [Code Root Scanning (ms): Min: 0.0, Avg: 0.0, Max: 0.0, Diff: 0.0, Sum: 0.0]
      [Object Copy (ms): Min: 9.4, Avg: 9.7, Max: 9.9, Diff: 0.5, Sum: 126.3]
      [Termination (ms): Min: 0.0, Avg: 0.1, Max: 0.2, Diff: 0.2, Sum: 1.6]
         [Termination Attempts: Min: 1, Avg: 3.5, Max: 4, Diff: 3, Sum: 45]
      [GC Worker Other (ms): Min: 0.0, Avg: 0.0, Max: 0.2, Diff: 0.2, Sum: 0.6]
      [GC Worker Total (ms): Min: 10.0, Avg: 10.1, Max: 10.2, Diff: 0.2, Sum: 131.4]
      [GC Worker End (ms): Min: 354.8, Avg: 354.8, Max: 355.0, Diff: 0.2]
   [Code Root Fixup: 0.0 ms]
   [Code Root Purge: 0.0 ms]
   [Clear CT: 0.4 ms]
   [Other: 0.9 ms]
      [Choose CSet: 0.0 ms]
      [Ref Proc: 0.2 ms]
      [Ref Enq: 0.0 ms]
      [Redirty Cards: 0.3 ms]
      [Humongous Register: 0.1 ms]
      [Humongous Reclaim: 0.1 ms]
      [Free CSet: 0.1 ms]
   [Eden: 318.0M(318.0M)->0.0B(176.0M) Survivors: 19.0M->43.0M Heap: 625.0M(1024.0M)->323.8M(1024.0M)]
 [Times: user=0.08 sys=0.13, real=0.01 secs] 
2021-01-21T02:00:50.361+0800: [GC pause (G1 Evacuation Pause) (young), 0.0095164 secs]
   [Parallel Time: 8.2 ms, GC Workers: 13]
      [GC Worker Start (ms): Min: 379.3, Avg: 379.3, Max: 379.4, Diff: 0.1]
      [Ext Root Scanning (ms): Min: 0.0, Avg: 0.1, Max: 0.1, Diff: 0.1, Sum: 1.0]
      [Update RS (ms): Min: 0.1, Avg: 0.2, Max: 1.0, Diff: 0.8, Sum: 2.5]
         [Processed Buffers: Min: 0, Avg: 2.0, Max: 3, Diff: 3, Sum: 26]
      [Scan RS (ms): Min: 0.0, Avg: 0.0, Max: 0.0, Diff: 0.0, Sum: 0.2]
      [Code Root Scanning (ms): Min: 0.0, Avg: 0.0, Max: 0.0, Diff: 0.0, Sum: 0.0]
      [Object Copy (ms): Min: 6.5, Avg: 7.3, Max: 7.5, Diff: 1.0, Sum: 95.0]
      [Termination (ms): Min: 0.0, Avg: 0.1, Max: 0.2, Diff: 0.2, Sum: 1.5]
         [Termination Attempts: Min: 1, Avg: 1.8, Max: 3, Diff: 2, Sum: 23]
      [GC Worker Other (ms): Min: 0.0, Avg: 0.0, Max: 0.1, Diff: 0.1, Sum: 0.4]
      [GC Worker Total (ms): Min: 7.7, Avg: 7.7, Max: 7.9, Diff: 0.2, Sum: 100.7]
      [GC Worker End (ms): Min: 387.1, Avg: 387.1, Max: 387.2, Diff: 0.1]
   [Code Root Fixup: 0.0 ms]
   [Code Root Purge: 0.0 ms]
   [Clear CT: 0.6 ms]
   [Other: 0.8 ms]
      [Choose CSet: 0.0 ms]
      [Ref Proc: 0.4 ms]
      [Ref Enq: 0.0 ms]
      [Redirty Cards: 0.1 ms]
      [Humongous Register: 0.1 ms]
      [Humongous Reclaim: 0.1 ms]
      [Free CSet: 0.1 ms]
   [Eden: 176.0M(176.0M)->0.0B(310.0M) Survivors: 43.0M->28.0M Heap: 551.4M(1024.0M)->382.5M(1024.0M)]
 [Times: user=0.00 sys=0.00, real=0.01 secs] 
2021-01-21T02:00:50.390+0800: [GC pause (G1 Humongous Allocation) (young) (initial-mark), 0.0085680 secs]
   [Parallel Time: 7.1 ms, GC Workers: 13]
      [GC Worker Start (ms): Min: 407.9, Avg: 407.9, Max: 408.0, Diff: 0.1]
      [Ext Root Scanning (ms): Min: 0.0, Avg: 0.1, Max: 0.1, Diff: 0.1, Sum: 1.0]
      [Update RS (ms): Min: 0.1, Avg: 0.2, Max: 0.9, Diff: 0.8, Sum: 2.2]
         [Processed Buffers: Min: 0, Avg: 1.7, Max: 2, Diff: 2, Sum: 22]
      [Scan RS (ms): Min: 0.0, Avg: 0.0, Max: 0.0, Diff: 0.0, Sum: 0.1]
      [Code Root Scanning (ms): Min: 0.0, Avg: 0.0, Max: 0.0, Diff: 0.0, Sum: 0.0]
      [Object Copy (ms): Min: 5.6, Avg: 6.3, Max: 6.4, Diff: 0.8, Sum: 81.6]
      [Termination (ms): Min: 0.0, Avg: 0.1, Max: 0.1, Diff: 0.1, Sum: 0.9]
         [Termination Attempts: Min: 1, Avg: 1.0, Max: 1, Diff: 0, Sum: 13]
      [GC Worker Other (ms): Min: 0.0, Avg: 0.0, Max: 0.2, Diff: 0.2, Sum: 0.6]
      [GC Worker Total (ms): Min: 6.6, Avg: 6.7, Max: 6.8, Diff: 0.2, Sum: 86.5]
      [GC Worker End (ms): Min: 414.5, Avg: 414.6, Max: 414.7, Diff: 0.2]
   [Code Root Fixup: 0.0 ms]
   [Code Root Purge: 0.0 ms]
   [Clear CT: 0.4 ms]
   [Other: 1.0 ms]
      [Choose CSet: 0.0 ms]
      [Ref Proc: 0.4 ms]
      [Ref Enq: 0.0 ms]
      [Redirty Cards: 0.3 ms]
      [Humongous Register: 0.1 ms]
      [Humongous Reclaim: 0.1 ms]
      [Free CSet: 0.1 ms]
   [Eden: 156.0M(310.0M)->0.0B(315.0M) Survivors: 28.0M->43.0M Heap: 573.0M(1024.0M)->426.4M(1024.0M)]
 [Times: user=0.19 sys=0.01, real=0.01 secs] 
2021-01-21T02:00:50.398+0800: [GC concurrent-root-region-scan-start]
2021-01-21T02:00:50.398+0800: [GC concurrent-root-region-scan-end, 0.0001003 secs]
2021-01-21T02:00:50.398+0800: [GC concurrent-mark-start]
2021-01-21T02:00:50.399+0800: [GC concurrent-mark-end, 0.0010521 secs]
2021-01-21T02:00:50.399+0800: [GC remark 2021-01-21T02:00:50.399+0800: [Finalize Marking, 0.0000952 secs] 2021-01-21T02:00:50.399+0800: [GC ref-proc, 0.0001406 secs] 2021-01-21T02:00:50.399+0800: [Unloading, 0.0003457 secs], 0.0008730 secs]
 [Times: user=0.00 sys=0.00, real=0.00 secs] 
2021-01-21T02:00:50.400+0800: [GC cleanup 438M->424M(1024M), 0.0004945 secs]
 [Times: user=0.00 sys=0.00, real=0.00 secs] 
2021-01-21T02:00:50.401+0800: [GC concurrent-cleanup-start]
2021-01-21T02:00:50.401+0800: [GC concurrent-cleanup-end, 0.0000180 secs]
2021-01-21T02:00:50.446+0800: [GC pause (G1 Evacuation Pause) (young) (to-space exhausted), 0.0114281 secs]
   [Parallel Time: 9.8 ms, GC Workers: 13]
      [GC Worker Start (ms): Min: 464.6, Avg: 464.6, Max: 464.6, Diff: 0.1]
      [Ext Root Scanning (ms): Min: 0.0, Avg: 0.1, Max: 0.1, Diff: 0.1, Sum: 1.0]
      [Update RS (ms): Min: 0.1, Avg: 0.2, Max: 1.4, Diff: 1.3, Sum: 3.0]
         [Processed Buffers: Min: 0, Avg: 1.8, Max: 2, Diff: 2, Sum: 24]
      [Scan RS (ms): Min: 0.0, Avg: 0.0, Max: 0.1, Diff: 0.1, Sum: 0.3]
      [Code Root Scanning (ms): Min: 0.0, Avg: 0.0, Max: 0.0, Diff: 0.0, Sum: 0.0]
      [Object Copy (ms): Min: 7.9, Avg: 9.1, Max: 9.3, Diff: 1.4, Sum: 118.1]
      [Termination (ms): Min: 0.0, Avg: 0.1, Max: 0.1, Diff: 0.1, Sum: 1.1]
         [Termination Attempts: Min: 1, Avg: 1.0, Max: 1, Diff: 0, Sum: 13]
      [GC Worker Other (ms): Min: 0.0, Avg: 0.0, Max: 0.1, Diff: 0.1, Sum: 0.4]
      [GC Worker Total (ms): Min: 9.5, Avg: 9.5, Max: 9.6, Diff: 0.1, Sum: 124.0]
      [GC Worker End (ms): Min: 474.1, Avg: 474.1, Max: 474.2, Diff: 0.1]
   [Code Root Fixup: 0.0 ms]
   [Code Root Purge: 0.0 ms]
   [Clear CT: 0.7 ms]
   [Other: 1.0 ms]
      [Evacuation Failure: 0.4 ms]
      [Choose CSet: 0.0 ms]
      [Ref Proc: 0.2 ms]
      [Ref Enq: 0.0 ms]
      [Redirty Cards: 0.1 ms]
      [Humongous Register: 0.1 ms]
      [Humongous Reclaim: 0.1 ms]
      [Free CSet: 0.1 ms]
   [Eden: 315.0M(315.0M)->0.0B(8192.0K) Survivors: 43.0M->45.0M Heap: 813.6M(1024.0M)->509.8M(1024.0M)]
 [Times: user=0.01 sys=0.19, real=0.01 secs] 
2021-01-21T02:00:50.459+0800: [GC pause (G1 Evacuation Pause) (mixed), 0.0069563 secs]
   [Parallel Time: 6.0 ms, GC Workers: 13]
      [GC Worker Start (ms): Min: 477.0, Avg: 477.0, Max: 477.0, Diff: 0.0]
      [Ext Root Scanning (ms): Min: 0.1, Avg: 0.1, Max: 0.1, Diff: 0.0, Sum: 1.1]
      [Update RS (ms): Min: 0.1, Avg: 0.1, Max: 0.1, Diff: 0.0, Sum: 1.4]
         [Processed Buffers: Min: 2, Avg: 2.5, Max: 3, Diff: 1, Sum: 32]
      [Scan RS (ms): Min: 0.0, Avg: 0.0, Max: 0.0, Diff: 0.0, Sum: 0.3]
      [Code Root Scanning (ms): Min: 0.0, Avg: 0.0, Max: 0.0, Diff: 0.0, Sum: 0.0]
      [Object Copy (ms): Min: 5.2, Avg: 5.3, Max: 5.3, Diff: 0.1, Sum: 68.7]
      [Termination (ms): Min: 0.0, Avg: 0.0, Max: 0.1, Diff: 0.1, Sum: 0.6]
         [Termination Attempts: Min: 1, Avg: 1.0, Max: 1, Diff: 0, Sum: 13]
      [GC Worker Other (ms): Min: 0.0, Avg: 0.0, Max: 0.0, Diff: 0.0, Sum: 0.1]
      [GC Worker Total (ms): Min: 5.5, Avg: 5.6, Max: 5.6, Diff: 0.0, Sum: 72.2]
      [GC Worker End (ms): Min: 482.6, Avg: 482.6, Max: 482.6, Diff: 0.0]
   [Code Root Fixup: 0.0 ms]
   [Code Root Purge: 0.0 ms]
   [Clear CT: 0.1 ms]
   [Other: 0.8 ms]
      [Choose CSet: 0.0 ms]
      [Ref Proc: 0.4 ms]
      [Ref Enq: 0.0 ms]
      [Redirty Cards: 0.1 ms]
      [Humongous Register: 0.1 ms]
      [Humongous Reclaim: 0.0 ms]
      [Free CSet: 0.1 ms]
   [Eden: 8192.0K(8192.0K)->0.0B(318.0M) Survivors: 45.0M->4096.0K Heap: 519.9M(1024.0M)->430.8M(1024.0M)]
 [Times: user=0.00 sys=0.00, real=0.01 secs] 
2021-01-21T02:00:50.466+0800: [GC pause (G1 Humongous Allocation) (young) (initial-mark), 0.0009525 secs]
   [Parallel Time: 0.5 ms, GC Workers: 13]
      [GC Worker Start (ms): Min: 484.4, Avg: 484.4, Max: 484.5, Diff: 0.0]
      [Ext Root Scanning (ms): Min: 0.1, Avg: 0.1, Max: 0.1, Diff: 0.0, Sum: 1.1]
      [Update RS (ms): Min: 0.0, Avg: 0.1, Max: 0.3, Diff: 0.3, Sum: 1.2]
         [Processed Buffers: Min: 1, Avg: 1.1, Max: 2, Diff: 1, Sum: 14]
      [Scan RS (ms): Min: 0.0, Avg: 0.0, Max: 0.0, Diff: 0.0, Sum: 0.0]
      [Code Root Scanning (ms): Min: 0.0, Avg: 0.0, Max: 0.0, Diff: 0.0, Sum: 0.0]
      [Object Copy (ms): Min: 0.0, Avg: 0.2, Max: 0.3, Diff: 0.3, Sum: 2.2]
      [Termination (ms): Min: 0.0, Avg: 0.0, Max: 0.1, Diff: 0.1, Sum: 0.5]
         [Termination Attempts: Min: 1, Avg: 1.0, Max: 1, Diff: 0, Sum: 13]
      [GC Worker Other (ms): Min: 0.0, Avg: 0.0, Max: 0.0, Diff: 0.0, Sum: 0.1]
      [GC Worker Total (ms): Min: 0.4, Avg: 0.4, Max: 0.4, Diff: 0.0, Sum: 5.0]
      [GC Worker End (ms): Min: 484.8, Avg: 484.8, Max: 484.8, Diff: 0.0]
   [Code Root Fixup: 0.0 ms]
   [Code Root Purge: 0.0 ms]
   [Clear CT: 0.1 ms]
   [Other: 0.4 ms]
      [Choose CSet: 0.0 ms]
      [Ref Proc: 0.1 ms]
      [Ref Enq: 0.0 ms]
      [Redirty Cards: 0.1 ms]
      [Humongous Register: 0.1 ms]
      [Humongous Reclaim: 0.0 ms]
      [Free CSet: 0.0 ms]
   [Eden: 4096.0K(318.0M)->0.0B(336.0M) Survivors: 4096.0K->4096.0K Heap: 434.3M(1024.0M)->431.5M(1024.0M)]
 [Times: user=0.00 sys=0.00, real=0.00 secs] 
2021-01-21T02:00:50.467+0800: [GC concurrent-root-region-scan-start]
2021-01-21T02:00:50.467+0800: [GC concurrent-root-region-scan-end, 0.0000643 secs]
2021-01-21T02:00:50.467+0800: [GC concurrent-mark-start]
2021-01-21T02:00:50.468+0800: [GC concurrent-mark-end, 0.0009918 secs]
2021-01-21T02:00:50.468+0800: [GC remark 2021-01-21T02:00:50.468+0800: [Finalize Marking, 0.0000847 secs] 2021-01-21T02:00:50.468+0800: [GC ref-proc, 0.0001438 secs] 2021-01-21T02:00:50.469+0800: [Unloading, 0.0003320 secs], 0.0010113 secs]
 [Times: user=0.02 sys=0.00, real=0.00 secs] 
2021-01-21T02:00:50.469+0800: [GC cleanup 443M->436M(1024M), 0.0006063 secs]
 [Times: user=0.00 sys=0.00, real=0.00 secs] 
2021-01-21T02:00:50.470+0800: [GC concurrent-cleanup-start]
2021-01-21T02:00:50.470+0800: [GC concurrent-cleanup-end, 0.0000121 secs]
2021-01-21T02:00:50.510+0800: [GC pause (G1 Evacuation Pause) (young), 0.0102384 secs]
   [Parallel Time: 8.4 ms, GC Workers: 13]
      [GC Worker Start (ms): Min: 528.3, Avg: 528.4, Max: 528.4, Diff: 0.1]
      [Ext Root Scanning (ms): Min: 0.0, Avg: 0.1, Max: 0.1, Diff: 0.1, Sum: 0.7]
      [Update RS (ms): Min: 0.2, Avg: 0.3, Max: 1.0, Diff: 0.8, Sum: 3.4]
         [Processed Buffers: Min: 0, Avg: 2.9, Max: 4, Diff: 4, Sum: 38]
      [Scan RS (ms): Min: 0.0, Avg: 0.0, Max: 0.0, Diff: 0.0, Sum: 0.2]
      [Code Root Scanning (ms): Min: 0.0, Avg: 0.0, Max: 0.0, Diff: 0.0, Sum: 0.0]
      [Object Copy (ms): Min: 7.1, Avg: 7.8, Max: 7.9, Diff: 0.9, Sum: 101.8]
      [Termination (ms): Min: 0.0, Avg: 0.1, Max: 0.1, Diff: 0.1, Sum: 0.8]
         [Termination Attempts: Min: 1, Avg: 1.6, Max: 2, Diff: 1, Sum: 21]
      [GC Worker Other (ms): Min: 0.0, Avg: 0.0, Max: 0.1, Diff: 0.0, Sum: 0.3]
      [GC Worker Total (ms): Min: 8.2, Avg: 8.2, Max: 8.3, Diff: 0.1, Sum: 107.2]
      [GC Worker End (ms): Min: 536.6, Avg: 536.6, Max: 536.6, Diff: 0.0]
   [Code Root Fixup: 0.0 ms]
   [Code Root Purge: 0.0 ms]
   [Clear CT: 0.6 ms]
   [Other: 1.3 ms]
      [Choose CSet: 0.0 ms]
      [Ref Proc: 0.5 ms]
      [Ref Enq: 0.0 ms]
      [Redirty Cards: 0.4 ms]
      [Humongous Register: 0.1 ms]
      [Humongous Reclaim: 0.1 ms]
      [Free CSet: 0.1 ms]
   [Eden: 336.0M(336.0M)->0.0B(8192.0K) Survivors: 4096.0K->43.0M Heap: 831.8M(1024.0M)->511.8M(1024.0M)]
 [Times: user=0.20 sys=0.00, real=0.01 secs] 
2021-01-21T02:00:50.521+0800: [GC pause (G1 Evacuation Pause) (mixed), 0.0073219 secs]
   [Parallel Time: 6.3 ms, GC Workers: 13]
      [GC Worker Start (ms): Min: 539.6, Avg: 539.7, Max: 539.7, Diff: 0.1]
      [Ext Root Scanning (ms): Min: 0.0, Avg: 0.0, Max: 0.1, Diff: 0.1, Sum: 0.6]
      [Update RS (ms): Min: 0.1, Avg: 0.1, Max: 0.1, Diff: 0.0, Sum: 1.4]
         [Processed Buffers: Min: 2, Avg: 2.3, Max: 3, Diff: 1, Sum: 30]
      [Scan RS (ms): Min: 0.0, Avg: 0.0, Max: 0.0, Diff: 0.0, Sum: 0.2]
      [Code Root Scanning (ms): Min: 0.0, Avg: 0.0, Max: 0.0, Diff: 0.0, Sum: 0.0]
      [Object Copy (ms): Min: 5.5, Avg: 5.5, Max: 5.6, Diff: 0.1, Sum: 72.0]
      [Termination (ms): Min: 0.0, Avg: 0.0, Max: 0.1, Diff: 0.1, Sum: 0.4]
         [Termination Attempts: Min: 1, Avg: 1.0, Max: 1, Diff: 0, Sum: 13]
      [GC Worker Other (ms): Min: 0.0, Avg: 0.0, Max: 0.0, Diff: 0.0, Sum: 0.1]
      [GC Worker Total (ms): Min: 5.7, Avg: 5.7, Max: 5.8, Diff: 0.1, Sum: 74.7]
      [GC Worker End (ms): Min: 545.4, Avg: 545.4, Max: 545.4, Diff: 0.0]
   [Code Root Fixup: 0.0 ms]
   [Code Root Purge: 0.0 ms]
   [Clear CT: 0.4 ms]
   [Other: 0.6 ms]
      [Choose CSet: 0.0 ms]
      [Ref Proc: 0.3 ms]
      [Ref Enq: 0.0 ms]
      [Redirty Cards: 0.1 ms]
      [Humongous Register: 0.1 ms]
      [Humongous Reclaim: 0.0 ms]
      [Free CSet: 0.1 ms]
   [Eden: 8192.0K(8192.0K)->0.0B(319.0M) Survivors: 43.0M->3072.0K Heap: 521.8M(1024.0M)->453.8M(1024.0M)]
 [Times: user=0.00 sys=0.00, real=0.01 secs] 
2021-01-21T02:00:50.530+0800: [GC pause (G1 Humongous Allocation) (young) (initial-mark), 0.0008902 secs]
   [Parallel Time: 0.5 ms, GC Workers: 13]
      [GC Worker Start (ms): Min: 547.6, Avg: 547.6, Max: 547.6, Diff: 0.0]
      [Ext Root Scanning (ms): Min: 0.1, Avg: 0.1, Max: 0.1, Diff: 0.0, Sum: 1.1]
      [Update RS (ms): Min: 0.0, Avg: 0.1, Max: 0.2, Diff: 0.2, Sum: 0.7]
         [Processed Buffers: Min: 1, Avg: 1.1, Max: 2, Diff: 1, Sum: 14]
      [Scan RS (ms): Min: 0.0, Avg: 0.0, Max: 0.0, Diff: 0.0, Sum: 0.0]
      [Code Root Scanning (ms): Min: 0.0, Avg: 0.0, Max: 0.0, Diff: 0.0, Sum: 0.0]
      [Object Copy (ms): Min: 0.0, Avg: 0.2, Max: 0.3, Diff: 0.3, Sum: 2.2]
      [Termination (ms): Min: 0.0, Avg: 0.1, Max: 0.1, Diff: 0.1, Sum: 1.2]
         [Termination Attempts: Min: 1, Avg: 2.0, Max: 3, Diff: 2, Sum: 26]
      [GC Worker Other (ms): Min: 0.0, Avg: 0.0, Max: 0.0, Diff: 0.0, Sum: 0.1]
      [GC Worker Total (ms): Min: 0.4, Avg: 0.4, Max: 0.4, Diff: 0.0, Sum: 5.2]
      [GC Worker End (ms): Min: 548.0, Avg: 548.0, Max: 548.0, Diff: 0.0]
   [Code Root Fixup: 0.0 ms]
   [Code Root Purge: 0.0 ms]
   [Clear CT: 0.1 ms]
   [Other: 0.3 ms]
      [Choose CSet: 0.0 ms]
      [Ref Proc: 0.1 ms]
      [Ref Enq: 0.0 ms]
      [Redirty Cards: 0.1 ms]
      [Humongous Register: 0.1 ms]
      [Humongous Reclaim: 0.0 ms]
      [Free CSet: 0.0 ms]
   [Eden: 5120.0K(319.0M)->0.0B(295.0M) Survivors: 3072.0K->4096.0K Heap: 458.6M(1024.0M)->454.5M(1024.0M)]
 [Times: user=0.00 sys=0.00, real=0.00 secs] 
2021-01-21T02:00:50.531+0800: [GC concurrent-root-region-scan-start]
2021-01-21T02:00:50.531+0800: [GC concurrent-root-region-scan-end, 0.0000717 secs]
2021-01-21T02:00:50.531+0800: [GC concurrent-mark-start]
2021-01-21T02:00:50.532+0800: [GC concurrent-mark-end, 0.0010835 secs]
2021-01-21T02:00:50.532+0800: [GC remark 2021-01-21T02:00:50.532+0800: [Finalize Marking, 0.0001016 secs] 2021-01-21T02:00:50.532+0800: [GC ref-proc, 0.0001423 secs] 2021-01-21T02:00:50.532+0800: [Unloading, 0.0003197 secs], 0.0009422 secs]
 [Times: user=0.00 sys=0.00, real=0.00 secs] 
2021-01-21T02:00:50.533+0800: [GC cleanup 467M->462M(1024M), 0.0005035 secs]
 [Times: user=0.00 sys=0.00, real=0.00 secs] 
2021-01-21T02:00:50.534+0800: [GC concurrent-cleanup-start]
2021-01-21T02:00:50.534+0800: [GC concurrent-cleanup-end, 0.0000113 secs]
2021-01-21T02:00:50.569+0800: [GC pause (G1 Evacuation Pause) (young), 0.0091686 secs]
   [Parallel Time: 7.8 ms, GC Workers: 13]
      [GC Worker Start (ms): Min: 587.0, Avg: 587.0, Max: 587.1, Diff: 0.1]
      [Ext Root Scanning (ms): Min: 0.0, Avg: 0.1, Max: 0.1, Diff: 0.1, Sum: 1.0]
      [Update RS (ms): Min: 0.2, Avg: 0.3, Max: 1.0, Diff: 0.8, Sum: 3.5]
         [Processed Buffers: Min: 0, Avg: 2.9, Max: 4, Diff: 4, Sum: 38]
      [Scan RS (ms): Min: 0.0, Avg: 0.0, Max: 0.0, Diff: 0.0, Sum: 0.2]
      [Code Root Scanning (ms): Min: 0.0, Avg: 0.0, Max: 0.0, Diff: 0.0, Sum: 0.0]
      [Object Copy (ms): Min: 6.2, Avg: 6.9, Max: 7.1, Diff: 0.9, Sum: 90.0]
      [Termination (ms): Min: 0.0, Avg: 0.1, Max: 0.2, Diff: 0.2, Sum: 1.2]
         [Termination Attempts: Min: 1, Avg: 1.0, Max: 1, Diff: 0, Sum: 13]
      [GC Worker Other (ms): Min: 0.0, Avg: 0.0, Max: 0.1, Diff: 0.1, Sum: 0.6]
      [GC Worker Total (ms): Min: 7.4, Avg: 7.4, Max: 7.5, Diff: 0.1, Sum: 96.4]
      [GC Worker End (ms): Min: 594.4, Avg: 594.5, Max: 594.5, Diff: 0.1]
   [Code Root Fixup: 0.0 ms]
   [Code Root Purge: 0.0 ms]
   [Clear CT: 0.2 ms]
   [Other: 1.1 ms]
      [Choose CSet: 0.0 ms]
      [Ref Proc: 0.3 ms]
      [Ref Enq: 0.0 ms]
      [Redirty Cards: 0.3 ms]
      [Humongous Register: 0.1 ms]
      [Humongous Reclaim: 0.1 ms]
      [Free CSet: 0.1 ms]
   [Eden: 295.0M(295.0M)->0.0B(13.0M) Survivors: 4096.0K->38.0M Heap: 815.3M(1024.0M)->528.0M(1024.0M)]
 [Times: user=0.00 sys=0.00, real=0.01 secs] 
2021-01-21T02:00:50.579+0800: [GC pause (G1 Evacuation Pause) (mixed), 0.0071970 secs]
   [Parallel Time: 6.2 ms, GC Workers: 13]
      [GC Worker Start (ms): Min: 598.0, Avg: 598.0, Max: 598.0, Diff: 0.1]
      [Ext Root Scanning (ms): Min: 0.0, Avg: 0.1, Max: 0.1, Diff: 0.1, Sum: 0.9]
      [Update RS (ms): Min: 0.1, Avg: 0.1, Max: 0.2, Diff: 0.0, Sum: 1.9]
         [Processed Buffers: Min: 2, Avg: 2.9, Max: 4, Diff: 2, Sum: 38]
      [Scan RS (ms): Min: 0.0, Avg: 0.0, Max: 0.2, Diff: 0.2, Sum: 0.6]
      [Code Root Scanning (ms): Min: 0.0, Avg: 0.0, Max: 0.0, Diff: 0.0, Sum: 0.0]
      [Object Copy (ms): Min: 5.5, Avg: 5.6, Max: 5.7, Diff: 0.2, Sum: 73.4]
      [Termination (ms): Min: 0.0, Avg: 0.1, Max: 0.1, Diff: 0.1, Sum: 0.7]
         [Termination Attempts: Min: 1, Avg: 1.0, Max: 1, Diff: 0, Sum: 13]
      [GC Worker Other (ms): Min: 0.0, Avg: 0.0, Max: 0.0, Diff: 0.0, Sum: 0.1]
      [GC Worker Total (ms): Min: 5.9, Avg: 6.0, Max: 6.0, Diff: 0.1, Sum: 77.6]
      [GC Worker End (ms): Min: 604.0, Avg: 604.0, Max: 604.0, Diff: 0.0]
   [Code Root Fixup: 0.0 ms]
   [Code Root Purge: 0.0 ms]
   [Clear CT: 0.2 ms]
   [Other: 0.8 ms]
      [Choose CSet: 0.0 ms]
      [Ref Proc: 0.3 ms]
      [Ref Enq: 0.0 ms]
      [Redirty Cards: 0.1 ms]
      [Humongous Register: 0.1 ms]
      [Humongous Reclaim: 0.0 ms]
      [Free CSet: 0.1 ms]
   [Eden: 13.0M(13.0M)->0.0B(46.0M) Survivors: 38.0M->5120.0K Heap: 544.0M(1024.0M)->456.8M(1024.0M)]
 [Times: user=0.00 sys=0.00, real=0.01 secs] 
2021-01-21T02:00:50.593+0800: [GC pause (G1 Evacuation Pause) (mixed), 0.0028703 secs]
   [Parallel Time: 2.3 ms, GC Workers: 13]
      [GC Worker Start (ms): Min: 611.6, Avg: 611.6, Max: 611.6, Diff: 0.1]
      [Ext Root Scanning (ms): Min: 0.0, Avg: 0.1, Max: 0.1, Diff: 0.1, Sum: 0.9]
      [Update RS (ms): Min: 0.2, Avg: 0.3, Max: 0.6, Diff: 0.4, Sum: 3.5]
         [Processed Buffers: Min: 0, Avg: 3.4, Max: 4, Diff: 4, Sum: 44]
      [Scan RS (ms): Min: 0.0, Avg: 0.0, Max: 0.0, Diff: 0.0, Sum: 0.1]
      [Code Root Scanning (ms): Min: 0.0, Avg: 0.0, Max: 0.0, Diff: 0.0, Sum: 0.0]
      [Object Copy (ms): Min: 1.3, Avg: 1.6, Max: 1.8, Diff: 0.4, Sum: 21.4]
      [Termination (ms): Min: 0.0, Avg: 0.1, Max: 0.2, Diff: 0.2, Sum: 0.9]
         [Termination Attempts: Min: 1, Avg: 1.0, Max: 1, Diff: 0, Sum: 13]
      [GC Worker Other (ms): Min: 0.0, Avg: 0.0, Max: 0.0, Diff: 0.0, Sum: 0.1]
      [GC Worker Total (ms): Min: 2.0, Avg: 2.1, Max: 2.1, Diff: 0.1, Sum: 26.8]
      [GC Worker End (ms): Min: 613.7, Avg: 613.7, Max: 613.7, Diff: 0.0]
   [Code Root Fixup: 0.0 ms]
   [Code Root Purge: 0.0 ms]
   [Clear CT: 0.1 ms]
   [Other: 0.5 ms]
      [Choose CSet: 0.0 ms]
      [Ref Proc: 0.2 ms]
      [Ref Enq: 0.0 ms]
      [Redirty Cards: 0.1 ms]
      [Humongous Register: 0.1 ms]
      [Humongous Reclaim: 0.0 ms]
      [Free CSet: 0.0 ms]
   [Eden: 46.0M(46.0M)->0.0B(289.0M) Survivors: 5120.0K->7168.0K Heap: 515.4M(1024.0M)->470.0M(1024.0M)]
 [Times: user=0.20 sys=0.00, real=0.00 secs] 
2021-01-21T02:00:50.597+0800: [GC pause (G1 Humongous Allocation) (young) (initial-mark), 0.0012423 secs]
   [Parallel Time: 0.8 ms, GC Workers: 13]
      [GC Worker Start (ms): Min: 615.0, Avg: 615.0, Max: 615.1, Diff: 0.0]
      [Ext Root Scanning (ms): Min: 0.1, Avg: 0.1, Max: 0.1, Diff: 0.0, Sum: 1.1]
      [Update RS (ms): Min: 0.0, Avg: 0.0, Max: 0.2, Diff: 0.2, Sum: 0.6]
         [Processed Buffers: Min: 0, Avg: 1.1, Max: 2, Diff: 2, Sum: 14]
      [Scan RS (ms): Min: 0.0, Avg: 0.0, Max: 0.0, Diff: 0.0, Sum: 0.0]
      [Code Root Scanning (ms): Min: 0.0, Avg: 0.0, Max: 0.0, Diff: 0.0, Sum: 0.0]
      [Object Copy (ms): Min: 0.4, Avg: 0.6, Max: 0.6, Diff: 0.2, Sum: 7.4]
      [Termination (ms): Min: 0.0, Avg: 0.0, Max: 0.1, Diff: 0.1, Sum: 0.5]
         [Termination Attempts: Min: 1, Avg: 1.0, Max: 1, Diff: 0, Sum: 13]
      [GC Worker Other (ms): Min: 0.0, Avg: 0.0, Max: 0.0, Diff: 0.0, Sum: 0.1]
      [GC Worker Total (ms): Min: 0.7, Avg: 0.7, Max: 0.8, Diff: 0.0, Sum: 9.6]
      [GC Worker End (ms): Min: 615.8, Avg: 615.8, Max: 615.8, Diff: 0.0]
   [Code Root Fixup: 0.0 ms]
   [Code Root Purge: 0.0 ms]
   [Clear CT: 0.1 ms]
   [Other: 0.3 ms]
      [Choose CSet: 0.0 ms]
      [Ref Proc: 0.1 ms]
      [Ref Enq: 0.0 ms]
      [Redirty Cards: 0.1 ms]
      [Humongous Register: 0.1 ms]
      [Humongous Reclaim: 0.0 ms]
      [Free CSet: 0.0 ms]
   [Eden: 4096.0K(289.0M)->0.0B(298.0M) Survivors: 7168.0K->8192.0K Heap: 474.0M(1024.0M)->470.6M(1024.0M)]
 [Times: user=0.00 sys=0.00, real=0.00 secs] 
2021-01-21T02:00:50.598+0800: [GC concurrent-root-region-scan-start]
2021-01-21T02:00:50.598+0800: [GC concurrent-root-region-scan-end, 0.0000821 secs]
2021-01-21T02:00:50.598+0800: [GC concurrent-mark-start]
2021-01-21T02:00:50.599+0800: [GC concurrent-mark-end, 0.0010642 secs]
2021-01-21T02:00:50.599+0800: [GC remark 2021-01-21T02:00:50.599+0800: [Finalize Marking, 0.0000717 secs] 2021-01-21T02:00:50.599+0800: [GC ref-proc, 0.0001463 secs] 2021-01-21T02:00:50.600+0800: [Unloading, 0.0002949 secs], 0.0008867 secs]
 [Times: user=0.00 sys=0.00, real=0.00 secs] 
2021-01-21T02:00:50.600+0800: [GC cleanup 486M->483M(1024M), 0.0005867 secs]
 [Times: user=0.00 sys=0.00, real=0.00 secs] 
2021-01-21T02:00:50.601+0800: [GC concurrent-cleanup-start]
2021-01-21T02:00:50.601+0800: [GC concurrent-cleanup-end, 0.0000104 secs]
2021-01-21T02:00:50.637+0800: [GC pause (G1 Evacuation Pause) (young) (to-space exhausted), 0.0088287 secs]
   [Parallel Time: 7.2 ms, GC Workers: 13]
      [GC Worker Start (ms): Min: 655.4, Avg: 655.4, Max: 655.5, Diff: 0.1]
      [Ext Root Scanning (ms): Min: 0.0, Avg: 0.1, Max: 0.1, Diff: 0.1, Sum: 1.0]
      [Update RS (ms): Min: 0.3, Avg: 0.3, Max: 0.8, Diff: 0.5, Sum: 4.2]
         [Processed Buffers: Min: 0, Avg: 3.9, Max: 5, Diff: 5, Sum: 51]
      [Scan RS (ms): Min: 0.0, Avg: 0.0, Max: 0.0, Diff: 0.0, Sum: 0.2]
      [Code Root Scanning (ms): Min: 0.0, Avg: 0.0, Max: 0.0, Diff: 0.0, Sum: 0.0]
      [Object Copy (ms): Min: 5.7, Avg: 6.1, Max: 6.2, Diff: 0.5, Sum: 79.6]
      [Termination (ms): Min: 0.0, Avg: 0.0, Max: 0.1, Diff: 0.1, Sum: 0.5]
         [Termination Attempts: Min: 1, Avg: 1.3, Max: 2, Diff: 1, Sum: 17]
      [GC Worker Other (ms): Min: 0.0, Avg: 0.0, Max: 0.2, Diff: 0.2, Sum: 0.5]
      [GC Worker Total (ms): Min: 6.5, Avg: 6.6, Max: 6.8, Diff: 0.2, Sum: 86.0]
      [GC Worker End (ms): Min: 662.0, Avg: 662.0, Max: 662.2, Diff: 0.2]
   [Code Root Fixup: 0.0 ms]
   [Code Root Purge: 0.0 ms]
   [Clear CT: 0.4 ms]
   [Other: 1.3 ms]
      [Evacuation Failure: 0.3 ms]
      [Choose CSet: 0.0 ms]
      [Ref Proc: 0.5 ms]
      [Ref Enq: 0.0 ms]
      [Redirty Cards: 0.2 ms]
      [Humongous Register: 0.1 ms]
      [Humongous Reclaim: 0.1 ms]
      [Free CSet: 0.1 ms]
   [Eden: 298.0M(298.0M)->0.0B(12.0M) Survivors: 8192.0K->39.0M Heap: 846.2M(1024.0M)->615.5M(1024.0M)]
 [Times: user=0.20 sys=0.00, real=0.01 secs] 
2021-01-21T02:00:50.647+0800: [GC pause (G1 Evacuation Pause) (mixed), 0.0066762 secs]
   [Parallel Time: 6.0 ms, GC Workers: 13]
      [GC Worker Start (ms): Min: 665.7, Avg: 665.7, Max: 665.7, Diff: 0.0]
      [Ext Root Scanning (ms): Min: 0.1, Avg: 0.1, Max: 0.1, Diff: 0.0, Sum: 1.1]
      [Update RS (ms): Min: 0.2, Avg: 0.2, Max: 0.2, Diff: 0.0, Sum: 2.7]
         [Processed Buffers: Min: 3, Avg: 3.7, Max: 5, Diff: 2, Sum: 48]
      [Scan RS (ms): Min: 0.0, Avg: 0.0, Max: 0.0, Diff: 0.0, Sum: 0.2]
      [Code Root Scanning (ms): Min: 0.0, Avg: 0.0, Max: 0.0, Diff: 0.0, Sum: 0.0]
      [Object Copy (ms): Min: 5.4, Avg: 5.5, Max: 5.5, Diff: 0.1, Sum: 70.9]
      [Termination (ms): Min: 0.0, Avg: 0.0, Max: 0.1, Diff: 0.1, Sum: 0.6]
         [Termination Attempts: Min: 1, Avg: 1.0, Max: 1, Diff: 0, Sum: 13]
      [GC Worker Other (ms): Min: 0.0, Avg: 0.0, Max: 0.0, Diff: 0.0, Sum: 0.1]
      [GC Worker Total (ms): Min: 5.8, Avg: 5.8, Max: 5.8, Diff: 0.1, Sum: 75.5]
      [GC Worker End (ms): Min: 671.5, Avg: 671.5, Max: 671.5, Diff: 0.0]
   [Code Root Fixup: 0.0 ms]
   [Code Root Purge: 0.0 ms]
   [Clear CT: 0.1 ms]
   [Other: 0.6 ms]
      [Choose CSet: 0.0 ms]
      [Ref Proc: 0.2 ms]
      [Ref Enq: 0.0 ms]
      [Redirty Cards: 0.1 ms]
      [Humongous Register: 0.1 ms]
      [Humongous Reclaim: 0.0 ms]
      [Free CSet: 0.1 ms]
   [Eden: 12.0M(12.0M)->0.0B(45.0M) Survivors: 39.0M->6144.0K Heap: 631.6M(1024.0M)->543.5M(1024.0M)]
 [Times: user=0.00 sys=0.00, real=0.01 secs] 
2021-01-21T02:00:50.660+0800: [GC pause (G1 Evacuation Pause) (mixed), 0.0035428 secs]
   [Parallel Time: 3.0 ms, GC Workers: 13]
      [GC Worker Start (ms): Min: 678.1, Avg: 678.1, Max: 678.1, Diff: 0.1]
      [Ext Root Scanning (ms): Min: 0.0, Avg: 0.1, Max: 0.1, Diff: 0.1, Sum: 1.0]
      [Update RS (ms): Min: 0.2, Avg: 0.3, Max: 0.5, Diff: 0.2, Sum: 3.7]
         [Processed Buffers: Min: 0, Avg: 3.8, Max: 5, Diff: 5, Sum: 49]
      [Scan RS (ms): Min: 0.0, Avg: 0.0, Max: 0.0, Diff: 0.0, Sum: 0.1]
      [Code Root Scanning (ms): Min: 0.0, Avg: 0.0, Max: 0.0, Diff: 0.0, Sum: 0.0]
      [Object Copy (ms): Min: 2.1, Avg: 2.2, Max: 2.3, Diff: 0.3, Sum: 28.9]
      [Termination (ms): Min: 0.0, Avg: 0.1, Max: 0.2, Diff: 0.2, Sum: 1.0]
         [Termination Attempts: Min: 1, Avg: 1.0, Max: 1, Diff: 0, Sum: 13]
      [GC Worker Other (ms): Min: 0.0, Avg: 0.0, Max: 0.0, Diff: 0.0, Sum: 0.1]
      [GC Worker Total (ms): Min: 2.6, Avg: 2.7, Max: 2.7, Diff: 0.1, Sum: 34.8]
      [GC Worker End (ms): Min: 680.8, Avg: 680.8, Max: 680.8, Diff: 0.0]
   [Code Root Fixup: 0.0 ms]
   [Code Root Purge: 0.0 ms]
   [Clear CT: 0.1 ms]
   [Other: 0.5 ms]
      [Choose CSet: 0.0 ms]
      [Ref Proc: 0.2 ms]
      [Ref Enq: 0.0 ms]
      [Redirty Cards: 0.1 ms]
      [Humongous Register: 0.1 ms]
      [Humongous Reclaim: 0.0 ms]
      [Free CSet: 0.0 ms]
   [Eden: 45.0M(45.0M)->0.0B(239.0M) Survivors: 6144.0K->7168.0K Heap: 597.4M(1024.0M)->544.0M(1024.0M)]
 [Times: user=0.00 sys=0.00, real=0.00 secs] 
2021-01-21T02:00:50.664+0800: [GC pause (G1 Humongous Allocation) (young) (initial-mark), 0.0011771 secs]
   [Parallel Time: 0.8 ms, GC Workers: 13]
      [GC Worker Start (ms): Min: 681.8, Avg: 681.8, Max: 681.8, Diff: 0.0]
      [Ext Root Scanning (ms): Min: 0.1, Avg: 0.1, Max: 0.1, Diff: 0.0, Sum: 1.0]
      [Update RS (ms): Min: 0.0, Avg: 0.0, Max: 0.1, Diff: 0.1, Sum: 0.6]
         [Processed Buffers: Min: 0, Avg: 1.0, Max: 2, Diff: 2, Sum: 13]
      [Scan RS (ms): Min: 0.0, Avg: 0.0, Max: 0.0, Diff: 0.0, Sum: 0.0]
      [Code Root Scanning (ms): Min: 0.0, Avg: 0.0, Max: 0.0, Diff: 0.0, Sum: 0.0]
      [Object Copy (ms): Min: 0.4, Avg: 0.5, Max: 0.5, Diff: 0.1, Sum: 6.7]
      [Termination (ms): Min: 0.0, Avg: 0.0, Max: 0.1, Diff: 0.1, Sum: 0.6]
         [Termination Attempts: Min: 1, Avg: 1.0, Max: 1, Diff: 0, Sum: 13]
      [GC Worker Other (ms): Min: 0.0, Avg: 0.0, Max: 0.0, Diff: 0.0, Sum: 0.1]
      [GC Worker Total (ms): Min: 0.7, Avg: 0.7, Max: 0.7, Diff: 0.0, Sum: 8.9]
      [GC Worker End (ms): Min: 682.5, Avg: 682.5, Max: 682.5, Diff: 0.0]
   [Code Root Fixup: 0.0 ms]
   [Code Root Purge: 0.0 ms]
   [Clear CT: 0.1 ms]
   [Other: 0.3 ms]
      [Choose CSet: 0.0 ms]
      [Ref Proc: 0.1 ms]
      [Ref Enq: 0.0 ms]
      [Redirty Cards: 0.1 ms]
      [Humongous Register: 0.1 ms]
      [Humongous Reclaim: 0.0 ms]
      [Free CSet: 0.0 ms]
   [Eden: 1024.0K(239.0M)->0.0B(226.0M) Survivors: 7168.0K->8192.0K Heap: 544.8M(1024.0M)->544.8M(1024.0M)]
 [Times: user=0.00 sys=0.00, real=0.00 secs] 
2021-01-21T02:00:50.665+0800: [GC concurrent-root-region-scan-start]
2021-01-21T02:00:50.665+0800: [GC concurrent-root-region-scan-end, 0.0000707 secs]
2021-01-21T02:00:50.665+0800: [GC concurrent-mark-start]
2021-01-21T02:00:50.666+0800: [GC concurrent-mark-end, 0.0009957 secs]
2021-01-21T02:00:50.666+0800: [GC remark 2021-01-21T02:00:50.666+0800: [Finalize Marking, 0.0001026 secs] 2021-01-21T02:00:50.666+0800: [GC ref-proc, 0.0001412 secs] 2021-01-21T02:00:50.666+0800: [Unloading, 0.0002990 secs], 0.0009125 secs]
 [Times: user=0.00 sys=0.00, real=0.00 secs] 
2021-01-21T02:00:50.667+0800: [GC cleanup 555M->547M(1024M), 0.0004221 secs]
 [Times: user=0.00 sys=0.00, real=0.00 secs] 
2021-01-21T02:00:50.668+0800: [GC concurrent-cleanup-start]
2021-01-21T02:00:50.668+0800: [GC concurrent-cleanup-end, 0.0000133 secs]
2021-01-21T02:00:50.696+0800: [GC pause (G1 Evacuation Pause) (young), 0.0073791 secs]
   [Parallel Time: 6.4 ms, GC Workers: 13]
      [GC Worker Start (ms): Min: 714.3, Avg: 714.3, Max: 714.3, Diff: 0.1]
      [Ext Root Scanning (ms): Min: 0.0, Avg: 0.1, Max: 0.1, Diff: 0.1, Sum: 1.0]
      [Update RS (ms): Min: 0.3, Avg: 0.4, Max: 0.6, Diff: 0.3, Sum: 4.6]
         [Processed Buffers: Min: 0, Avg: 4.7, Max: 6, Diff: 6, Sum: 61]
      [Scan RS (ms): Min: 0.0, Avg: 0.0, Max: 0.0, Diff: 0.0, Sum: 0.1]
      [Code Root Scanning (ms): Min: 0.0, Avg: 0.0, Max: 0.0, Diff: 0.0, Sum: 0.0]
      [Object Copy (ms): Min: 5.4, Avg: 5.7, Max: 5.7, Diff: 0.3, Sum: 73.8]
      [Termination (ms): Min: 0.0, Avg: 0.0, Max: 0.1, Diff: 0.1, Sum: 0.6]
         [Termination Attempts: Min: 1, Avg: 1.0, Max: 1, Diff: 0, Sum: 13]
      [GC Worker Other (ms): Min: 0.0, Avg: 0.0, Max: 0.1, Diff: 0.1, Sum: 0.2]
      [GC Worker Total (ms): Min: 6.1, Avg: 6.2, Max: 6.2, Diff: 0.1, Sum: 80.3]
      [GC Worker End (ms): Min: 720.4, Avg: 720.5, Max: 720.5, Diff: 0.1]
   [Code Root Fixup: 0.0 ms]
   [Code Root Purge: 0.0 ms]
   [Clear CT: 0.4 ms]
   [Other: 0.6 ms]
      [Choose CSet: 0.0 ms]
      [Ref Proc: 0.2 ms]
      [Ref Enq: 0.0 ms]
      [Redirty Cards: 0.1 ms]
      [Humongous Register: 0.1 ms]
      [Humongous Reclaim: 0.1 ms]
      [Free CSet: 0.1 ms]
   [Eden: 226.0M(226.0M)->0.0B(21.0M) Survivors: 8192.0K->30.0M Heap: 836.3M(1024.0M)->608.4M(1024.0M)]
 [Times: user=0.00 sys=0.00, real=0.01 secs] 
2021-01-21T02:00:50.706+0800: [GC pause (G1 Evacuation Pause) (mixed), 0.0062524 secs]
   [Parallel Time: 5.5 ms, GC Workers: 13]
      [GC Worker Start (ms): Min: 724.2, Avg: 724.3, Max: 724.3, Diff: 0.1]
      [Ext Root Scanning (ms): Min: 0.1, Avg: 0.1, Max: 0.1, Diff: 0.1, Sum: 1.1]
      [Update RS (ms): Min: 0.2, Avg: 0.3, Max: 0.3, Diff: 0.1, Sum: 3.3]
         [Processed Buffers: Min: 3, Avg: 4.3, Max: 6, Diff: 3, Sum: 56]
      [Scan RS (ms): Min: 0.0, Avg: 0.0, Max: 0.0, Diff: 0.0, Sum: 0.2]
      [Code Root Scanning (ms): Min: 0.0, Avg: 0.0, Max: 0.0, Diff: 0.0, Sum: 0.0]
      [Object Copy (ms): Min: 4.5, Avg: 4.5, Max: 4.6, Diff: 0.1, Sum: 59.1]
      [Termination (ms): Min: 0.0, Avg: 0.1, Max: 0.1, Diff: 0.1, Sum: 0.7]
         [Termination Attempts: Min: 1, Avg: 1.2, Max: 4, Diff: 3, Sum: 16]
      [GC Worker Other (ms): Min: 0.0, Avg: 0.0, Max: 0.0, Diff: 0.0, Sum: 0.1]
      [GC Worker Total (ms): Min: 4.9, Avg: 5.0, Max: 5.0, Diff: 0.1, Sum: 64.4]
      [GC Worker End (ms): Min: 729.2, Avg: 729.2, Max: 729.2, Diff: 0.0]
   [Code Root Fixup: 0.0 ms]
   [Code Root Purge: 0.0 ms]
   [Clear CT: 0.1 ms]
   [Other: 0.7 ms]
      [Choose CSet: 0.0 ms]
      [Ref Proc: 0.2 ms]
      [Ref Enq: 0.0 ms]
      [Redirty Cards: 0.1 ms]
      [Humongous Register: 0.1 ms]
      [Humongous Reclaim: 0.0 ms]
      [Free CSet: 0.1 ms]
   [Eden: 21.0M(21.0M)->0.0B(44.0M) Survivors: 30.0M->7168.0K Heap: 634.5M(1024.0M)->528.0M(1024.0M)]
 [Times: user=0.00 sys=0.00, real=0.01 secs] 
2021-01-21T02:00:50.718+0800: [GC pause (G1 Evacuation Pause) (mixed), 0.0062960 secs]
   [Parallel Time: 5.4 ms, GC Workers: 13]
      [GC Worker Start (ms): Min: 736.1, Avg: 736.1, Max: 736.2, Diff: 0.1]
      [Ext Root Scanning (ms): Min: 0.0, Avg: 0.1, Max: 0.1, Diff: 0.1, Sum: 1.0]
      [Update RS (ms): Min: 0.5, Avg: 0.5, Max: 0.5, Diff: 0.0, Sum: 6.2]
         [Processed Buffers: Min: 3, Avg: 6.8, Max: 8, Diff: 5, Sum: 88]
      [Scan RS (ms): Min: 0.0, Avg: 0.0, Max: 0.1, Diff: 0.1, Sum: 0.4]
      [Code Root Scanning (ms): Min: 0.0, Avg: 0.0, Max: 0.0, Diff: 0.0, Sum: 0.0]
      [Object Copy (ms): Min: 4.4, Avg: 4.5, Max: 4.6, Diff: 0.1, Sum: 58.4]
      [Termination (ms): Min: 0.0, Avg: 0.1, Max: 0.1, Diff: 0.1, Sum: 0.8]
         [Termination Attempts: Min: 1, Avg: 1.0, Max: 1, Diff: 0, Sum: 13]
      [GC Worker Other (ms): Min: 0.0, Avg: 0.0, Max: 0.0, Diff: 0.0, Sum: 0.1]
      [GC Worker Total (ms): Min: 5.1, Avg: 5.2, Max: 5.2, Diff: 0.1, Sum: 67.0]
      [GC Worker End (ms): Min: 741.3, Avg: 741.3, Max: 741.3, Diff: 0.0]
   [Code Root Fixup: 0.0 ms]
   [Code Root Purge: 0.0 ms]
   [Clear CT: 0.1 ms]
   [Other: 0.8 ms]
      [Choose CSet: 0.0 ms]
      [Ref Proc: 0.2 ms]
      [Ref Enq: 0.0 ms]
      [Redirty Cards: 0.2 ms]
      [Humongous Register: 0.1 ms]
      [Humongous Reclaim: 0.0 ms]
      [Free CSet: 0.1 ms]
   [Eden: 44.0M(44.0M)->0.0B(267.0M) Survivors: 7168.0K->7168.0K Heap: 586.5M(1024.0M)->488.3M(1024.0M)]
 [Times: user=0.19 sys=0.00, real=0.01 secs] 
2021-01-21T02:00:50.724+0800: [GC pause (G1 Humongous Allocation) (young) (initial-mark), 0.0012903 secs]
   [Parallel Time: 0.8 ms, GC Workers: 13]
      [GC Worker Start (ms): Min: 742.6, Avg: 742.7, Max: 742.7, Diff: 0.1]
      [Ext Root Scanning (ms): Min: 0.0, Avg: 0.1, Max: 0.1, Diff: 0.1, Sum: 0.9]
      [Update RS (ms): Min: 0.0, Avg: 0.1, Max: 0.3, Diff: 0.2, Sum: 1.0]
         [Processed Buffers: Min: 1, Avg: 1.1, Max: 2, Diff: 1, Sum: 14]
      [Scan RS (ms): Min: 0.0, Avg: 0.0, Max: 0.0, Diff: 0.0, Sum: 0.0]
      [Code Root Scanning (ms): Min: 0.0, Avg: 0.0, Max: 0.0, Diff: 0.0, Sum: 0.0]
      [Object Copy (ms): Min: 0.2, Avg: 0.5, Max: 0.6, Diff: 0.3, Sum: 6.1]
      [Termination (ms): Min: 0.0, Avg: 0.0, Max: 0.1, Diff: 0.1, Sum: 0.5]
         [Termination Attempts: Min: 1, Avg: 1.0, Max: 1, Diff: 0, Sum: 13]
      [GC Worker Other (ms): Min: 0.0, Avg: 0.0, Max: 0.0, Diff: 0.0, Sum: 0.1]
      [GC Worker Total (ms): Min: 0.6, Avg: 0.7, Max: 0.7, Diff: 0.1, Sum: 8.5]
      [GC Worker End (ms): Min: 743.3, Avg: 743.3, Max: 743.3, Diff: 0.0]
   [Code Root Fixup: 0.0 ms]
   [Code Root Purge: 0.0 ms]
   [Clear CT: 0.1 ms]
   [Other: 0.4 ms]
      [Choose CSet: 0.0 ms]
      [Ref Proc: 0.2 ms]
      [Ref Enq: 0.0 ms]
      [Redirty Cards: 0.1 ms]
      [Humongous Register: 0.1 ms]
      [Humongous Reclaim: 0.0 ms]
      [Free CSet: 0.0 ms]
   [Eden: 1024.0K(267.0M)->0.0B(279.0M) Survivors: 7168.0K->7168.0K Heap: 489.2M(1024.0M)->488.0M(1024.0M)]
 [Times: user=0.00 sys=0.00, real=0.00 secs] 
2021-01-21T02:00:50.726+0800: [GC concurrent-root-region-scan-start]
2021-01-21T02:00:50.726+0800: [GC concurrent-root-region-scan-end, 0.0000878 secs]
2021-01-21T02:00:50.726+0800: [GC concurrent-mark-start]
2021-01-21T02:00:50.727+0800: [GC concurrent-mark-end, 0.0009823 secs]
2021-01-21T02:00:50.727+0800: [GC remark 2021-01-21T02:00:50.727+0800: [Finalize Marking, 0.0001193 secs] 2021-01-21T02:00:50.727+0800: [GC ref-proc, 0.0001438 secs] 2021-01-21T02:00:50.728+0800: [Unloading, 0.0003309 secs], 0.0010203 secs]
 [Times: user=0.00 sys=0.00, real=0.00 secs] 
2021-01-21T02:00:50.729+0800: [GC cleanup 499M->498M(1024M), 0.0004658 secs]
 [Times: user=0.00 sys=0.00, real=0.00 secs] 
2021-01-21T02:00:50.729+0800: [GC concurrent-cleanup-start]
2021-01-21T02:00:50.729+0800: [GC concurrent-cleanup-end, 0.0000121 secs]
2021-01-21T02:00:50.764+0800: [GC pause (G1 Evacuation Pause) (young), 0.0093873 secs]
   [Parallel Time: 7.5 ms, GC Workers: 13]
      [GC Worker Start (ms): Min: 782.5, Avg: 782.5, Max: 782.6, Diff: 0.1]
      [Ext Root Scanning (ms): Min: 0.0, Avg: 0.1, Max: 0.1, Diff: 0.1, Sum: 0.8]
      [Update RS (ms): Min: 0.4, Avg: 0.5, Max: 0.5, Diff: 0.1, Sum: 6.1]
         [Processed Buffers: Min: 1, Avg: 6.5, Max: 7, Diff: 6, Sum: 84]
      [Scan RS (ms): Min: 0.0, Avg: 0.0, Max: 0.0, Diff: 0.0, Sum: 0.2]
      [Code Root Scanning (ms): Min: 0.0, Avg: 0.0, Max: 0.0, Diff: 0.0, Sum: 0.0]
      [Object Copy (ms): Min: 6.7, Avg: 6.8, Max: 6.9, Diff: 0.2, Sum: 88.4]
      [Termination (ms): Min: 0.0, Avg: 0.1, Max: 0.1, Diff: 0.1, Sum: 0.9]
         [Termination Attempts: Min: 1, Avg: 2.8, Max: 5, Diff: 4, Sum: 36]
      [GC Worker Other (ms): Min: 0.0, Avg: 0.0, Max: 0.0, Diff: 0.0, Sum: 0.3]
      [GC Worker Total (ms): Min: 7.4, Avg: 7.4, Max: 7.5, Diff: 0.1, Sum: 96.7]
      [GC Worker End (ms): Min: 789.9, Avg: 789.9, Max: 790.0, Diff: 0.0]
   [Code Root Fixup: 0.0 ms]
   [Code Root Purge: 0.0 ms]
   [Clear CT: 0.8 ms]
   [Other: 1.1 ms]
      [Choose CSet: 0.0 ms]
      [Ref Proc: 0.4 ms]
      [Ref Enq: 0.0 ms]
      [Redirty Cards: 0.3 ms]
      [Humongous Register: 0.1 ms]
      [Humongous Reclaim: 0.1 ms]
      [Free CSet: 0.1 ms]
   [Eden: 279.0M(279.0M)->0.0B(15.0M) Survivors: 7168.0K->36.0M Heap: 830.1M(1024.0M)->564.8M(1024.0M)]
 [Times: user=0.20 sys=0.00, real=0.01 secs] 
2021-01-21T02:00:50.776+0800: [GC pause (G1 Evacuation Pause) (mixed), 0.0078392 secs]
   [Parallel Time: 6.6 ms, GC Workers: 13]
      [GC Worker Start (ms): Min: 794.4, Avg: 794.4, Max: 794.5, Diff: 0.1]
      [Ext Root Scanning (ms): Min: 0.0, Avg: 0.1, Max: 0.1, Diff: 0.1, Sum: 1.0]
      [Update RS (ms): Min: 0.1, Avg: 0.4, Max: 2.2, Diff: 2.1, Sum: 5.1]
         [Processed Buffers: Min: 0, Avg: 2.3, Max: 4, Diff: 4, Sum: 30]
      [Scan RS (ms): Min: 0.0, Avg: 0.0, Max: 0.1, Diff: 0.1, Sum: 0.5]
      [Code Root Scanning (ms): Min: 0.0, Avg: 0.0, Max: 0.0, Diff: 0.0, Sum: 0.0]
      [Object Copy (ms): Min: 4.1, Avg: 5.8, Max: 6.2, Diff: 2.1, Sum: 76.0]
      [Termination (ms): Min: 0.0, Avg: 0.1, Max: 0.1, Diff: 0.1, Sum: 0.8]
         [Termination Attempts: Min: 1, Avg: 1.0, Max: 1, Diff: 0, Sum: 13]
      [GC Worker Other (ms): Min: 0.0, Avg: 0.0, Max: 0.0, Diff: 0.0, Sum: 0.1]
      [GC Worker Total (ms): Min: 6.3, Avg: 6.4, Max: 6.5, Diff: 0.1, Sum: 83.5]
      [GC Worker End (ms): Min: 800.8, Avg: 800.8, Max: 800.8, Diff: 0.0]
   [Code Root Fixup: 0.0 ms]
   [Code Root Purge: 0.0 ms]
   [Clear CT: 0.3 ms]
   [Other: 1.0 ms]
      [Choose CSet: 0.1 ms]
      [Ref Proc: 0.5 ms]
      [Ref Enq: 0.0 ms]
      [Redirty Cards: 0.1 ms]
      [Humongous Register: 0.1 ms]
      [Humongous Reclaim: 0.0 ms]
      [Free CSet: 0.1 ms]
   [Eden: 15.0M(15.0M)->0.0B(46.0M) Survivors: 36.0M->5120.0K Heap: 581.7M(1024.0M)->495.2M(1024.0M)]
 [Times: user=0.17 sys=0.00, real=0.01 secs] 
2021-01-21T02:00:50.791+0800: [GC pause (G1 Evacuation Pause) (mixed), 0.0038202 secs]
   [Parallel Time: 3.0 ms, GC Workers: 13]
      [GC Worker Start (ms): Min: 808.9, Avg: 809.1, Max: 810.5, Diff: 1.7]
      [Ext Root Scanning (ms): Min: 0.0, Avg: 0.1, Max: 0.1, Diff: 0.1, Sum: 1.0]
      [Update RS (ms): Min: 0.0, Avg: 0.5, Max: 0.6, Diff: 0.6, Sum: 6.7]
         [Processed Buffers: Min: 0, Avg: 6.8, Max: 10, Diff: 10, Sum: 89]
      [Scan RS (ms): Min: 0.0, Avg: 0.0, Max: 0.0, Diff: 0.0, Sum: 0.1]
      [Code Root Scanning (ms): Min: 0.0, Avg: 0.0, Max: 0.0, Diff: 0.0, Sum: 0.0]
      [Object Copy (ms): Min: 1.1, Avg: 2.0, Max: 2.1, Diff: 1.0, Sum: 25.7]
      [Termination (ms): Min: 0.0, Avg: 0.1, Max: 0.1, Diff: 0.1, Sum: 0.8]
         [Termination Attempts: Min: 1, Avg: 1.0, Max: 1, Diff: 0, Sum: 13]
      [GC Worker Other (ms): Min: 0.0, Avg: 0.0, Max: 0.0, Diff: 0.0, Sum: 0.1]
      [GC Worker Total (ms): Min: 1.2, Avg: 2.7, Max: 2.8, Diff: 1.7, Sum: 34.5]
      [GC Worker End (ms): Min: 811.7, Avg: 811.7, Max: 811.7, Diff: 0.0]
   [Code Root Fixup: 0.0 ms]
   [Code Root Purge: 0.0 ms]
   [Clear CT: 0.2 ms]
   [Other: 0.6 ms]
      [Choose CSet: 0.0 ms]
      [Ref Proc: 0.2 ms]
      [Ref Enq: 0.0 ms]
      [Redirty Cards: 0.1 ms]
      [Humongous Register: 0.2 ms]
      [Humongous Reclaim: 0.1 ms]
      [Free CSet: 0.0 ms]
   [Eden: 46.0M(46.0M)->0.0B(272.0M) Survivors: 5120.0K->7168.0K Heap: 558.3M(1024.0M)->499.4M(1024.0M)]
 [Times: user=0.00 sys=0.00, real=0.00 secs] 
2021-01-21T02:00:50.795+0800: [GC pause (G1 Humongous Allocation) (young) (initial-mark), 0.0013858 secs]
   [Parallel Time: 0.8 ms, GC Workers: 13]
      [GC Worker Start (ms): Min: 812.8, Avg: 812.9, Max: 812.9, Diff: 0.1]
      [Ext Root Scanning (ms): Min: 0.0, Avg: 0.1, Max: 0.2, Diff: 0.2, Sum: 1.3]
      [Update RS (ms): Min: 0.0, Avg: 0.1, Max: 0.3, Diff: 0.3, Sum: 0.7]
         [Processed Buffers: Min: 0, Avg: 1.0, Max: 2, Diff: 2, Sum: 13]
      [Scan RS (ms): Min: 0.0, Avg: 0.0, Max: 0.0, Diff: 0.0, Sum: 0.0]
      [Code Root Scanning (ms): Min: 0.0, Avg: 0.0, Max: 0.0, Diff: 0.0, Sum: 0.0]
      [Object Copy (ms): Min: 0.3, Avg: 0.5, Max: 0.6, Diff: 0.3, Sum: 6.8]
      [Termination (ms): Min: 0.0, Avg: 0.0, Max: 0.1, Diff: 0.1, Sum: 0.5]
         [Termination Attempts: Min: 1, Avg: 1.0, Max: 1, Diff: 0, Sum: 13]
      [GC Worker Other (ms): Min: 0.0, Avg: 0.0, Max: 0.0, Diff: 0.0, Sum: 0.1]
      [GC Worker Total (ms): Min: 0.6, Avg: 0.7, Max: 0.8, Diff: 0.1, Sum: 9.5]
      [GC Worker End (ms): Min: 813.6, Avg: 813.6, Max: 813.6, Diff: 0.0]
   [Code Root Fixup: 0.0 ms]
   [Code Root Purge: 0.0 ms]
   [Clear CT: 0.1 ms]
   [Other: 0.5 ms]
      [Choose CSet: 0.0 ms]
      [Ref Proc: 0.2 ms]
      [Ref Enq: 0.0 ms]
      [Redirty Cards: 0.1 ms]
      [Humongous Register: 0.1 ms]
      [Humongous Reclaim: 0.0 ms]
      [Free CSet: 0.0 ms]
   [Eden: 1024.0K(272.0M)->0.0B(284.0M) Survivors: 7168.0K->7168.0K Heap: 500.2M(1024.0M)->499.0M(1024.0M)]
 [Times: user=0.00 sys=0.00, real=0.00 secs] 
2021-01-21T02:00:50.796+0800: [GC concurrent-root-region-scan-start]
2021-01-21T02:00:50.796+0800: [GC concurrent-root-region-scan-end, 0.0000851 secs]
2021-01-21T02:00:50.796+0800: [GC concurrent-mark-start]
2021-01-21T02:00:50.797+0800: [GC concurrent-mark-end, 0.0009553 secs]
2021-01-21T02:00:50.797+0800: [GC remark 2021-01-21T02:00:50.797+0800: [Finalize Marking, 0.0001143 secs] 2021-01-21T02:00:50.797+0800: [GC ref-proc, 0.0001450 secs] 2021-01-21T02:00:50.797+0800: [Unloading, 0.0003335 secs], 0.0010106 secs]
 [Times: user=0.00 sys=0.00, real=0.00 secs] 
2021-01-21T02:00:50.798+0800: [GC cleanup 507M->501M(1024M), 0.0004988 secs]
 [Times: user=0.00 sys=0.00, real=0.00 secs] 
2021-01-21T02:00:50.799+0800: [GC concurrent-cleanup-start]
2021-01-21T02:00:50.799+0800: [GC concurrent-cleanup-end, 0.0000125 secs]
2021-01-21T02:00:50.836+0800: [GC pause (G1 Evacuation Pause) (young) (to-space exhausted), 0.0071389 secs]
   [Parallel Time: 6.2 ms, GC Workers: 13]
      [GC Worker Start (ms): Min: 854.1, Avg: 854.1, Max: 854.2, Diff: 0.1]
      [Ext Root Scanning (ms): Min: 0.0, Avg: 0.1, Max: 0.1, Diff: 0.1, Sum: 1.1]
      [Update RS (ms): Min: 0.6, Avg: 0.6, Max: 0.6, Diff: 0.0, Sum: 7.6]
         [Processed Buffers: Min: 3, Avg: 8.4, Max: 10, Diff: 7, Sum: 109]
      [Scan RS (ms): Min: 0.0, Avg: 0.0, Max: 0.0, Diff: 0.0, Sum: 0.3]
      [Code Root Scanning (ms): Min: 0.0, Avg: 0.0, Max: 0.0, Diff: 0.0, Sum: 0.0]
      [Object Copy (ms): Min: 5.2, Avg: 5.2, Max: 5.2, Diff: 0.0, Sum: 67.7]
      [Termination (ms): Min: 0.0, Avg: 0.0, Max: 0.0, Diff: 0.0, Sum: 0.3]
         [Termination Attempts: Min: 1, Avg: 1.2, Max: 2, Diff: 1, Sum: 15]
      [GC Worker Other (ms): Min: 0.0, Avg: 0.0, Max: 0.1, Diff: 0.1, Sum: 0.6]
      [GC Worker Total (ms): Min: 5.9, Avg: 6.0, Max: 6.1, Diff: 0.2, Sum: 77.5]
      [GC Worker End (ms): Min: 860.1, Avg: 860.1, Max: 860.2, Diff: 0.1]
   [Code Root Fixup: 0.0 ms]
   [Code Root Purge: 0.0 ms]
   [Clear CT: 0.1 ms]
   [Other: 0.9 ms]
      [Evacuation Failure: 0.2 ms]
      [Choose CSet: 0.0 ms]
      [Ref Proc: 0.3 ms]
      [Ref Enq: 0.0 ms]
      [Redirty Cards: 0.1 ms]
      [Humongous Register: 0.1 ms]
      [Humongous Reclaim: 0.1 ms]
      [Free CSet: 0.1 ms]
   [Eden: 284.0M(284.0M)->0.0B(14.0M) Survivors: 7168.0K->37.0M Heap: 855.1M(1024.0M)->674.6M(1024.0M)]
 [Times: user=0.00 sys=0.00, real=0.01 secs] 
2021-01-21T02:00:50.845+0800: [GC pause (G1 Evacuation Pause) (mixed), 0.0071327 secs]
   [Parallel Time: 6.2 ms, GC Workers: 13]
      [GC Worker Start (ms): Min: 863.2, Avg: 863.2, Max: 863.3, Diff: 0.1]
      [Ext Root Scanning (ms): Min: 0.0, Avg: 0.1, Max: 0.1, Diff: 0.1, Sum: 1.0]
      [Update RS (ms): Min: 0.2, Avg: 0.2, Max: 0.3, Diff: 0.1, Sum: 3.1]
         [Processed Buffers: Min: 3, Avg: 4.0, Max: 5, Diff: 2, Sum: 52]
      [Scan RS (ms): Min: 0.0, Avg: 0.0, Max: 0.1, Diff: 0.1, Sum: 0.3]
      [Code Root Scanning (ms): Min: 0.0, Avg: 0.0, Max: 0.0, Diff: 0.0, Sum: 0.0]
      [Object Copy (ms): Min: 5.6, Avg: 5.7, Max: 5.7, Diff: 0.1, Sum: 73.8]
      [Termination (ms): Min: 0.0, Avg: 0.0, Max: 0.1, Diff: 0.1, Sum: 0.5]
         [Termination Attempts: Min: 1, Avg: 1.8, Max: 4, Diff: 3, Sum: 23]
      [GC Worker Other (ms): Min: 0.0, Avg: 0.0, Max: 0.0, Diff: 0.0, Sum: 0.1]
      [GC Worker Total (ms): Min: 6.0, Avg: 6.1, Max: 6.1, Diff: 0.1, Sum: 78.9]
      [GC Worker End (ms): Min: 869.3, Avg: 869.3, Max: 869.3, Diff: 0.0]
   [Code Root Fixup: 0.0 ms]
   [Code Root Purge: 0.0 ms]
   [Clear CT: 0.2 ms]
   [Other: 0.8 ms]
      [Choose CSet: 0.0 ms]
      [Ref Proc: 0.3 ms]
      [Ref Enq: 0.0 ms]
      [Redirty Cards: 0.2 ms]
      [Humongous Register: 0.1 ms]
      [Humongous Reclaim: 0.0 ms]
      [Free CSet: 0.1 ms]
   [Eden: 14.0M(14.0M)->0.0B(47.0M) Survivors: 37.0M->4096.0K Heap: 693.2M(1024.0M)->602.5M(1024.0M)]
 [Times: user=0.00 sys=0.00, real=0.01 secs] 
2021-01-21T02:00:50.858+0800: [GC pause (G1 Evacuation Pause) (mixed), 0.0037042 secs]
   [Parallel Time: 3.1 ms, GC Workers: 13]
      [GC Worker Start (ms): Min: 876.1, Avg: 876.2, Max: 876.2, Diff: 0.1]
      [Ext Root Scanning (ms): Min: 0.0, Avg: 0.1, Max: 0.1, Diff: 0.1, Sum: 0.9]
      [Update RS (ms): Min: 0.6, Avg: 0.6, Max: 0.6, Diff: 0.1, Sum: 7.8]
         [Processed Buffers: Min: 4, Avg: 8.6, Max: 10, Diff: 6, Sum: 112]
      [Scan RS (ms): Min: 0.0, Avg: 0.0, Max: 0.1, Diff: 0.1, Sum: 0.3]
      [Code Root Scanning (ms): Min: 0.0, Avg: 0.0, Max: 0.0, Diff: 0.0, Sum: 0.0]
      [Object Copy (ms): Min: 2.2, Avg: 2.3, Max: 2.4, Diff: 0.1, Sum: 29.9]
      [Termination (ms): Min: 0.0, Avg: 0.1, Max: 0.1, Diff: 0.1, Sum: 0.8]
         [Termination Attempts: Min: 1, Avg: 1.0, Max: 1, Diff: 0, Sum: 13]
      [GC Worker Other (ms): Min: 0.0, Avg: 0.0, Max: 0.0, Diff: 0.0, Sum: 0.1]
      [GC Worker Total (ms): Min: 3.0, Avg: 3.1, Max: 3.1, Diff: 0.1, Sum: 39.7]
      [GC Worker End (ms): Min: 879.2, Avg: 879.2, Max: 879.2, Diff: 0.0]
   [Code Root Fixup: 0.0 ms]
   [Code Root Purge: 0.0 ms]
   [Clear CT: 0.1 ms]
   [Other: 0.5 ms]
      [Choose CSet: 0.0 ms]
      [Ref Proc: 0.1 ms]
      [Ref Enq: 0.0 ms]
      [Redirty Cards: 0.1 ms]
      [Humongous Register: 0.1 ms]
      [Humongous Reclaim: 0.0 ms]
      [Free CSet: 0.0 ms]
   [Eden: 47.0M(47.0M)->0.0B(201.0M) Survivors: 4096.0K->7168.0K Heap: 668.1M(1024.0M)->605.0M(1024.0M)]
 [Times: user=0.20 sys=0.00, real=0.00 secs] 
2021-01-21T02:00:50.862+0800: [GC pause (G1 Humongous Allocation) (young) (initial-mark), 0.0014086 secs]
   [Parallel Time: 0.9 ms, GC Workers: 13]
      [GC Worker Start (ms): Min: 880.7, Avg: 880.7, Max: 880.8, Diff: 0.1]
      [Ext Root Scanning (ms): Min: 0.1, Avg: 0.1, Max: 0.1, Diff: 0.1, Sum: 1.1]
      [Update RS (ms): Min: 0.0, Avg: 0.1, Max: 0.3, Diff: 0.3, Sum: 1.2]
         [Processed Buffers: Min: 1, Avg: 1.1, Max: 2, Diff: 1, Sum: 14]
      [Scan RS (ms): Min: 0.0, Avg: 0.0, Max: 0.0, Diff: 0.0, Sum: 0.0]
      [Code Root Scanning (ms): Min: 0.0, Avg: 0.0, Max: 0.0, Diff: 0.0, Sum: 0.0]
      [Object Copy (ms): Min: 0.4, Avg: 0.5, Max: 0.7, Diff: 0.3, Sum: 7.1]
      [Termination (ms): Min: 0.0, Avg: 0.0, Max: 0.1, Diff: 0.1, Sum: 0.6]
         [Termination Attempts: Min: 1, Avg: 1.0, Max: 1, Diff: 0, Sum: 13]
      [GC Worker Other (ms): Min: 0.0, Avg: 0.0, Max: 0.0, Diff: 0.0, Sum: 0.1]
      [GC Worker Total (ms): Min: 0.7, Avg: 0.8, Max: 0.8, Diff: 0.1, Sum: 10.0]
      [GC Worker End (ms): Min: 881.5, Avg: 881.5, Max: 881.5, Diff: 0.0]
   [Code Root Fixup: 0.0 ms]
   [Code Root Purge: 0.0 ms]
   [Clear CT: 0.1 ms]
   [Other: 0.4 ms]
      [Choose CSet: 0.0 ms]
      [Ref Proc: 0.1 ms]
      [Ref Enq: 0.0 ms]
      [Redirty Cards: 0.1 ms]
      [Humongous Register: 0.1 ms]
      [Humongous Reclaim: 0.0 ms]
      [Free CSet: 0.0 ms]
   [Eden: 6144.0K(201.0M)->0.0B(209.0M) Survivors: 7168.0K->9216.0K Heap: 610.2M(1024.0M)->606.2M(1024.0M)]
 [Times: user=0.00 sys=0.00, real=0.00 secs] 
2021-01-21T02:00:50.864+0800: [GC concurrent-root-region-scan-start]
2021-01-21T02:00:50.864+0800: [GC concurrent-root-region-scan-end, 0.0000691 secs]
2021-01-21T02:00:50.864+0800: [GC concurrent-mark-start]
2021-01-21T02:00:50.865+0800: [GC concurrent-mark-end, 0.0011386 secs]
2021-01-21T02:00:50.865+0800: [GC remark 2021-01-21T02:00:50.865+0800: [Finalize Marking, 0.0001097 secs] 2021-01-21T02:00:50.865+0800: [GC ref-proc, 0.0001453 secs] 2021-01-21T02:00:50.865+0800: [Unloading, 0.0003310 secs], 0.0010316 secs]
 [Times: user=0.00 sys=0.00, real=0.00 secs] 
2021-01-21T02:00:50.866+0800: [GC cleanup 616M->606M(1024M), 0.0005920 secs]
 [Times: user=0.00 sys=0.00, real=0.00 secs] 
2021-01-21T02:00:50.867+0800: [GC concurrent-cleanup-start]
2021-01-21T02:00:50.867+0800: [GC concurrent-cleanup-end, 0.0000194 secs]
2021-01-21T02:00:50.893+0800: [GC pause (G1 Evacuation Pause) (young), 0.0072463 secs]
   [Parallel Time: 6.5 ms, GC Workers: 13]
      [GC Worker Start (ms): Min: 911.0, Avg: 911.0, Max: 911.0, Diff: 0.1]
      [Ext Root Scanning (ms): Min: 0.0, Avg: 0.1, Max: 0.1, Diff: 0.1, Sum: 1.0]
      [Update RS (ms): Min: 0.7, Avg: 0.7, Max: 0.7, Diff: 0.0, Sum: 9.1]
         [Processed Buffers: Min: 5, Avg: 10.7, Max: 13, Diff: 8, Sum: 139]
      [Scan RS (ms): Min: 0.0, Avg: 0.0, Max: 0.0, Diff: 0.0, Sum: 0.2]
      [Code Root Scanning (ms): Min: 0.0, Avg: 0.0, Max: 0.0, Diff: 0.0, Sum: 0.0]
      [Object Copy (ms): Min: 5.5, Avg: 5.5, Max: 5.6, Diff: 0.1, Sum: 71.9]
      [Termination (ms): Min: 0.0, Avg: 0.1, Max: 0.1, Diff: 0.1, Sum: 0.9]
         [Termination Attempts: Min: 1, Avg: 1.9, Max: 4, Diff: 3, Sum: 25]
      [GC Worker Other (ms): Min: 0.0, Avg: 0.0, Max: 0.0, Diff: 0.0, Sum: 0.3]
      [GC Worker Total (ms): Min: 6.4, Avg: 6.4, Max: 6.5, Diff: 0.1, Sum: 83.5]
      [GC Worker End (ms): Min: 917.4, Avg: 917.4, Max: 917.4, Diff: 0.0]
   [Code Root Fixup: 0.0 ms]
   [Code Root Purge: 0.0 ms]
   [Clear CT: 0.1 ms]
   [Other: 0.6 ms]
      [Choose CSet: 0.0 ms]
      [Ref Proc: 0.1 ms]
      [Ref Enq: 0.0 ms]
      [Redirty Cards: 0.2 ms]
      [Humongous Register: 0.1 ms]
      [Humongous Reclaim: 0.1 ms]
      [Free CSet: 0.1 ms]
   [Eden: 209.0M(209.0M)->0.0B(23.0M) Survivors: 9216.0K->28.0M Heap: 859.9M(1024.0M)->656.9M(1024.0M)]
 [Times: user=0.00 sys=0.00, real=0.01 secs] 
2021-01-21T02:00:50.903+0800: [GC pause (G1 Evacuation Pause) (mixed), 0.0051827 secs]
   [Parallel Time: 4.3 ms, GC Workers: 13]
      [GC Worker Start (ms): Min: 921.2, Avg: 921.3, Max: 921.3, Diff: 0.1]
      [Ext Root Scanning (ms): Min: 0.1, Avg: 0.1, Max: 0.1, Diff: 0.1, Sum: 1.1]
      [Update RS (ms): Min: 0.2, Avg: 0.3, Max: 0.3, Diff: 0.0, Sum: 3.3]
         [Processed Buffers: Min: 3, Avg: 4.3, Max: 7, Diff: 4, Sum: 56]
      [Scan RS (ms): Min: 0.0, Avg: 0.0, Max: 0.0, Diff: 0.0, Sum: 0.2]
      [Code Root Scanning (ms): Min: 0.0, Avg: 0.0, Max: 0.0, Diff: 0.0, Sum: 0.0]
      [Object Copy (ms): Min: 3.6, Avg: 3.6, Max: 3.6, Diff: 0.1, Sum: 46.9]
      [Termination (ms): Min: 0.0, Avg: 0.0, Max: 0.1, Diff: 0.1, Sum: 0.5]
         [Termination Attempts: Min: 1, Avg: 1.1, Max: 2, Diff: 1, Sum: 14]
      [GC Worker Other (ms): Min: 0.0, Avg: 0.0, Max: 0.1, Diff: 0.1, Sum: 0.2]
      [GC Worker Total (ms): Min: 4.0, Avg: 4.0, Max: 4.1, Diff: 0.1, Sum: 52.2]
      [GC Worker End (ms): Min: 925.3, Avg: 925.3, Max: 925.3, Diff: 0.1]
   [Code Root Fixup: 0.0 ms]
   [Code Root Purge: 0.0 ms]
   [Clear CT: 0.1 ms]
   [Other: 0.7 ms]
      [Choose CSet: 0.0 ms]
      [Ref Proc: 0.4 ms]
      [Ref Enq: 0.0 ms]
      [Redirty Cards: 0.1 ms]
      [Humongous Register: 0.1 ms]
      [Humongous Reclaim: 0.0 ms]
      [Free CSet: 0.1 ms]
   [Eden: 23.0M(23.0M)->0.0B(44.0M) Survivors: 28.0M->7168.0K Heap: 685.2M(1024.0M)->567.1M(1024.0M)]
 [Times: user=0.19 sys=0.02, real=0.00 secs] 
2021-01-21T02:00:50.914+0800: [GC pause (G1 Evacuation Pause) (mixed), 0.0052830 secs]
   [Parallel Time: 4.6 ms, GC Workers: 13]
      [GC Worker Start (ms): Min: 932.5, Avg: 932.5, Max: 932.6, Diff: 0.1]
      [Ext Root Scanning (ms): Min: 0.0, Avg: 0.1, Max: 0.1, Diff: 0.1, Sum: 1.0]
      [Update RS (ms): Min: 0.5, Avg: 0.5, Max: 0.6, Diff: 0.0, Sum: 6.9]
         [Processed Buffers: Min: 7, Avg: 8.2, Max: 10, Diff: 3, Sum: 107]
      [Scan RS (ms): Min: 0.0, Avg: 0.0, Max: 0.0, Diff: 0.0, Sum: 0.2]
      [Code Root Scanning (ms): Min: 0.0, Avg: 0.0, Max: 0.0, Diff: 0.0, Sum: 0.0]
      [Object Copy (ms): Min: 3.7, Avg: 3.8, Max: 3.8, Diff: 0.1, Sum: 49.2]
      [Termination (ms): Min: 0.0, Avg: 0.0, Max: 0.1, Diff: 0.1, Sum: 0.6]
         [Termination Attempts: Min: 1, Avg: 1.1, Max: 2, Diff: 1, Sum: 14]
      [GC Worker Other (ms): Min: 0.0, Avg: 0.0, Max: 0.0, Diff: 0.0, Sum: 0.1]
      [GC Worker Total (ms): Min: 4.4, Avg: 4.5, Max: 4.5, Diff: 0.1, Sum: 58.0]
      [GC Worker End (ms): Min: 937.0, Avg: 937.0, Max: 937.0, Diff: 0.0]
   [Code Root Fixup: 0.0 ms]
   [Code Root Purge: 0.0 ms]
   [Clear CT: 0.1 ms]
   [Other: 0.6 ms]
      [Choose CSet: 0.0 ms]
      [Ref Proc: 0.1 ms]
      [Ref Enq: 0.0 ms]
      [Redirty Cards: 0.1 ms]
      [Humongous Register: 0.1 ms]
      [Humongous Reclaim: 0.0 ms]
      [Free CSet: 0.1 ms]
   [Eden: 44.0M(44.0M)->0.0B(44.0M) Survivors: 7168.0K->7168.0K Heap: 622.6M(1024.0M)->506.6M(1024.0M)]
 [Times: user=0.00 sys=0.00, real=0.01 secs] 
2021-01-21T02:00:50.925+0800: [GC pause (G1 Evacuation Pause) (mixed), 0.0044823 secs]
   [Parallel Time: 3.8 ms, GC Workers: 13]
      [GC Worker Start (ms): Min: 943.6, Avg: 943.7, Max: 943.7, Diff: 0.1]
      [Ext Root Scanning (ms): Min: 0.1, Avg: 0.1, Max: 0.1, Diff: 0.1, Sum: 1.1]
      [Update RS (ms): Min: 0.4, Avg: 0.4, Max: 0.5, Diff: 0.1, Sum: 5.8]
         [Processed Buffers: Min: 6, Avg: 6.9, Max: 8, Diff: 2, Sum: 90]
      [Scan RS (ms): Min: 0.0, Avg: 0.0, Max: 0.0, Diff: 0.0, Sum: 0.2]
      [Code Root Scanning (ms): Min: 0.0, Avg: 0.0, Max: 0.0, Diff: 0.0, Sum: 0.0]
      [Object Copy (ms): Min: 3.0, Avg: 3.1, Max: 3.2, Diff: 0.1, Sum: 40.4]
      [Termination (ms): Min: 0.0, Avg: 0.1, Max: 0.1, Diff: 0.1, Sum: 0.7]
         [Termination Attempts: Min: 1, Avg: 1.0, Max: 1, Diff: 0, Sum: 13]
      [GC Worker Other (ms): Min: 0.0, Avg: 0.0, Max: 0.0, Diff: 0.0, Sum: 0.1]
      [GC Worker Total (ms): Min: 3.7, Avg: 3.7, Max: 3.7, Diff: 0.1, Sum: 48.4]
      [GC Worker End (ms): Min: 947.4, Avg: 947.4, Max: 947.4, Diff: 0.0]
   [Code Root Fixup: 0.0 ms]
   [Code Root Purge: 0.0 ms]
   [Clear CT: 0.1 ms]
   [Other: 0.6 ms]
      [Choose CSet: 0.0 ms]
      [Ref Proc: 0.1 ms]
      [Ref Enq: 0.0 ms]
      [Redirty Cards: 0.1 ms]
      [Humongous Register: 0.1 ms]
      [Humongous Reclaim: 0.0 ms]
      [Free CSet: 0.1 ms]
   [Eden: 44.0M(44.0M)->0.0B(286.0M) Survivors: 7168.0K->7168.0K Heap: 560.0M(1024.0M)->496.5M(1024.0M)]
 [Times: user=0.00 sys=0.00, real=0.01 secs] 
2021-01-21T02:00:50.930+0800: [GC pause (G1 Humongous Allocation) (young) (initial-mark), 0.0012477 secs]
   [Parallel Time: 0.8 ms, GC Workers: 13]
      [GC Worker Start (ms): Min: 948.3, Avg: 948.4, Max: 948.4, Diff: 0.0]
      [Ext Root Scanning (ms): Min: 0.1, Avg: 0.1, Max: 0.1, Diff: 0.0, Sum: 1.1]
      [Update RS (ms): Min: 0.0, Avg: 0.1, Max: 0.1, Diff: 0.1, Sum: 0.7]
         [Processed Buffers: Min: 1, Avg: 1.1, Max: 2, Diff: 1, Sum: 14]
      [Scan RS (ms): Min: 0.0, Avg: 0.0, Max: 0.0, Diff: 0.0, Sum: 0.0]
      [Code Root Scanning (ms): Min: 0.0, Avg: 0.0, Max: 0.0, Diff: 0.0, Sum: 0.0]
      [Object Copy (ms): Min: 0.3, Avg: 0.5, Max: 0.6, Diff: 0.2, Sum: 5.9]
      [Termination (ms): Min: 0.0, Avg: 0.1, Max: 0.2, Diff: 0.2, Sum: 1.1]
         [Termination Attempts: Min: 1, Avg: 1.0, Max: 1, Diff: 0, Sum: 13]
      [GC Worker Other (ms): Min: 0.0, Avg: 0.0, Max: 0.0, Diff: 0.0, Sum: 0.1]
      [GC Worker Total (ms): Min: 0.7, Avg: 0.7, Max: 0.7, Diff: 0.0, Sum: 8.8]
      [GC Worker End (ms): Min: 949.0, Avg: 949.1, Max: 949.1, Diff: 0.0]
   [Code Root Fixup: 0.0 ms]
   [Code Root Purge: 0.0 ms]
   [Clear CT: 0.1 ms]
   [Other: 0.4 ms]
      [Choose CSet: 0.0 ms]
      [Ref Proc: 0.1 ms]
      [Ref Enq: 0.0 ms]
      [Redirty Cards: 0.1 ms]
      [Humongous Register: 0.1 ms]
      [Humongous Reclaim: 0.0 ms]
      [Free CSet: 0.0 ms]
   [Eden: 2048.0K(286.0M)->0.0B(266.0M) Survivors: 7168.0K->8192.0K Heap: 498.0M(1024.0M)->496.5M(1024.0M)]
 [Times: user=0.00 sys=0.00, real=0.00 secs] 
2021-01-21T02:00:50.932+0800: [GC concurrent-root-region-scan-start]
2021-01-21T02:00:50.932+0800: [GC concurrent-root-region-scan-end, 0.0000755 secs]
2021-01-21T02:00:50.932+0800: [GC concurrent-mark-start]
2021-01-21T02:00:50.933+0800: [GC concurrent-mark-end, 0.0010217 secs]
2021-01-21T02:00:50.933+0800: [GC remark 2021-01-21T02:00:50.933+0800: [Finalize Marking, 0.0002314 secs] 2021-01-21T02:00:50.933+0800: [GC ref-proc, 0.0001427 secs] 2021-01-21T02:00:50.933+0800: [Unloading, 0.0002983 secs], 0.0010796 secs]
 [Times: user=0.00 sys=0.00, real=0.00 secs] 
2021-01-21T02:00:50.934+0800: [GC cleanup 509M->508M(1024M), 0.0004670 secs]
 [Times: user=0.00 sys=0.00, real=0.00 secs] 
2021-01-21T02:00:50.934+0800: [GC concurrent-cleanup-start]
2021-01-21T02:00:50.934+0800: [GC concurrent-cleanup-end, 0.0000104 secs]
2021-01-21T02:00:50.969+0800: [GC pause (G1 Evacuation Pause) (young) (to-space exhausted), 0.0082861 secs]
   [Parallel Time: 6.8 ms, GC Workers: 13]
      [GC Worker Start (ms): Min: 987.1, Avg: 987.1, Max: 987.1, Diff: 0.1]
      [Ext Root Scanning (ms): Min: 0.0, Avg: 0.1, Max: 0.1, Diff: 0.1, Sum: 1.0]
      [Update RS (ms): Min: 0.7, Avg: 0.7, Max: 0.7, Diff: 0.1, Sum: 9.0]
         [Processed Buffers: Min: 5, Avg: 9.8, Max: 12, Diff: 7, Sum: 128]
      [Scan RS (ms): Min: 0.0, Avg: 0.0, Max: 0.0, Diff: 0.0, Sum: 0.2]
      [Code Root Scanning (ms): Min: 0.0, Avg: 0.0, Max: 0.0, Diff: 0.0, Sum: 0.0]
      [Object Copy (ms): Min: 5.9, Avg: 5.9, Max: 5.9, Diff: 0.1, Sum: 76.5]
      [Termination (ms): Min: 0.0, Avg: 0.0, Max: 0.1, Diff: 0.1, Sum: 0.6]
         [Termination Attempts: Min: 1, Avg: 1.0, Max: 1, Diff: 0, Sum: 13]
      [GC Worker Other (ms): Min: 0.0, Avg: 0.0, Max: 0.0, Diff: 0.0, Sum: 0.3]
      [GC Worker Total (ms): Min: 6.7, Avg: 6.7, Max: 6.8, Diff: 0.1, Sum: 87.7]
      [GC Worker End (ms): Min: 993.8, Avg: 993.8, Max: 993.8, Diff: 0.0]
   [Code Root Fixup: 0.0 ms]
   [Code Root Purge: 0.0 ms]
   [Clear CT: 0.4 ms]
   [Other: 1.1 ms]
      [Evacuation Failure: 0.4 ms]
      [Choose CSet: 0.0 ms]
      [Ref Proc: 0.1 ms]
      [Ref Enq: 0.0 ms]
      [Redirty Cards: 0.1 ms]
      [Humongous Register: 0.1 ms]
      [Humongous Reclaim: 0.1 ms]
      [Free CSet: 0.1 ms]
   [Eden: 266.0M(266.0M)->0.0B(16.0M) Survivors: 8192.0K->35.0M Heap: 841.0M(1024.0M)->606.6M(1024.0M)]
 [Times: user=0.00 sys=0.00, real=0.01 secs] 
2021-01-21T02:00:50.979+0800: [GC pause (G1 Evacuation Pause) (mixed), 0.0072208 secs]
   [Parallel Time: 6.2 ms, GC Workers: 13]
      [GC Worker Start (ms): Min: 997.5, Avg: 997.6, Max: 997.6, Diff: 0.1]
      [Ext Root Scanning (ms): Min: 0.1, Avg: 0.1, Max: 0.1, Diff: 0.1, Sum: 1.0]
      [Update RS (ms): Min: 0.2, Avg: 0.3, Max: 0.3, Diff: 0.0, Sum: 3.4]
         [Processed Buffers: Min: 4, Avg: 4.4, Max: 6, Diff: 2, Sum: 57]
      [Scan RS (ms): Min: 0.0, Avg: 0.0, Max: 0.0, Diff: 0.0, Sum: 0.4]
      [Code Root Scanning (ms): Min: 0.0, Avg: 0.0, Max: 0.0, Diff: 0.0, Sum: 0.0]
      [Object Copy (ms): Min: 5.5, Avg: 5.6, Max: 5.6, Diff: 0.1, Sum: 72.5]
      [Termination (ms): Min: 0.0, Avg: 0.1, Max: 0.1, Diff: 0.1, Sum: 0.9]
         [Termination Attempts: Min: 1, Avg: 1.0, Max: 1, Diff: 0, Sum: 13]
      [GC Worker Other (ms): Min: 0.0, Avg: 0.0, Max: 0.0, Diff: 0.0, Sum: 0.1]
      [GC Worker Total (ms): Min: 6.0, Avg: 6.0, Max: 6.1, Diff: 0.1, Sum: 78.3]
      [GC Worker End (ms): Min: 1003.6, Avg: 1003.6, Max: 1003.6, Diff: 0.0]
   [Code Root Fixup: 0.0 ms]
   [Code Root Purge: 0.0 ms]
   [Clear CT: 0.3 ms]
   [Other: 0.8 ms]
      [Choose CSet: 0.0 ms]
      [Ref Proc: 0.3 ms]
      [Ref Enq: 0.0 ms]
      [Redirty Cards: 0.2 ms]
      [Humongous Register: 0.1 ms]
      [Humongous Reclaim: 0.0 ms]
      [Free CSet: 0.1 ms]
   [Eden: 16.0M(16.0M)->0.0B(46.0M) Survivors: 35.0M->5120.0K Heap: 627.8M(1024.0M)->533.9M(1024.0M)]
 [Times: user=0.19 sys=0.00, real=0.01 secs] 
2021-01-21T02:00:50.993+0800: [GC pause (G1 Evacuation Pause) (mixed), 0.0041833 secs]
   [Parallel Time: 3.5 ms, GC Workers: 13]
      [GC Worker Start (ms): Min: 1011.0, Avg: 1011.1, Max: 1011.1, Diff: 0.1]
      [Ext Root Scanning (ms): Min: 0.0, Avg: 0.1, Max: 0.1, Diff: 0.1, Sum: 1.0]
      [Update RS (ms): Min: 0.6, Avg: 0.6, Max: 0.6, Diff: 0.0, Sum: 7.6]
         [Processed Buffers: Min: 8, Avg: 8.8, Max: 10, Diff: 2, Sum: 114]
      [Scan RS (ms): Min: 0.0, Avg: 0.0, Max: 0.0, Diff: 0.0, Sum: 0.1]
      [Code Root Scanning (ms): Min: 0.0, Avg: 0.0, Max: 0.0, Diff: 0.0, Sum: 0.0]
      [Object Copy (ms): Min: 2.5, Avg: 2.6, Max: 2.7, Diff: 0.2, Sum: 34.3]
      [Termination (ms): Min: 0.0, Avg: 0.1, Max: 0.2, Diff: 0.2, Sum: 0.9]
         [Termination Attempts: Min: 1, Avg: 1.0, Max: 1, Diff: 0, Sum: 13]
      [GC Worker Other (ms): Min: 0.0, Avg: 0.0, Max: 0.0, Diff: 0.0, Sum: 0.1]
      [GC Worker Total (ms): Min: 3.3, Avg: 3.4, Max: 3.4, Diff: 0.1, Sum: 44.0]
      [GC Worker End (ms): Min: 1014.5, Avg: 1014.5, Max: 1014.5, Diff: 0.0]
   [Code Root Fixup: 0.0 ms]
   [Code Root Purge: 0.0 ms]
   [Clear CT: 0.1 ms]
   [Other: 0.5 ms]
      [Choose CSet: 0.0 ms]
      [Ref Proc: 0.1 ms]
      [Ref Enq: 0.0 ms]
      [Redirty Cards: 0.2 ms]
      [Humongous Register: 0.1 ms]
      [Humongous Reclaim: 0.0 ms]
      [Free CSet: 0.0 ms]
   [Eden: 46.0M(46.0M)->0.0B(235.0M) Survivors: 5120.0K->7168.0K Heap: 592.3M(1024.0M)->540.3M(1024.0M)]
 [Times: user=0.00 sys=0.00, real=0.00 secs] 
2021-01-21T02:00:50.998+0800: [GC pause (G1 Humongous Allocation) (young) (initial-mark), 0.0012863 secs]
   [Parallel Time: 0.9 ms, GC Workers: 13]
      [GC Worker Start (ms): Min: 1015.7, Avg: 1015.7, Max: 1015.7, Diff: 0.0]
      [Ext Root Scanning (ms): Min: 0.1, Avg: 0.1, Max: 0.1, Diff: 0.0, Sum: 1.1]
      [Update RS (ms): Min: 0.0, Avg: 0.1, Max: 0.3, Diff: 0.2, Sum: 0.8]
         [Processed Buffers: Min: 1, Avg: 1.1, Max: 2, Diff: 1, Sum: 14]
      [Scan RS (ms): Min: 0.0, Avg: 0.0, Max: 0.0, Diff: 0.0, Sum: 0.0]
      [Code Root Scanning (ms): Min: 0.0, Avg: 0.0, Max: 0.0, Diff: 0.0, Sum: 0.0]
      [Object Copy (ms): Min: 0.4, Avg: 0.6, Max: 0.7, Diff: 0.3, Sum: 7.7]
      [Termination (ms): Min: 0.0, Avg: 0.0, Max: 0.1, Diff: 0.1, Sum: 0.6]
         [Termination Attempts: Min: 1, Avg: 1.0, Max: 1, Diff: 0, Sum: 13]
      [GC Worker Other (ms): Min: 0.0, Avg: 0.0, Max: 0.0, Diff: 0.0, Sum: 0.1]
      [GC Worker Total (ms): Min: 0.8, Avg: 0.8, Max: 0.8, Diff: 0.0, Sum: 10.2]
      [GC Worker End (ms): Min: 1016.5, Avg: 1016.5, Max: 1016.5, Diff: 0.0]
   [Code Root Fixup: 0.0 ms]
   [Code Root Purge: 0.0 ms]
   [Clear CT: 0.1 ms]
   [Other: 0.4 ms]
      [Choose CSet: 0.0 ms]
      [Ref Proc: 0.1 ms]
      [Ref Enq: 0.0 ms]
      [Redirty Cards: 0.1 ms]
      [Humongous Register: 0.1 ms]
      [Humongous Reclaim: 0.0 ms]
      [Free CSet: 0.0 ms]
   [Eden: 4096.0K(235.0M)->0.0B(228.0M) Survivors: 7168.0K->9216.0K Heap: 543.8M(1024.0M)->540.8M(1024.0M)]
 [Times: user=0.00 sys=0.00, real=0.00 secs] 
2021-01-21T02:00:50.999+0800: [GC concurrent-root-region-scan-start]
2021-01-21T02:00:50.999+0800: [GC concurrent-root-region-scan-end, 0.0000767 secs]
2021-01-21T02:00:50.999+0800: [GC concurrent-mark-start]
2021-01-21T02:00:51.000+0800: [GC concurrent-mark-end, 0.0010131 secs]
2021-01-21T02:00:51.000+0800: [GC remark 2021-01-21T02:00:51.000+0800: [Finalize Marking, 0.0000851 secs] 2021-01-21T02:00:51.000+0800: [GC ref-proc, 0.0001424 secs] 2021-01-21T02:00:51.000+0800: [Unloading, 0.0003302 secs], 0.0009690 secs]
 [Times: user=0.00 sys=0.00, real=0.00 secs] 
2021-01-21T02:00:51.001+0800: [GC cleanup 551M->547M(1024M), 0.0004028 secs]
 [Times: user=0.00 sys=0.00, real=0.00 secs] 
2021-01-21T02:00:51.002+0800: [GC concurrent-cleanup-start]
2021-01-21T02:00:51.002+0800: [GC concurrent-cleanup-end, 0.0000125 secs]
2021-01-21T02:00:51.030+0800: [GC pause (G1 Evacuation Pause) (young), 0.0085770 secs]
   [Parallel Time: 7.3 ms, GC Workers: 13]
      [GC Worker Start (ms): Min: 1047.7, Avg: 1047.7, Max: 1047.8, Diff: 0.1]
      [Ext Root Scanning (ms): Min: 0.0, Avg: 0.1, Max: 0.1, Diff: 0.1, Sum: 1.0]
      [Update RS (ms): Min: 1.0, Avg: 1.0, Max: 1.0, Diff: 0.0, Sum: 12.6]
         [Processed Buffers: Min: 10, Avg: 13.9, Max: 17, Diff: 7, Sum: 181]
      [Scan RS (ms): Min: 0.0, Avg: 0.0, Max: 0.0, Diff: 0.0, Sum: 0.2]
      [Code Root Scanning (ms): Min: 0.0, Avg: 0.0, Max: 0.0, Diff: 0.0, Sum: 0.0]
      [Object Copy (ms): Min: 5.9, Avg: 6.0, Max: 6.1, Diff: 0.2, Sum: 78.0]
      [Termination (ms): Min: 0.0, Avg: 0.1, Max: 0.2, Diff: 0.2, Sum: 0.8]
         [Termination Attempts: Min: 1, Avg: 1.0, Max: 1, Diff: 0, Sum: 13]
      [GC Worker Other (ms): Min: 0.0, Avg: 0.0, Max: 0.1, Diff: 0.1, Sum: 0.3]
      [GC Worker Total (ms): Min: 7.1, Avg: 7.2, Max: 7.2, Diff: 0.1, Sum: 93.0]
      [GC Worker End (ms): Min: 1054.9, Avg: 1054.9, Max: 1054.9, Diff: 0.0]
   [Code Root Fixup: 0.0 ms]
   [Code Root Purge: 0.0 ms]
   [Clear CT: 0.1 ms]
   [Other: 1.1 ms]
      [Choose CSet: 0.0 ms]
      [Ref Proc: 0.2 ms]
      [Ref Enq: 0.0 ms]
      [Redirty Cards: 0.6 ms]
      [Humongous Register: 0.1 ms]
      [Humongous Reclaim: 0.1 ms]
      [Free CSet: 0.1 ms]
   [Eden: 228.0M(228.0M)->0.0B(21.0M) Survivors: 9216.0K->30.0M Heap: 831.9M(1024.0M)->609.5M(1024.0M)]
 [Times: user=0.20 sys=0.00, real=0.01 secs] 
2021-01-21T02:00:51.041+0800: [GC pause (G1 Evacuation Pause) (mixed), 0.0060687 secs]
   [Parallel Time: 5.3 ms, GC Workers: 13]
      [GC Worker Start (ms): Min: 1059.5, Avg: 1059.5, Max: 1059.6, Diff: 0.1]
      [Ext Root Scanning (ms): Min: 0.1, Avg: 0.1, Max: 0.1, Diff: 0.1, Sum: 1.1]
      [Update RS (ms): Min: 0.2, Avg: 0.3, Max: 0.3, Diff: 0.1, Sum: 3.4]
         [Processed Buffers: Min: 4, Avg: 4.4, Max: 7, Diff: 3, Sum: 57]
      [Scan RS (ms): Min: 0.0, Avg: 0.0, Max: 0.1, Diff: 0.0, Sum: 0.3]
      [Code Root Scanning (ms): Min: 0.0, Avg: 0.0, Max: 0.0, Diff: 0.0, Sum: 0.0]
      [Object Copy (ms): Min: 4.7, Avg: 4.7, Max: 4.8, Diff: 0.1, Sum: 61.4]
      [Termination (ms): Min: 0.0, Avg: 0.1, Max: 0.1, Diff: 0.1, Sum: 0.8]
         [Termination Attempts: Min: 1, Avg: 1.1, Max: 2, Diff: 1, Sum: 14]
      [GC Worker Other (ms): Min: 0.0, Avg: 0.0, Max: 0.0, Diff: 0.0, Sum: 0.1]
      [GC Worker Total (ms): Min: 5.1, Avg: 5.2, Max: 5.2, Diff: 0.1, Sum: 67.0]
      [GC Worker End (ms): Min: 1064.7, Avg: 1064.7, Max: 1064.7, Diff: 0.0]
   [Code Root Fixup: 0.0 ms]
   [Code Root Purge: 0.0 ms]
   [Clear CT: 0.1 ms]
   [Other: 0.7 ms]
      [Choose CSet: 0.0 ms]
      [Ref Proc: 0.2 ms]
      [Ref Enq: 0.0 ms]
      [Redirty Cards: 0.1 ms]
      [Humongous Register: 0.1 ms]
      [Humongous Reclaim: 0.0 ms]
      [Free CSet: 0.1 ms]
   [Eden: 21.0M(21.0M)->0.0B(44.0M) Survivors: 30.0M->7168.0K Heap: 635.8M(1024.0M)->529.0M(1024.0M)]
 [Times: user=0.20 sys=0.00, real=0.01 secs] 
2021-01-21T02:00:51.053+0800: [GC pause (G1 Evacuation Pause) (mixed), 0.0054688 secs]
   [Parallel Time: 4.8 ms, GC Workers: 13]
      [GC Worker Start (ms): Min: 1071.3, Avg: 1071.3, Max: 1071.4, Diff: 0.1]
      [Ext Root Scanning (ms): Min: 0.0, Avg: 0.1, Max: 0.1, Diff: 0.1, Sum: 1.1]
      [Update RS (ms): Min: 0.4, Avg: 0.5, Max: 0.5, Diff: 0.0, Sum: 6.1]
         [Processed Buffers: Min: 6, Avg: 7.2, Max: 8, Diff: 2, Sum: 93]
      [Scan RS (ms): Min: 0.0, Avg: 0.0, Max: 0.0, Diff: 0.0, Sum: 0.3]
      [Code Root Scanning (ms): Min: 0.0, Avg: 0.0, Max: 0.0, Diff: 0.0, Sum: 0.0]
      [Object Copy (ms): Min: 3.9, Avg: 3.9, Max: 3.9, Diff: 0.1, Sum: 50.9]
      [Termination (ms): Min: 0.0, Avg: 0.0, Max: 0.1, Diff: 0.1, Sum: 0.4]
         [Termination Attempts: Min: 1, Avg: 1.4, Max: 4, Diff: 3, Sum: 18]
      [GC Worker Other (ms): Min: 0.0, Avg: 0.0, Max: 0.0, Diff: 0.0, Sum: 0.2]
      [GC Worker Total (ms): Min: 4.5, Avg: 4.5, Max: 4.6, Diff: 0.1, Sum: 58.8]
      [GC Worker End (ms): Min: 1075.8, Avg: 1075.9, Max: 1075.9, Diff: 0.0]
   [Code Root Fixup: 0.0 ms]
   [Code Root Purge: 0.0 ms]
   [Clear CT: 0.1 ms]
   [Other: 0.6 ms]
      [Choose CSet: 0.0 ms]
      [Ref Proc: 0.1 ms]
      [Ref Enq: 0.0 ms]
      [Redirty Cards: 0.1 ms]
      [Humongous Register: 0.1 ms]
      [Humongous Reclaim: 0.0 ms]
      [Free CSet: 0.1 ms]
   [Eden: 44.0M(44.0M)->0.0B(264.0M) Survivors: 7168.0K->7168.0K Heap: 582.8M(1024.0M)->497.0M(1024.0M)]
 [Times: user=0.00 sys=0.00, real=0.01 secs] 
2021-01-21T02:00:51.059+0800: [GC pause (G1 Humongous Allocation) (young) (initial-mark), 0.0012955 secs]
   [Parallel Time: 0.9 ms, GC Workers: 13]
      [GC Worker Start (ms): Min: 1077.3, Avg: 1077.3, Max: 1077.3, Diff: 0.0]
      [Ext Root Scanning (ms): Min: 0.1, Avg: 0.1, Max: 0.1, Diff: 0.0, Sum: 1.1]
      [Update RS (ms): Min: 0.0, Avg: 0.1, Max: 0.4, Diff: 0.4, Sum: 1.0]
         [Processed Buffers: Min: 1, Avg: 1.1, Max: 2, Diff: 1, Sum: 14]
      [Scan RS (ms): Min: 0.0, Avg: 0.0, Max: 0.0, Diff: 0.0, Sum: 0.0]
      [Code Root Scanning (ms): Min: 0.0, Avg: 0.0, Max: 0.0, Diff: 0.0, Sum: 0.0]
      [Object Copy (ms): Min: 0.3, Avg: 0.6, Max: 0.7, Diff: 0.4, Sum: 8.0]
      [Termination (ms): Min: 0.0, Avg: 0.0, Max: 0.1, Diff: 0.1, Sum: 0.6]
         [Termination Attempts: Min: 1, Avg: 1.0, Max: 1, Diff: 0, Sum: 13]
      [GC Worker Other (ms): Min: 0.0, Avg: 0.0, Max: 0.0, Diff: 0.0, Sum: 0.1]
      [GC Worker Total (ms): Min: 0.8, Avg: 0.8, Max: 0.8, Diff: 0.0, Sum: 10.7]
      [GC Worker End (ms): Min: 1078.1, Avg: 1078.1, Max: 1078.1, Diff: 0.0]
   [Code Root Fixup: 0.0 ms]
   [Code Root Purge: 0.0 ms]
   [Clear CT: 0.1 ms]
   [Other: 0.3 ms]
      [Choose CSet: 0.0 ms]
      [Ref Proc: 0.1 ms]
      [Ref Enq: 0.0 ms]
      [Redirty Cards: 0.1 ms]
      [Humongous Register: 0.1 ms]
      [Humongous Reclaim: 0.0 ms]
      [Free CSet: 0.0 ms]
   [Eden: 5120.0K(264.0M)->0.0B(276.0M) Survivors: 7168.0K->9216.0K Heap: 501.4M(1024.0M)->497.8M(1024.0M)]
 [Times: user=0.00 sys=0.00, real=0.00 secs] 
2021-01-21T02:00:51.060+0800: [GC concurrent-root-region-scan-start]
2021-01-21T02:00:51.060+0800: [GC concurrent-root-region-scan-end, 0.0000763 secs]
2021-01-21T02:00:51.060+0800: [GC concurrent-mark-start]
2021-01-21T02:00:51.061+0800: [GC concurrent-mark-end, 0.0009426 secs]
2021-01-21T02:00:51.061+0800: [GC remark 2021-01-21T02:00:51.061+0800: [Finalize Marking, 0.0001014 secs] 2021-01-21T02:00:51.061+0800: [GC ref-proc, 0.0001446 secs] 2021-01-21T02:00:51.061+0800: [Unloading, 0.0003577 secs], 0.0010281 secs]
 [Times: user=0.14 sys=0.00, real=0.00 secs] 
2021-01-21T02:00:51.062+0800: [GC cleanup 511M->509M(1024M), 0.0004588 secs]
 [Times: user=0.00 sys=0.00, real=0.00 secs] 
2021-01-21T02:00:51.063+0800: [GC concurrent-cleanup-start]
2021-01-21T02:00:51.063+0800: [GC concurrent-cleanup-end, 0.0000101 secs]
2021-01-21T02:00:51.097+0800: [GC pause (G1 Evacuation Pause) (young) (to-space exhausted), 0.0080040 secs]
   [Parallel Time: 7.0 ms, GC Workers: 13]
      [GC Worker Start (ms): Min: 1115.0, Avg: 1115.0, Max: 1115.1, Diff: 0.1]
      [Ext Root Scanning (ms): Min: 0.1, Avg: 0.1, Max: 0.1, Diff: 0.1, Sum: 1.0]
      [Update RS (ms): Min: 1.1, Avg: 1.1, Max: 1.1, Diff: 0.0, Sum: 14.3]
         [Processed Buffers: Min: 10, Avg: 15.9, Max: 19, Diff: 9, Sum: 207]
      [Scan RS (ms): Min: 0.0, Avg: 0.0, Max: 0.0, Diff: 0.0, Sum: 0.2]
      [Code Root Scanning (ms): Min: 0.0, Avg: 0.0, Max: 0.0, Diff: 0.0, Sum: 0.0]
      [Object Copy (ms): Min: 5.5, Avg: 5.6, Max: 5.6, Diff: 0.1, Sum: 72.3]
      [Termination (ms): Min: 0.0, Avg: 0.0, Max: 0.1, Diff: 0.1, Sum: 0.6]
         [Termination Attempts: Min: 1, Avg: 1.0, Max: 1, Diff: 0, Sum: 13]
      [GC Worker Other (ms): Min: 0.0, Avg: 0.0, Max: 0.1, Diff: 0.1, Sum: 0.4]
      [GC Worker Total (ms): Min: 6.8, Avg: 6.8, Max: 6.9, Diff: 0.1, Sum: 88.9]
      [GC Worker End (ms): Min: 1121.8, Avg: 1121.9, Max: 1121.9, Diff: 0.1]
   [Code Root Fixup: 0.0 ms]
   [Code Root Purge: 0.0 ms]
   [Clear CT: 0.2 ms]
   [Other: 0.8 ms]
      [Evacuation Failure: 0.1 ms]
      [Choose CSet: 0.0 ms]
      [Ref Proc: 0.3 ms]
      [Ref Enq: 0.0 ms]
      [Redirty Cards: 0.1 ms]
      [Humongous Register: 0.1 ms]
      [Humongous Reclaim: 0.1 ms]
      [Free CSet: 0.1 ms]
   [Eden: 276.0M(276.0M)->0.0B(15.0M) Survivors: 9216.0K->36.0M Heap: 844.1M(1024.0M)->603.6M(1024.0M)]
 [Times: user=0.00 sys=0.00, real=0.01 secs] 
2021-01-21T02:00:51.107+0800: [GC pause (G1 Evacuation Pause) (mixed), 0.0074362 secs]
   [Parallel Time: 6.3 ms, GC Workers: 13]
      [GC Worker Start (ms): Min: 1124.9, Avg: 1125.0, Max: 1125.0, Diff: 0.1]
      [Ext Root Scanning (ms): Min: 0.1, Avg: 0.1, Max: 0.1, Diff: 0.1, Sum: 1.1]
      [Update RS (ms): Min: 0.2, Avg: 0.3, Max: 0.3, Diff: 0.0, Sum: 3.4]
         [Processed Buffers: Min: 3, Avg: 4.5, Max: 7, Diff: 4, Sum: 58]
      [Scan RS (ms): Min: 0.0, Avg: 0.0, Max: 0.1, Diff: 0.1, Sum: 0.4]
      [Code Root Scanning (ms): Min: 0.0, Avg: 0.0, Max: 0.0, Diff: 0.0, Sum: 0.0]
      [Object Copy (ms): Min: 5.7, Avg: 5.8, Max: 5.8, Diff: 0.1, Sum: 75.2]
      [Termination (ms): Min: 0.0, Avg: 0.1, Max: 0.1, Diff: 0.1, Sum: 0.7]
         [Termination Attempts: Min: 1, Avg: 1.4, Max: 3, Diff: 2, Sum: 18]
      [GC Worker Other (ms): Min: 0.0, Avg: 0.0, Max: 0.0, Diff: 0.0, Sum: 0.1]
      [GC Worker Total (ms): Min: 6.2, Avg: 6.2, Max: 6.2, Diff: 0.1, Sum: 80.9]
      [GC Worker End (ms): Min: 1131.2, Avg: 1131.2, Max: 1131.2, Diff: 0.0]
   [Code Root Fixup: 0.0 ms]
   [Code Root Purge: 0.0 ms]
   [Clear CT: 0.2 ms]
   [Other: 0.9 ms]
      [Choose CSet: 0.0 ms]
      [Ref Proc: 0.5 ms]
      [Ref Enq: 0.0 ms]
      [Redirty Cards: 0.1 ms]
      [Humongous Register: 0.1 ms]
      [Humongous Reclaim: 0.0 ms]
      [Free CSet: 0.1 ms]
   [Eden: 15.0M(15.0M)->0.0B(239.0M) Survivors: 36.0M->7168.0K Heap: 623.9M(1024.0M)->538.2M(1024.0M)]
 [Times: user=0.20 sys=0.00, real=0.01 secs] 
!:22285
Heap
 garbage-first heap   total 1048576K, used 551104K [0x00000000c0000000, 0x00000000c0102000, 0x0000000100000000)
  region size 1024K, 8 young (8192K), 7 survivors (7168K)
 Metaspace       used 3127K, capacity 4556K, committed 4864K, reserved 1056768K
  class space    used 332K, capacity 392K, committed 512K, reserved 1048576K