2021-01-21T01:51:23.760+0800: [GC (Allocation Failure) 2021-01-21T01:51:23.760+0800: [DefNew: 139776K->17472K(157248K), 0.0134909 secs] 139776K->45382K(506816K), 0.0135306 secs] [Times: user=0.00 sys=0.02, real=0.01 secs] 
2021-01-21T01:51:23.787+0800: [GC (Allocation Failure) 2021-01-21T01:51:23.787+0800: [DefNew: 157248K->17469K(157248K), 0.0198029 secs] 185158K->91768K(506816K), 0.0198290 secs] [Times: user=0.00 sys=0.02, real=0.02 secs] 
2021-01-21T01:51:23.820+0800: [GC (Allocation Failure) 2021-01-21T01:51:23.820+0800: [DefNew: 157245K->17470K(157248K), 0.0164082 secs] 231544K->138577K(506816K), 0.0164356 secs] [Times: user=0.02 sys=0.00, real=0.02 secs] 
2021-01-21T01:51:23.848+0800: [GC (Allocation Failure) 2021-01-21T01:51:23.848+0800: [DefNew: 157246K->17470K(157248K), 0.0155068 secs] 278353K->182776K(506816K), 0.0155328 secs] [Times: user=0.00 sys=0.01, real=0.01 secs] 
2021-01-21T01:51:23.875+0800: [GC (Allocation Failure) 2021-01-21T01:51:23.875+0800: [DefNew: 157246K->17471K(157248K), 0.0166866 secs] 322552K->229347K(506816K), 0.0167152 secs] [Times: user=0.01 sys=0.00, real=0.02 secs] 
2021-01-21T01:51:23.902+0800: [GC (Allocation Failure) 2021-01-21T01:51:23.902+0800: [DefNew: 157247K->17470K(157248K), 0.0154584 secs] 369123K->276221K(506816K), 0.0154840 secs] [Times: user=0.00 sys=0.02, real=0.02 secs] 
2021-01-21T01:51:23.929+0800: [GC (Allocation Failure) 2021-01-21T01:51:23.929+0800: [DefNew: 157246K->17471K(157248K), 0.0133438 secs] 415997K->316748K(506816K), 0.0133705 secs] [Times: user=0.00 sys=0.01, real=0.01 secs] 
2021-01-21T01:51:23.954+0800: [GC (Allocation Failure) 2021-01-21T01:51:23.954+0800: [DefNew: 157247K->157247K(157248K), 0.0000122 secs]2021-01-21T01:51:23.954+0800: [Tenured: 299277K->271070K(349568K), 0.0264103 secs] 456524K->271070K(506816K), [Metaspace: 3120K->3120K(1056768K)], 0.0264595 secs] [Times: user=0.02 sys=0.00, real=0.03 secs] 
2021-01-21T01:51:23.992+0800: [GC (Allocation Failure) 2021-01-21T01:51:23.992+0800: [DefNew: 139776K->17469K(157248K), 0.0051822 secs] 410846K->317250K(506816K), 0.0052085 secs] [Times: user=0.00 sys=0.00, real=0.01 secs] 
2021-01-21T01:51:24.009+0800: [GC (Allocation Failure) 2021-01-21T01:51:24.009+0800: [DefNew: 157245K->157245K(157248K), 0.0000116 secs]2021-01-21T01:51:24.009+0800: [Tenured: 299780K->299874K(349568K), 0.0286503 secs] 457026K->299874K(506816K), [Metaspace: 3120K->3120K(1056768K)], 0.0286975 secs] [Times: user=0.03 sys=0.00, real=0.03 secs] 
2021-01-21T01:51:24.049+0800: [GC (Allocation Failure) 2021-01-21T01:51:24.049+0800: [DefNew: 139776K->17470K(157248K), 0.0107646 secs] 439650K->350432K(506816K), 0.0107911 secs] [Times: user=0.00 sys=0.00, real=0.01 secs] 
2021-01-21T01:51:24.070+0800: [GC (Allocation Failure) 2021-01-21T01:51:24.070+0800: [DefNew: 157246K->157246K(157248K), 0.0000113 secs]2021-01-21T01:51:24.070+0800: [Tenured: 332962K->339819K(349568K), 0.0360849 secs] 490208K->339819K(506816K), [Metaspace: 3120K->3120K(1056768K)], 0.0361305 secs] [Times: user=0.03 sys=0.00, real=0.04 secs] 
2021-01-21T01:51:24.119+0800: [GC (Allocation Failure) 2021-01-21T01:51:24.119+0800: [DefNew: 139776K->139776K(157248K), 0.0000124 secs]2021-01-21T01:51:24.119+0800: [Tenured: 339819K->329704K(349568K), 0.0337064 secs] 479595K->329704K(506816K), [Metaspace: 3120K->3120K(1056768K)], 0.0337519 secs] [Times: user=0.03 sys=0.00, real=0.03 secs] 
2021-01-21T01:51:24.165+0800: [GC (Allocation Failure) 2021-01-21T01:51:24.165+0800: [DefNew: 139776K->139776K(157248K), 0.0000117 secs]2021-01-21T01:51:24.165+0800: [Tenured: 329704K->349531K(349568K), 0.0215524 secs] 469480K->357588K(506816K), [Metaspace: 3120K->3120K(1056768K)], 0.0215985 secs] [Times: user=0.01 sys=0.00, real=0.02 secs] 
2021-01-21T01:51:24.199+0800: [Full GC (Allocation Failure) 2021-01-21T01:51:24.199+0800: [Tenured: 349531K->349433K(349568K), 0.0312489 secs] 506509K->366147K(506816K), [Metaspace: 3120K->3120K(1056768K)], 0.0312784 secs] [Times: user=0.03 sys=0.00, real=0.03 secs] 
2021-01-21T01:51:24.243+0800: [Full GC (Allocation Failure) 2021-01-21T01:51:24.243+0800: [Tenured: 349433K->349418K(349568K), 0.0328314 secs] 506491K->374781K(506816K), [Metaspace: 3120K->3120K(1056768K)], 0.0328629 secs] [Times: user=0.03 sys=0.00, real=0.03 secs] 
2021-01-21T01:51:24.287+0800: [Full GC (Allocation Failure) 2021-01-21T01:51:24.287+0800: [Tenured: 349418K->349546K(349568K), 0.0379215 secs] 506450K->365570K(506816K), [Metaspace: 3120K->3120K(1056768K)], 0.0379517 secs] [Times: user=0.03 sys=0.00, real=0.04 secs] 
2021-01-21T01:51:24.337+0800: [Full GC (Allocation Failure) 2021-01-21T01:51:24.337+0800: [Tenured: 349546K->349349K(349568K), 0.0223973 secs] 506750K->392251K(506816K), [Metaspace: 3120K->3120K(1056768K)], 0.0224280 secs] [Times: user=0.03 sys=0.00, real=0.02 secs] 
2021-01-21T01:51:24.370+0800: [Full GC (Allocation Failure) 2021-01-21T01:51:24.370+0800: [Tenured: 349349K->349210K(349568K), 0.0307951 secs] 506576K->396044K(506816K), [Metaspace: 3120K->3120K(1056768K)], 0.0308258 secs] [Times: user=0.03 sys=0.00, real=0.03 secs] 
2021-01-21T01:51:24.410+0800: [Full GC (Allocation Failure) 2021-01-21T01:51:24.410+0800: [Tenured: 349210K->349340K(349568K), 0.0332187 secs] 506027K->390495K(506816K), [Metaspace: 3120K->3120K(1056768K)], 0.0332483 secs] [Times: user=0.03 sys=0.00, real=0.03 secs] 
2021-01-21T01:51:24.454+0800: [Full GC (Allocation Failure) 2021-01-21T01:51:24.454+0800: [Tenured: 349435K->349160K(349568K), 0.0391776 secs] 506637K->362091K(506816K), [Metaspace: 3120K->3120K(1056768K)], 0.0392071 secs] [Times: user=0.03 sys=0.00, real=0.04 secs] 
2021-01-21T01:51:24.506+0800: [Full GC (Allocation Failure) 2021-01-21T01:51:24.506+0800: [Tenured: 349556K->349401K(349568K), 0.0220221 secs] 506743K->383022K(506816K), [Metaspace: 3120K->3120K(1056768K)], 0.0220531 secs] [Times: user=0.01 sys=0.00, real=0.02 secs] 
2021-01-21T01:51:24.541+0800: [Full GC (Allocation Failure) 2021-01-21T01:51:24.541+0800: [Tenured: 349557K->349494K(349568K), 0.0299804 secs] 506788K->381690K(506816K), [Metaspace: 3120K->3120K(1056768K)], 0.0300138 secs] [Times: user=0.03 sys=0.00, real=0.03 secs] 
2021-01-21T01:51:24.582+0800: [Full GC (Allocation Failure) 2021-01-21T01:51:24.582+0800: [Tenured: 349494K->349400K(349568K), 0.0317165 secs] 506632K->384727K(506816K), [Metaspace: 3120K->3120K(1056768K)], 0.0317481 secs] [Times: user=0.03 sys=0.00, real=0.03 secs] 
2021-01-21T01:51:24.625+0800: [Full GC (Allocation Failure) 2021-01-21T01:51:24.625+0800: [Tenured: 349544K->349535K(349568K), 0.0375676 secs] 506714K->368960K(506816K), [Metaspace: 3120K->3120K(1056768K)], 0.0375988 secs] [Times: user=0.03 sys=0.00, real=0.04 secs] 
2021-01-21T01:51:24.674+0800: [Full GC (Allocation Failure) 2021-01-21T01:51:24.674+0800: [Tenured: 349535K->349462K(349568K), 0.0278097 secs] 506619K->391154K(506816K), [Metaspace: 3120K->3120K(1056768K)], 0.0278441 secs] [Times: user=0.02 sys=0.00, real=0.03 secs] 
2021-01-21T01:51:24.712+0800: [Full GC (Allocation Failure) 2021-01-21T01:51:24.712+0800: [Tenured: 349462K->349547K(349568K), 0.0302132 secs] 506671K->391717K(506816K), [Metaspace: 3120K->3120K(1056768K)], 0.0302462 secs] [Times: user=0.03 sys=0.00, real=0.03 secs] 
执行结束!共生成对象次数:13790
Heap
 def new generation   total 157248K, used 47761K [0x00000000e0000000, 0x00000000eaaa0000, 0x00000000eaaa0000)
  eden space 139776K,  34% used [0x00000000e0000000, 0x00000000e2ea47c0, 0x00000000e8880000)
  from space 17472K,   0% used [0x00000000e9990000, 0x00000000e9990000, 0x00000000eaaa0000)
  to   space 17472K,   0% used [0x00000000e8880000, 0x00000000e8880000, 0x00000000e9990000)
 tenured generation   total 349568K, used 349547K [0x00000000eaaa0000, 0x0000000100000000, 0x0000000100000000)
   the space 349568K,  99% used [0x00000000eaaa0000, 0x00000000ffffad68, 0x00000000ffffae00, 0x0000000100000000)
 Metaspace       used 3127K, capacity 4556K, committed 4864K, reserved 1056768K
  class space    used 332K, capacity 392K, committed 512K, reserved 1048576K