2021-01-21T01:52:41.383+0800: [GC (Allocation Failure) 2021-01-21T01:52:41.383+0800: [DefNew: 1118528K->139776K(1258304K), 0.0650557 secs] 1118528K->240980K(4054528K), 0.0651059 secs] [Times: user=0.03 sys=0.03, real=0.07 secs] 
2021-01-21T01:52:41.555+0800: [GC (Allocation Failure) 2021-01-21T01:52:41.555+0800: [DefNew: 1258304K->139775K(1258304K), 0.0719469 secs] 1359508K->385018K(4054528K), 0.0719752 secs] [Times: user=0.05 sys=0.03, real=0.07 secs] 
2021-01-21T01:52:41.723+0800: [GC (Allocation Failure) 2021-01-21T01:52:41.723+0800: [DefNew: 1258303K->139775K(1258304K), 0.0535367 secs] 1503546K->537921K(4054528K), 0.0535641 secs] [Times: user=0.05 sys=0.00, real=0.05 secs] 
2021-01-21T01:52:41.875+0800: [GC (Allocation Failure) 2021-01-21T01:52:41.875+0800: [DefNew: 1258303K->139775K(1258304K), 0.0556602 secs] 1656449K->702147K(4054528K), 0.0556857 secs] [Times: user=0.02 sys=0.03, real=0.06 secs] 
2021-01-21T01:52:42.023+0800: [GC (Allocation Failure) 2021-01-21T01:52:42.023+0800: [DefNew: 1258303K->139775K(1258304K), 0.0482114 secs] 1820675K->839504K(4054528K), 0.0482440 secs] [Times: user=0.05 sys=0.00, real=0.05 secs] 
执行结束!共生成对象次数:20903
Heap
 def new generation   total 1258304K, used 184484K [0x00000006c0000000, 0x0000000715550000, 0x0000000715550000)
  eden space 1118528K,   3% used [0x00000006c0000000, 0x00000006c2ba9480, 0x0000000704450000)
  from space 139776K,  99% used [0x000000070ccd0000, 0x000000071554fef8, 0x0000000715550000)
  to   space 139776K,   0% used [0x0000000704450000, 0x0000000704450000, 0x000000070ccd0000)
 tenured generation   total 2796224K, used 699729K [0x0000000715550000, 0x00000007c0000000, 0x00000007c0000000)
   the space 2796224K,  25% used [0x0000000715550000, 0x00000007400a44b8, 0x00000007400a4600, 0x00000007c0000000)
 Metaspace       used 3126K, capacity 4556K, committed 4864K, reserved 1056768K
  class space    used 332K, capacity 392K, committed 512K, reserved 1048576K

