2021-01-22T01:34:18.187+0800: [GC (Allocation Failure) 2021-01-22T01:34:18.187+0800: [DefNew: 2236928K->279616K(2516544K), 0.0816509 secs] 2236928K->322372K(8108992K), 0.0816970 secs] [Times: user=0.08 sys=0.02, real=0.08 secs] 
2021-01-22T01:34:18.470+0800: [GC (Allocation Failure) 2021-01-22T01:34:18.470+0800: [DefNew: 2516544K->279615K(2516544K), 0.1195196 secs] 2559300K->421915K(8108992K), 0.1195490 secs] [Times: user=0.03 sys=0.06, real=0.12 secs] 
执行结束!共生成对象次数:17788
Heap
 def new generation   total 2516544K, used 570021K [0x00000005c0000000, 0x000000066aaa0000, 0x000000066aaa0000)
  eden space 2236928K,  12% used [0x00000005c0000000, 0x00000005d1b99858, 0x0000000648880000)
  from space 279616K,  99% used [0x0000000648880000, 0x000000065998fc38, 0x0000000659990000)
  to   space 279616K,   0% used [0x0000000659990000, 0x0000000659990000, 0x000000066aaa0000)
 tenured generation   total 5592448K, used 142300K [0x000000066aaa0000, 0x00000007c0000000, 0x00000007c0000000)
   the space 5592448K,   2% used [0x000000066aaa0000, 0x00000006735971a0, 0x0000000673597200, 0x00000007c0000000)
 Metaspace       used 3127K, capacity 4556K, committed 4864K, reserved 1056768K
  class space    used 332K, capacity 392K, committed 512K, reserved 1048576K