2021-01-21T01:52:13.936+0800: [GC (Allocation Failure) 2021-01-21T01:52:13.936+0800: [DefNew: 559232K->69888K(629120K), 0.0388371 secs] 559232K->153999K(2027264K), 0.0388815 secs] [Times: user=0.02 sys=0.03, real=0.04 secs] 
2021-01-21T01:52:14.026+0800: [GC (Allocation Failure) 2021-01-21T01:52:14.026+0800: [DefNew: 629120K->69887K(629120K), 0.0484587 secs] 713231K->278349K(2027264K), 0.0484874 secs] [Times: user=0.02 sys=0.03, real=0.05 secs] 
2021-01-21T01:52:14.120+0800: [GC (Allocation Failure) 2021-01-21T01:52:14.120+0800: [DefNew: 629119K->69887K(629120K), 0.0393638 secs] 837581K->408959K(2027264K), 0.0393908 secs] [Times: user=0.02 sys=0.03, real=0.04 secs] 
2021-01-21T01:52:14.207+0800: [GC (Allocation Failure) 2021-01-21T01:52:14.207+0800: [DefNew: 629119K->69888K(629120K), 0.0398312 secs] 968191K->537964K(2027264K), 0.0398595 secs] [Times: user=0.03 sys=0.00, real=0.04 secs] 
2021-01-21T01:52:14.294+0800: [GC (Allocation Failure) 2021-01-21T01:52:14.294+0800: [DefNew: 629120K->69887K(629120K), 0.0406649 secs] 1097196K->668596K(2027264K), 0.0406903 secs] [Times: user=0.03 sys=0.01, real=0.04 secs] 
2021-01-21T01:52:14.385+0800: [GC (Allocation Failure) 2021-01-21T01:52:14.385+0800: [DefNew: 629119K->69887K(629120K), 0.0392262 secs] 1227828K->794442K(2027264K), 0.0392529 secs] [Times: user=0.03 sys=0.02, real=0.04 secs] 
2021-01-21T01:52:14.471+0800: [GC (Allocation Failure) 2021-01-21T01:52:14.471+0800: [DefNew: 629119K->69887K(629120K), 0.0387760 secs] 1353674K->919960K(2027264K), 0.0388048 secs] [Times: user=0.01 sys=0.02, real=0.04 secs] 
2021-01-21T01:52:14.556+0800: [GC (Allocation Failure) 2021-01-21T01:52:14.556+0800: [DefNew: 629119K->69887K(629120K), 0.0389063 secs] 1479192K->1043281K(2027264K), 0.0389353 secs] [Times: user=0.05 sys=0.00, real=0.04 secs] 
2021-01-21T01:52:14.643+0800: [GC (Allocation Failure) 2021-01-21T01:52:14.643+0800: [DefNew: 629119K->69887K(629120K), 0.0392765 secs] 1602513K->1167661K(2027264K), 0.0393044 secs] [Times: user=0.00 sys=0.03, real=0.04 secs] 
2021-01-21T01:52:14.728+0800: [GC (Allocation Failure) 2021-01-21T01:52:14.728+0800: [DefNew: 629119K->69887K(629120K), 0.0382401 secs] 1726893K->1293606K(2027264K), 0.0382684 secs] [Times: user=0.03 sys=0.02, real=0.04 secs] 
执行结束!共生成对象次数:21720
Heap
 def new generation   total 629120K, used 268244K [0x0000000080000000, 0x00000000aaaa0000, 0x00000000aaaa0000)
  eden space 559232K,  35% used [0x0000000080000000, 0x000000008c1b51c8, 0x00000000a2220000)
  from space 69888K,  99% used [0x00000000a2220000, 0x00000000a665fff0, 0x00000000a6660000)
  to   space 69888K,   0% used [0x00000000a6660000, 0x00000000a6660000, 0x00000000aaaa0000)
 tenured generation   total 1398144K, used 1223718K [0x00000000aaaa0000, 0x0000000100000000, 0x0000000100000000)
   the space 1398144K,  87% used [0x00000000aaaa0000, 0x00000000f55a9850, 0x00000000f55a9a00, 0x0000000100000000)
 Metaspace       used 3127K, capacity 4556K, committed 4864K, reserved 1056768K
  class space    used 332K, capacity 392K, committed 512K, reserved 1048576K