2021-01-21T01:51:48.521+0800: [GC (Allocation Failure) 2021-01-21T01:51:48.521+0800: [DefNew: 279616K->34944K(314560K), 0.0255159 secs] 279616K->84821K(1013632K), 0.0255594 secs] [Times: user=0.02 sys=0.02, real=0.03 secs] 
2021-01-21T01:51:48.575+0800: [GC (Allocation Failure) 2021-01-21T01:51:48.575+0800: [DefNew: 314560K->34943K(314560K), 0.0311324 secs] 364437K->169068K(1013632K), 0.0311597 secs] [Times: user=0.01 sys=0.01, real=0.03 secs] 
2021-01-21T01:51:48.630+0800: [GC (Allocation Failure) 2021-01-21T01:51:48.630+0800: [DefNew: 314559K->34944K(314560K), 0.0207683 secs] 448684K->238133K(1013632K), 0.0207966 secs] [Times: user=0.02 sys=0.00, real=0.02 secs] 
2021-01-21T01:51:48.673+0800: [GC (Allocation Failure) 2021-01-21T01:51:48.673+0800: [DefNew: 314560K->34943K(314560K), 0.0243662 secs] 517749K->322138K(1013632K), 0.0243930 secs] [Times: user=0.00 sys=0.02, real=0.02 secs] 
2021-01-21T01:51:48.721+0800: [GC (Allocation Failure) 2021-01-21T01:51:48.721+0800: [DefNew: 314559K->34942K(314560K), 0.0235542 secs] 601754K->401909K(1013632K), 0.0235825 secs] [Times: user=0.00 sys=0.02, real=0.02 secs] 
2021-01-21T01:51:48.767+0800: [GC (Allocation Failure) 2021-01-21T01:51:48.767+0800: [DefNew: 314558K->34941K(314560K), 0.0239835 secs] 681525K->484153K(1013632K), 0.0240137 secs] [Times: user=0.00 sys=0.02, real=0.02 secs] 
2021-01-21T01:51:48.814+0800: [GC (Allocation Failure) 2021-01-21T01:51:48.815+0800: [DefNew: 314557K->34943K(314560K), 0.0236012 secs] 763769K->563853K(1013632K), 0.0236308 secs] [Times: user=0.02 sys=0.00, real=0.02 secs] 
2021-01-21T01:51:48.861+0800: [GC (Allocation Failure) 2021-01-21T01:51:48.861+0800: [DefNew: 314559K->34944K(314560K), 0.0246866 secs] 843469K->648444K(1013632K), 0.0247138 secs] [Times: user=0.00 sys=0.02, real=0.02 secs] 
2021-01-21T01:51:48.908+0800: [GC (Allocation Failure) 2021-01-21T01:51:48.908+0800: [DefNew: 314560K->314560K(314560K), 0.0000119 secs]2021-01-21T01:51:48.908+0800: [Tenured: 613500K->384891K(699072K), 0.0362717 secs] 928060K->384891K(1013632K), [Metaspace: 3120K->3120K(1056768K)], 0.0363189 secs] [Times: user=0.03 sys=0.00, real=0.04 secs] 
2021-01-21T01:51:48.967+0800: [GC (Allocation Failure) 2021-01-21T01:51:48.967+0800: [DefNew: 279616K->34942K(314560K), 0.0097900 secs] 664507K->471847K(1013632K), 0.0098183 secs] [Times: user=0.02 sys=0.00, real=0.01 secs] 
2021-01-21T01:51:49.001+0800: [GC (Allocation Failure) 2021-01-21T01:51:49.001+0800: [DefNew: 314558K->34943K(314560K), 0.0158143 secs] 751463K->555513K(1013632K), 0.0158428 secs] [Times: user=0.02 sys=0.00, real=0.02 secs] 
2021-01-21T01:51:49.041+0800: [GC (Allocation Failure) 2021-01-21T01:51:49.041+0800: [DefNew: 314559K->34943K(314560K), 0.0148580 secs] 835129K->641519K(1013632K), 0.0148845 secs] [Times: user=0.02 sys=0.00, real=0.01 secs] 
2021-01-21T01:51:49.079+0800: [GC (Allocation Failure) 2021-01-21T01:51:49.079+0800: [DefNew: 314559K->314559K(314560K), 0.0000120 secs]2021-01-21T01:51:49.079+0800: [Tenured: 606575K->405940K(699072K), 0.0396022 secs] 921135K->405940K(1013632K), [Metaspace: 3120K->3120K(1056768K)], 0.0396510 secs] [Times: user=0.03 sys=0.00, real=0.04 secs] 
2021-01-21T01:51:49.143+0800: [GC (Allocation Failure) 2021-01-21T01:51:49.143+0800: [DefNew: 279616K->34943K(314560K), 0.0094410 secs] 685556K->493257K(1013632K), 0.0094694 secs] [Times: user=0.00 sys=0.00, real=0.01 secs] 
2021-01-21T01:51:49.176+0800: [GC (Allocation Failure) 2021-01-21T01:51:49.176+0800: [DefNew: 314127K->34944K(314560K), 0.0122750 secs] 772440K->573419K(1013632K), 0.0123021 secs] [Times: user=0.01 sys=0.00, real=0.01 secs] 
2021-01-21T01:51:49.211+0800: [GC (Allocation Failure) 2021-01-21T01:51:49.211+0800: [DefNew: 314560K->34943K(314560K), 0.0125793 secs] 853035K->653160K(1013632K), 0.0126084 secs] [Times: user=0.02 sys=0.00, real=0.01 secs] 
2021-01-21T01:51:49.248+0800: [GC (Allocation Failure) 2021-01-21T01:51:49.248+0800: [DefNew: 314559K->314559K(314560K), 0.0000124 secs]2021-01-21T01:51:49.248+0800: [Tenured: 618216K->404939K(699072K), 0.0431854 secs] 932776K->404939K(1013632K), [Metaspace: 3120K->3120K(1056768K)], 0.0432330 secs] [Times: user=0.05 sys=0.00, real=0.04 secs] 
2021-01-21T01:51:49.315+0800: [GC (Allocation Failure) 2021-01-21T01:51:49.315+0800: [DefNew: 279616K->34943K(314560K), 0.0097942 secs] 684555K->488587K(1013632K), 0.0098225 secs] [Times: user=0.00 sys=0.00, real=0.01 secs] 
2021-01-21T01:51:49.348+0800: [GC (Allocation Failure) 2021-01-21T01:51:49.348+0800: [DefNew: 314559K->34943K(314560K), 0.0121222 secs] 768203K->564340K(1013632K), 0.0121502 secs] [Times: user=0.02 sys=0.00, real=0.01 secs] 
2021-01-21T01:51:49.383+0800: [GC (Allocation Failure) 2021-01-21T01:51:49.383+0800: [DefNew: 314559K->34943K(314560K), 0.0117076 secs] 843956K->644785K(1013632K), 0.0117343 secs] [Times: user=0.02 sys=0.00, real=0.01 secs] 
2021-01-21T01:51:49.418+0800: [GC (Allocation Failure) 2021-01-21T01:51:49.418+0800: [DefNew: 314559K->314559K(314560K), 0.0000115 secs]2021-01-21T01:51:49.418+0800: [Tenured: 609841K->363167K(699072K), 0.0369836 secs] 924401K->363167K(1013632K), [Metaspace: 3120K->3120K(1056768K)], 0.0370303 secs] [Times: user=0.05 sys=0.00, real=0.04 secs] 
执行结束!共生成对象次数:22325
Heap
 def new generation   total 314560K, used 11193K [0x00000000c0000000, 0x00000000d5550000, 0x00000000d5550000)
  eden space 279616K,   4% used [0x00000000c0000000, 0x00000000c0aee798, 0x00000000d1110000)
  from space 34944K,   0% used [0x00000000d3330000, 0x00000000d3330000, 0x00000000d5550000)
  to   space 34944K,   0% used [0x00000000d1110000, 0x00000000d1110000, 0x00000000d3330000)
 tenured generation   total 699072K, used 363167K [0x00000000d5550000, 0x0000000100000000, 0x0000000100000000)
   the space 699072K,  51% used [0x00000000d5550000, 0x00000000eb7f7ce8, 0x00000000eb7f7e00, 0x0000000100000000)
 Metaspace       used 3127K, capacity 4556K, committed 4864K, reserved 1056768K
  class space    used 332K, capacity 392K, committed 512K, reserved 1048576K