2021-01-21T01:50:55.393+0800: [GC (Allocation Failure) 2021-01-21T01:50:55.393+0800: [DefNew: 69917K->8704K(78656K), 0.0080950 secs] 69917K->22664K(253440K), 0.0081439 secs] [Times: user=0.00 sys=0.00, real=0.01 secs] 
2021-01-21T01:50:55.411+0800: [GC (Allocation Failure) 2021-01-21T01:50:55.411+0800: [DefNew: 78427K->8702K(78656K), 0.0104661 secs] 92387K->47832K(253440K), 0.0105018 secs] [Times: user=0.00 sys=0.02, real=0.01 secs] 
2021-01-21T01:50:55.429+0800: [GC (Allocation Failure) 2021-01-21T01:50:55.429+0800: [DefNew: 78654K->8702K(78656K), 0.0068574 secs] 117784K->68073K(253440K), 0.0068869 secs] [Times: user=0.00 sys=0.00, real=0.01 secs] 
2021-01-21T01:50:55.442+0800: [GC (Allocation Failure) 2021-01-21T01:50:55.442+0800: [DefNew: 78654K->8700K(78656K), 0.0068476 secs] 138025K->88455K(253440K), 0.0068765 secs] [Times: user=0.00 sys=0.00, real=0.01 secs] 
2021-01-21T01:50:55.455+0800: [GC (Allocation Failure) 2021-01-21T01:50:55.455+0800: [DefNew: 78435K->8695K(78656K), 0.0071289 secs] 158190K->109709K(253440K), 0.0071572 secs] [Times: user=0.00 sys=0.00, real=0.01 secs] 
2021-01-21T01:50:55.469+0800: [GC (Allocation Failure) 2021-01-21T01:50:55.469+0800: [DefNew: 78563K->8701K(78656K), 0.0084289 secs] 179577K->135726K(253440K), 0.0084598 secs] [Times: user=0.00 sys=0.00, real=0.01 secs] 
2021-01-21T01:50:55.484+0800: [GC (Allocation Failure) 2021-01-21T01:50:55.484+0800: [DefNew: 78653K->8703K(78656K), 0.0078331 secs] 205678K->160863K(253440K), 0.0078625 secs] [Times: user=0.00 sys=0.00, real=0.01 secs] 
2021-01-21T01:50:55.499+0800: [GC (Allocation Failure) 2021-01-21T01:50:55.499+0800: [DefNew: 78655K->78655K(78656K), 0.0000110 secs]2021-01-21T01:50:55.499+0800: [Tenured: 152160K->159224K(174784K), 0.0436941 secs] 230815K->159224K(253440K), [Metaspace: 3120K->3120K(1056768K)], 0.0437463 secs] [Times: user=0.02 sys=0.00, real=0.04 secs] 
2021-01-21T01:50:55.548+0800: [GC (Allocation Failure) 2021-01-21T01:50:55.548+0800: [DefNew: 69342K->69342K(78656K), 0.0000118 secs]2021-01-21T01:50:55.548+0800: [Tenured: 159224K->174608K(174784K), 0.0184514 secs] 228567K->174608K(253440K), [Metaspace: 3120K->3120K(1056768K)], 0.0185013 secs] [Times: user=0.02 sys=0.00, real=0.02 secs] 
2021-01-21T01:50:55.573+0800: [GC (Allocation Failure) 2021-01-21T01:50:55.573+0800: [DefNew: 69952K->69952K(78656K), 0.0000121 secs]2021-01-21T01:50:55.573+0800: [Tenured: 174608K->174472K(174784K), 0.0166124 secs] 244560K->191389K(253440K), [Metaspace: 3120K->3120K(1056768K)], 0.0166616 secs] [Times: user=0.02 sys=0.00, real=0.02 secs] 
2021-01-21T01:50:55.595+0800: [Full GC (Allocation Failure) 2021-01-21T01:50:55.595+0800: [Tenured: 174721K->174679K(174784K), 0.0209776 secs] 253352K->196261K(253440K), [Metaspace: 3120K->3120K(1056768K)], 0.0210089 secs] [Times: user=0.02 sys=0.00, real=0.02 secs] 
2021-01-21T01:50:55.621+0800: [Full GC (Allocation Failure) 2021-01-21T01:50:55.621+0800: [Tenured: 174679K->174598K(174784K), 0.0070472 secs] 253228K->213728K(253440K), [Metaspace: 3120K->3120K(1056768K)], 0.0070786 secs] [Times: user=0.01 sys=0.00, real=0.01 secs] 
2021-01-21T01:50:55.632+0800: [Full GC (Allocation Failure) 2021-01-21T01:50:55.632+0800: [Tenured: 174598K->174251K(174784K), 0.0143719 secs] 253094K->221667K(253440K), [Metaspace: 3120K->3120K(1056768K)], 0.0144057 secs] [Times: user=0.02 sys=0.00, real=0.01 secs] 
2021-01-21T01:50:55.650+0800: [Full GC (Allocation Failure) 2021-01-21T01:50:55.650+0800: [Tenured: 174529K->174645K(174784K), 0.0182274 secs] 253075K->227984K(253440K), [Metaspace: 3120K->3120K(1056768K)], 0.0182631 secs] [Times: user=0.01 sys=0.00, real=0.02 secs] 
2021-01-21T01:50:55.670+0800: [Full GC (Allocation Failure) 2021-01-21T01:50:55.670+0800: [Tenured: 174645K->174743K(174784K), 0.0224710 secs] 253253K->224938K(253440K), [Metaspace: 3120K->3120K(1056768K)], 0.0225003 secs] [Times: user=0.03 sys=0.00, real=0.02 secs] 
2021-01-21T01:50:55.695+0800: [Full GC (Allocation Failure) 2021-01-21T01:50:55.695+0800: [Tenured: 174743K->174743K(174784K), 0.0060584 secs] 253351K->233739K(253440K), [Metaspace: 3120K->3120K(1056768K)], 0.0060862 secs] [Times: user=0.00 sys=0.00, real=0.01 secs] 
2021-01-21T01:50:55.703+0800: [Full GC (Allocation Failure) 2021-01-21T01:50:55.703+0800: [Tenured: 174743K->174743K(174784K), 0.0056452 secs] 253361K->240147K(253440K), [Metaspace: 3120K->3120K(1056768K)], 0.0056718 secs] [Times: user=0.00 sys=0.00, real=0.01 secs] 
2021-01-21T01:50:55.710+0800: [Full GC (Allocation Failure) 2021-01-21T01:50:55.710+0800: [Tenured: 174743K->174649K(174784K), 0.0089666 secs] 253361K->246489K(253440K), [Metaspace: 3120K->3120K(1056768K)], 0.0089922 secs] [Times: user=0.02 sys=0.00, real=0.01 secs] 
2021-01-21T01:50:55.720+0800: [Full GC (Allocation Failure) 2021-01-21T01:50:55.720+0800: [Tenured: 174649K->174754K(174784K), 0.0233814 secs] 253089K->239069K(253440K), [Metaspace: 3120K->3120K(1056768K)], 0.0234088 secs] [Times: user=0.02 sys=0.00, real=0.02 secs] 
2021-01-21T01:50:55.744+0800: [Full GC (Allocation Failure) 2021-01-21T01:50:55.744+0800: [Tenured: 174754K->174754K(174784K), 0.0072527 secs] 253200K->243571K(253440K), [Metaspace: 3120K->3120K(1056768K)], 0.0072802 secs] [Times: user=0.01 sys=0.00, real=0.01 secs] 
2021-01-21T01:50:55.753+0800: [Full GC (Allocation Failure) 2021-01-21T01:50:55.753+0800: [Tenured: 174754K->174754K(174784K), 0.0082571 secs] 252765K->246709K(253440K), [Metaspace: 3120K->3120K(1056768K)], 0.0082887 secs] [Times: user=0.00 sys=0.00, real=0.01 secs] 
2021-01-21T01:50:55.762+0800: [Full GC (Allocation Failure) 2021-01-21T01:50:55.762+0800: [Tenured: 174754K->174754K(174784K), 0.0051164 secs] 253377K->248178K(253440K), [Metaspace: 3120K->3120K(1056768K)], 0.0051448 secs] [Times: user=0.02 sys=0.00, real=0.00 secs] 
2021-01-21T01:50:55.767+0800: [Full GC (Allocation Failure) 2021-01-21T01:50:55.767+0800: [Tenured: 174754K->174253K(174784K), 0.0248509 secs] 253375K->241799K(253440K), [Metaspace: 3120K->3120K(1056768K)], 0.0248785 secs] [Times: user=0.01 sys=0.00, real=0.03 secs] 
2021-01-21T01:50:55.794+0800: [Full GC (Allocation Failure) 2021-01-21T01:50:55.794+0800: [Tenured: 174685K->174685K(174784K), 0.0081550 secs] 253308K->245680K(253440K), [Metaspace: 3120K->3120K(1056768K)], 0.0081793 secs] [Times: user=0.02 sys=0.00, real=0.01 secs] 
2021-01-21T01:50:55.803+0800: [Full GC (Allocation Failure) 2021-01-21T01:50:55.803+0800: [Tenured: 174685K->174685K(174784K), 0.0074992 secs] 253294K->246154K(253440K), [Metaspace: 3120K->3120K(1056768K)], 0.0075246 secs] [Times: user=0.00 sys=0.00, real=0.01 secs] 
2021-01-21T01:50:55.811+0800: [Full GC (Allocation Failure) 2021-01-21T01:50:55.811+0800: [Tenured: 174685K->174685K(174784K), 0.0070711 secs] 253060K->249074K(253440K), [Metaspace: 3120K->3120K(1056768K)], 0.0071000 secs] [Times: user=0.02 sys=0.00, real=0.01 secs] 
2021-01-21T01:50:55.819+0800: [Full GC (Allocation Failure) 2021-01-21T01:50:55.819+0800: [Tenured: 174685K->174664K(174784K), 0.0242208 secs] 252930K->245591K(253440K), [Metaspace: 3120K->3120K(1056768K)], 0.0242471 secs] [Times: user=0.02 sys=0.00, real=0.02 secs] 
2021-01-21T01:50:55.844+0800: [Full GC (Allocation Failure) 2021-01-21T01:50:55.844+0800: [Tenured: 174664K->174664K(174784K), 0.0025921 secs] 253128K->247221K(253440K), [Metaspace: 3120K->3120K(1056768K)], 0.0026153 secs] [Times: user=0.00 sys=0.00, real=0.00 secs] 
2021-01-21T01:50:55.847+0800: [Full GC (Allocation Failure) 2021-01-21T01:50:55.847+0800: [Tenured: 174762K->174762K(174784K), 0.0062664 secs] 253409K->249177K(253440K), [Metaspace: 3120K->3120K(1056768K)], 0.0062918 secs] [Times: user=0.00 sys=0.00, real=0.01 secs] 
2021-01-21T01:50:55.854+0800: [Full GC (Allocation Failure) 2021-01-21T01:50:55.854+0800: [Tenured: 174762K->174762K(174784K), 0.0043589 secs] 253295K->250386K(253440K), [Metaspace: 3120K->3120K(1056768K)], 0.0043828 secs] [Times: user=0.02 sys=0.00, real=0.00 secs] 
2021-01-21T01:50:55.859+0800: [Full GC (Allocation Failure) 2021-01-21T01:50:55.859+0800: [Tenured: 174762K->174233K(174784K), 0.0228857 secs] 253276K->244827K(253440K), [Metaspace: 3120K->3120K(1056768K)], 0.0229070 secs] [Times: user=0.01 sys=0.00, real=0.02 secs] 
2021-01-21T01:50:55.883+0800: [Full GC (Allocation Failure) 2021-01-21T01:50:55.883+0800: [Tenured: 174233K->174233K(174784K), 0.0050425 secs] 252592K->246577K(253440K), [Metaspace: 3120K->3120K(1056768K)], 0.0050649 secs] [Times: user=0.00 sys=0.00, real=0.01 secs] 
2021-01-21T01:50:55.889+0800: [Full GC (Allocation Failure) 2021-01-21T01:50:55.889+0800: [Tenured: 174746K->174746K(174784K), 0.0033562 secs] 253308K->249063K(253440K), [Metaspace: 3120K->3120K(1056768K)], 0.0033785 secs] [Times: user=0.02 sys=0.00, real=0.00 secs] 
2021-01-21T01:50:55.893+0800: [Full GC (Allocation Failure) 2021-01-21T01:50:55.893+0800: [Tenured: 174764K->174764K(174784K), 0.0050299 secs] 253410K->251173K(253440K), [Metaspace: 3120K->3120K(1056768K)], 0.0050499 secs] [Times: user=0.00 sys=0.00, real=0.00 secs] 
2021-01-21T01:50:55.898+0800: [Full GC (Allocation Failure) 2021-01-21T01:50:55.898+0800: [Tenured: 174764K->174723K(174784K), 0.0247485 secs] 253398K->248914K(253440K), [Metaspace: 3120K->3120K(1056768K)], 0.0247728 secs] [Times: user=0.03 sys=0.00, real=0.03 secs] 
2021-01-21T01:50:55.924+0800: [Full GC (Allocation Failure) 2021-01-21T01:50:55.924+0800: [Tenured: 174723K->174723K(174784K), 0.0067375 secs] 253292K->249884K(253440K), [Metaspace: 3120K->3120K(1056768K)], 0.0067605 secs] [Times: user=0.00 sys=0.00, real=0.01 secs] 
2021-01-21T01:50:55.931+0800: [Full GC (Allocation Failure) 2021-01-21T01:50:55.931+0800: [Tenured: 174723K->174723K(174784K), 0.0014361 secs] 253253K->250445K(253440K), [Metaspace: 3120K->3120K(1056768K)], 0.0014565 secs] [Times: user=0.00 sys=0.00, real=0.00 secs] 
2021-01-21T01:50:55.932+0800: [Full GC (Allocation Failure) 2021-01-21T01:50:55.932+0800: [Tenured: 174723K->174723K(174784K), 0.0072456 secs] 253286K->250371K(253440K), [Metaspace: 3120K->3120K(1056768K)], 0.0072687 secs] [Times: user=0.02 sys=0.00, real=0.01 secs] 
2021-01-21T01:50:55.940+0800: [Full GC (Allocation Failure) 2021-01-21T01:50:55.940+0800: [Tenured: 174723K->174577K(174784K), 0.0204624 secs] 253328K->250433K(253440K), [Metaspace: 3120K->3120K(1056768K)], 0.0204847 secs] [Times: user=0.02 sys=0.00, real=0.02 secs] 
2021-01-21T01:50:55.961+0800: [Full GC (Allocation Failure) 2021-01-21T01:50:55.961+0800: [Tenured: 174721K->174721K(174784K), 0.0015987 secs] 253345K->251236K(253440K), [Metaspace: 3120K->3120K(1056768K)], 0.0016181 secs] [Times: user=0.00 sys=0.00, real=0.00 secs] 
2021-01-21T01:50:55.963+0800: [Full GC (Allocation Failure) 2021-01-21T01:50:55.963+0800: [Tenured: 174721K->174721K(174784K), 0.0043524 secs] 253290K->251970K(253440K), [Metaspace: 3120K->3120K(1056768K)], 0.0043731 secs] [Times: user=0.00 sys=0.00, real=0.00 secs] 
2021-01-21T01:50:55.967+0800: [Full GC (Allocation Failure) 2021-01-21T01:50:55.967+0800: [Tenured: 174721K->174721K(174784K), 0.0013382 secs] 253002K->252798K(253440K), [Metaspace: 3120K->3120K(1056768K)], 0.0013546 secs] [Times: user=0.02 sys=0.00, real=0.00 secs] 
2021-01-21T01:50:55.969+0800: [Full GC (Allocation Failure) 2021-01-21T01:50:55.969+0800: [Tenured: 174721K->174699K(174784K), 0.0221875 secs] 253212K->251423K(253440K), [Metaspace: 3120K->3120K(1056768K)], 0.0222104 secs] [Times: user=0.02 sys=0.00, real=0.02 secs] 
2021-01-21T01:50:55.991+0800: [Full GC (Allocation Failure) 2021-01-21T01:50:55.991+0800: [Tenured: 174699K->174699K(174784K), 0.0015659 secs] 253028K->252377K(253440K), [Metaspace: 3120K->3120K(1056768K)], 0.0015850 secs] [Times: user=0.00 sys=0.00, real=0.00 secs] 
2021-01-21T01:50:55.993+0800: [Full GC (Allocation Failure) 2021-01-21T01:50:55.993+0800: [Tenured: 174699K->174699K(174784K), 0.0072549 secs] 253313K->252765K(253440K), [Metaspace: 3120K->3120K(1056768K)], 0.0072793 secs] [Times: user=0.01 sys=0.00, real=0.01 secs] 
2021-01-21T01:50:56.000+0800: [Full GC (Allocation Failure) 2021-01-21T01:50:56.000+0800: [Tenured: 174699K->174699K(174784K), 0.0015166 secs] 253018K->252907K(253440K), [Metaspace: 3120K->3120K(1056768K)], 0.0015385 secs] [Times: user=0.00 sys=0.00, real=0.00 secs] 
2021-01-21T01:50:56.002+0800: [Full GC (Allocation Failure) 2021-01-21T01:50:56.002+0800: [Tenured: 174699K->174511K(174784K), 0.0270250 secs] 252907K->251974K(253440K), [Metaspace: 3120K->3120K(1056768K)], 0.0270460 secs] [Times: user=0.02 sys=0.00, real=0.03 secs] 
2021-01-21T01:50:56.029+0800: [Full GC (Allocation Failure) 2021-01-21T01:50:56.029+0800: [Tenured: 174758K->174758K(174784K), 0.0073691 secs] 253384K->251710K(253440K), [Metaspace: 3120K->3120K(1056768K)], 0.0073945 secs] [Times: user=0.01 sys=0.00, real=0.01 secs] 
2021-01-21T01:50:56.037+0800: [Full GC (Allocation Failure) 2021-01-21T01:50:56.037+0800: [Tenured: 174758K->174758K(174784K), 0.0016833 secs] 253136K->251884K(253440K), [Metaspace: 3120K->3120K(1056768K)], 0.0017048 secs] [Times: user=0.00 sys=0.00, real=0.00 secs] 
2021-01-21T01:50:56.038+0800: [Full GC (Allocation Failure) 2021-01-21T01:50:56.038+0800: [Tenured: 174758K->174758K(174784K), 0.0010517 secs] 253343K->252215K(253440K), [Metaspace: 3120K->3120K(1056768K)], 0.0010697 secs] [Times: user=0.00 sys=0.00, real=0.00 secs] 
2021-01-21T01:50:56.040+0800: [Full GC (Allocation Failure) 2021-01-21T01:50:56.040+0800: [Tenured: 174758K->174668K(174784K), 0.0046769 secs] 253124K->252729K(253440K), [Metaspace: 3120K->3120K(1056768K)], 0.0046972 secs] [Times: user=0.00 sys=0.00, real=0.00 secs] 
2021-01-21T01:50:56.045+0800: [Full GC (Allocation Failure) 2021-01-21T01:50:56.045+0800: [Tenured: 174668K->174668K(174784K), 0.0011891 secs] 253246K->253170K(253440K), [Metaspace: 3120K->3120K(1056768K)], 0.0012067 secs] [Times: user=0.00 sys=0.00, real=0.00 secs] 
2021-01-21T01:50:56.046+0800: [Full GC (Allocation Failure) 2021-01-21T01:50:56.046+0800: [Tenured: 174668K->174668K(174784K), 0.0009936 secs] 253170K->253170K(253440K), [Metaspace: 3120K->3120K(1056768K)], 0.0010079 secs] [Times: user=0.02 sys=0.00, real=0.00 secs] 
Heap
 def new generation   total 78656K, used 78623K [0x00000000f0000000, 0x00000000f5550000, 0x00000000f5550000)
  eden space 69952K, 100% used [0x00000000f0000000, 0x00000000f4450000, 0x00000000f4450000)
  from space 8704K,  99% used [0x00000000f4cd0000, 0x00000000f5547eb0, 0x00000000f5550000)
  to   space 8704K,   0% used [0x00000000f4450000, 0x00000000f4450000, 0x00000000f4cd0000)
 tenured generation   total 174784K, used 174668K [0x00000000f5550000, 0x0000000100000000, 0x0000000100000000)
   the space 174784K,  99% used [0x00000000f5550000, 0x00000000fffe32f0, 0x00000000fffe3400, 0x0000000100000000)
 Metaspace       used 3152K, capacity 4556K, committed 4864K, reserved 1056768K
  class space    used 335K, capacity 392K, committed 512K, reserved 1048576K
Exception in thread "main" java.lang.OutOfMemoryError: Java heap space
	at java.util.Arrays.copyOf(Arrays.java:3332)
	at java.lang.AbstractStringBuilder.ensureCapacityInternal(AbstractStringBuilder.java:124)
	at java.lang.AbstractStringBuilder.append(AbstractStringBuilder.java:674)