2021-01-21T01:54:58.826+0800: [GC (Allocation Failure) 2021-01-21T01:54:58.826+0800: [ParNew: 139584K->17471K(157248K), 0.0060950 secs] 139584K->44797K(506816K), 0.0061466 secs] [Times: user=0.09 sys=0.09, real=0.01 secs] 
2021-01-21T01:54:58.847+0800: [GC (Allocation Failure) 2021-01-21T01:54:58.847+0800: [ParNew: 157247K->17472K(157248K), 0.0081858 secs] 184573K->93161K(506816K), 0.0082162 secs] [Times: user=0.00 sys=0.00, real=0.01 secs] 
2021-01-21T01:54:58.869+0800: [GC (Allocation Failure) 2021-01-21T01:54:58.869+0800: [ParNew: 156672K->17471K(157248K), 0.0161667 secs] 232362K->135423K(506816K), 0.0162048 secs] [Times: user=0.19 sys=0.00, real=0.02 secs] 
2021-01-21T01:54:58.899+0800: [GC (Allocation Failure) 2021-01-21T01:54:58.899+0800: [ParNew: 157247K->17472K(157248K), 0.0153768 secs] 275199K->177082K(506816K), 0.0154112 secs] [Times: user=0.13 sys=0.02, real=0.02 secs] 
2021-01-21T01:54:58.928+0800: [GC (Allocation Failure) 2021-01-21T01:54:58.928+0800: [ParNew: 157248K->17471K(157248K), 0.0149715 secs] 316858K->219099K(506816K), 0.0150045 secs] [Times: user=0.20 sys=0.00, real=0.02 secs] 
2021-01-21T01:54:58.943+0800: [GC (CMS Initial Mark) [1 CMS-initial-mark: 201628K(349568K)] 219243K(506816K), 0.0001455 secs] [Times: user=0.00 sys=0.00, real=0.00 secs] 
2021-01-21T01:54:58.943+0800: [CMS-concurrent-mark-start]
2021-01-21T01:54:58.944+0800: [CMS-concurrent-mark: 0.001/0.001 secs] [Times: user=0.00 sys=0.00, real=0.00 secs] 
2021-01-21T01:54:58.944+0800: [CMS-concurrent-preclean-start]
2021-01-21T01:54:58.944+0800: [CMS-concurrent-preclean: 0.000/0.000 secs] [Times: user=0.00 sys=0.00, real=0.00 secs] 
2021-01-21T01:54:58.944+0800: [CMS-concurrent-abortable-preclean-start]
2021-01-21T01:54:58.955+0800: [GC (Allocation Failure) 2021-01-21T01:54:58.955+0800: [ParNew: 157247K->17469K(157248K), 0.0156657 secs] 358875K->262395K(506816K), 0.0157044 secs] [Times: user=0.17 sys=0.01, real=0.02 secs] 
2021-01-21T01:54:58.984+0800: [GC (Allocation Failure) 2021-01-21T01:54:58.984+0800: [ParNew: 157245K->17470K(157248K), 0.0161587 secs] 402171K->307218K(506816K), 0.0161889 secs] [Times: user=0.34 sys=0.03, real=0.02 secs] 
2021-01-21T01:54:59.012+0800: [GC (Allocation Failure) 2021-01-21T01:54:59.012+0800: [ParNew: 157121K->17471K(157248K), 0.0149892 secs] 446868K->349362K(506816K), 0.0150199 secs] [Times: user=0.20 sys=0.00, real=0.01 secs] 
2021-01-21T01:54:59.027+0800: [CMS-concurrent-abortable-preclean: 0.002/0.084 secs] [Times: user=0.73 sys=0.05, real=0.08 secs] 
2021-01-21T01:54:59.027+0800: [GC (CMS Final Remark) [YG occupancy: 20731 K (157248 K)]2021-01-21T01:54:59.027+0800: [Rescan (parallel) , 0.0002092 secs]2021-01-21T01:54:59.028+0800: [weak refs processing, 0.0000321 secs]2021-01-21T01:54:59.028+0800: [class unloading, 0.0001756 secs]2021-01-21T01:54:59.028+0800: [scrub symbol table, 0.0002848 secs]2021-01-21T01:54:59.028+0800: [scrub string table, 0.0000734 secs][1 CMS-remark: 331890K(349568K)] 352621K(506816K), 0.0008174 secs] [Times: user=0.00 sys=0.00, real=0.00 secs] 
2021-01-21T01:54:59.028+0800: [CMS-concurrent-sweep-start]
2021-01-21T01:54:59.029+0800: [CMS-concurrent-sweep: 0.001/0.001 secs] [Times: user=0.00 sys=0.00, real=0.00 secs] 
2021-01-21T01:54:59.029+0800: [CMS-concurrent-reset-start]
2021-01-21T01:54:59.029+0800: [CMS-concurrent-reset: 0.000/0.000 secs] [Times: user=0.00 sys=0.00, real=0.00 secs] 
2021-01-21T01:54:59.040+0800: [GC (Allocation Failure) 2021-01-21T01:54:59.040+0800: [ParNew: 157247K->17471K(157248K), 0.0118977 secs] 453279K->364748K(506816K), 0.0119285 secs] [Times: user=0.19 sys=0.00, real=0.01 secs] 
2021-01-21T01:54:59.052+0800: [GC (CMS Initial Mark) [1 CMS-initial-mark: 347277K(349568K)] 364820K(506816K), 0.0000900 secs] [Times: user=0.00 sys=0.00, real=0.00 secs] 
2021-01-21T01:54:59.052+0800: [CMS-concurrent-mark-start]
2021-01-21T01:54:59.053+0800: [CMS-concurrent-mark: 0.001/0.001 secs] [Times: user=0.00 sys=0.00, real=0.00 secs] 
2021-01-21T01:54:59.053+0800: [CMS-concurrent-preclean-start]
2021-01-21T01:54:59.053+0800: [CMS-concurrent-preclean: 0.000/0.000 secs] [Times: user=0.00 sys=0.00, real=0.00 secs] 
2021-01-21T01:54:59.053+0800: [CMS-concurrent-abortable-preclean-start]
2021-01-21T01:54:59.053+0800: [CMS-concurrent-abortable-preclean: 0.000/0.000 secs] [Times: user=0.00 sys=0.00, real=0.00 secs] 
2021-01-21T01:54:59.053+0800: [GC (CMS Final Remark) [YG occupancy: 31963 K (157248 K)]2021-01-21T01:54:59.053+0800: [Rescan (parallel) , 0.0001460 secs]2021-01-21T01:54:59.053+0800: [weak refs processing, 0.0000303 secs]2021-01-21T01:54:59.053+0800: [class unloading, 0.0001684 secs]2021-01-21T01:54:59.054+0800: [scrub symbol table, 0.0003632 secs]2021-01-21T01:54:59.054+0800: [scrub string table, 0.0000761 secs][1 CMS-remark: 347277K(349568K)] 379240K(506816K), 0.0008187 secs] [Times: user=0.00 sys=0.00, real=0.00 secs] 
2021-01-21T01:54:59.054+0800: [CMS-concurrent-sweep-start]
2021-01-21T01:54:59.055+0800: [CMS-concurrent-sweep: 0.001/0.001 secs] [Times: user=0.00 sys=0.00, real=0.00 secs] 
2021-01-21T01:54:59.055+0800: [CMS-concurrent-reset-start]
2021-01-21T01:54:59.055+0800: [CMS-concurrent-reset: 0.000/0.000 secs] [Times: user=0.00 sys=0.00, real=0.00 secs] 
2021-01-21T01:54:59.065+0800: [GC (Allocation Failure) 2021-01-21T01:54:59.065+0800: [ParNew: 157047K->17471K(157248K), 0.0080420 secs] 396046K->302122K(506816K), 0.0080719 secs] [Times: user=0.00 sys=0.00, real=0.01 secs] 
2021-01-21T01:54:59.073+0800: [GC (CMS Initial Mark) [1 CMS-initial-mark: 284650K(349568K)] 302820K(506816K), 0.0000858 secs] [Times: user=0.00 sys=0.00, real=0.00 secs] 
2021-01-21T01:54:59.073+0800: [CMS-concurrent-mark-start]
2021-01-21T01:54:59.074+0800: [CMS-concurrent-mark: 0.001/0.001 secs] [Times: user=0.00 sys=0.00, real=0.00 secs] 
2021-01-21T01:54:59.074+0800: [CMS-concurrent-preclean-start]
2021-01-21T01:54:59.074+0800: [CMS-concurrent-preclean: 0.000/0.000 secs] [Times: user=0.00 sys=0.00, real=0.00 secs] 
2021-01-21T01:54:59.074+0800: [CMS-concurrent-abortable-preclean-start]
2021-01-21T01:54:59.086+0800: [GC (Allocation Failure) 2021-01-21T01:54:59.086+0800: [ParNew: 157247K->17471K(157248K), 0.0079717 secs] 441898K->349436K(506816K), 0.0080024 secs] [Times: user=0.01 sys=0.00, real=0.01 secs] 
2021-01-21T01:54:59.094+0800: [CMS-concurrent-abortable-preclean: 0.001/0.019 secs] [Times: user=0.03 sys=0.00, real=0.02 secs] 
2021-01-21T01:54:59.094+0800: [GC (CMS Final Remark) [YG occupancy: 20532 K (157248 K)]2021-01-21T01:54:59.094+0800: [Rescan (parallel) , 0.0001623 secs]2021-01-21T01:54:59.094+0800: [weak refs processing, 0.0000279 secs]2021-01-21T01:54:59.094+0800: [class unloading, 0.0001684 secs]2021-01-21T01:54:59.094+0800: [scrub symbol table, 0.0003108 secs]2021-01-21T01:54:59.094+0800: [scrub string table, 0.0000796 secs][1 CMS-remark: 331964K(349568K)] 352496K(506816K), 0.0007845 secs] [Times: user=0.00 sys=0.00, real=0.00 secs] 
2021-01-21T01:54:59.094+0800: [CMS-concurrent-sweep-start]
2021-01-21T01:54:59.095+0800: [CMS-concurrent-sweep: 0.001/0.001 secs] [Times: user=0.00 sys=0.00, real=0.00 secs] 
2021-01-21T01:54:59.095+0800: [CMS-concurrent-reset-start]
2021-01-21T01:54:59.095+0800: [CMS-concurrent-reset: 0.000/0.000 secs] [Times: user=0.00 sys=0.00, real=0.00 secs] 
2021-01-21T01:54:59.108+0800: [GC (Allocation Failure) 2021-01-21T01:54:59.108+0800: [ParNew: 157247K->17471K(157248K), 0.0071196 secs] 456679K->357016K(506816K), 0.0071487 secs] [Times: user=0.20 sys=0.00, real=0.01 secs] 
2021-01-21T01:54:59.115+0800: [GC (CMS Initial Mark) [1 CMS-initial-mark: 339544K(349568K)] 357233K(506816K), 0.0001722 secs] [Times: user=0.00 sys=0.00, real=0.00 secs] 
2021-01-21T01:54:59.115+0800: [CMS-concurrent-mark-start]
2021-01-21T01:54:59.116+0800: [CMS-concurrent-mark: 0.000/0.000 secs] [Times: user=0.00 sys=0.00, real=0.00 secs] 
2021-01-21T01:54:59.116+0800: [CMS-concurrent-preclean-start]
2021-01-21T01:54:59.116+0800: [CMS-concurrent-preclean: 0.000/0.000 secs] [Times: user=0.00 sys=0.00, real=0.00 secs] 
2021-01-21T01:54:59.116+0800: [CMS-concurrent-abortable-preclean-start]
2021-01-21T01:54:59.116+0800: [CMS-concurrent-abortable-preclean: 0.000/0.000 secs] [Times: user=0.00 sys=0.00, real=0.00 secs] 
2021-01-21T01:54:59.116+0800: [GC (CMS Final Remark) [YG occupancy: 26413 K (157248 K)]2021-01-21T01:54:59.116+0800: [Rescan (parallel) , 0.0001179 secs]2021-01-21T01:54:59.116+0800: [weak refs processing, 0.0000294 secs]2021-01-21T01:54:59.116+0800: [class unloading, 0.0001666 secs]2021-01-21T01:54:59.117+0800: [scrub symbol table, 0.0002829 secs]2021-01-21T01:54:59.117+0800: [scrub string table, 0.0000719 secs][1 CMS-remark: 339544K(349568K)] 365957K(506816K), 0.0007013 secs] [Times: user=0.00 sys=0.00, real=0.00 secs] 
2021-01-21T01:54:59.117+0800: [CMS-concurrent-sweep-start]
2021-01-21T01:54:59.118+0800: [CMS-concurrent-sweep: 0.001/0.001 secs] [Times: user=0.00 sys=0.00, real=0.00 secs] 
2021-01-21T01:54:59.118+0800: [CMS-concurrent-reset-start]
2021-01-21T01:54:59.118+0800: [CMS-concurrent-reset: 0.000/0.000 secs] [Times: user=0.00 sys=0.00, real=0.00 secs] 
2021-01-21T01:54:59.130+0800: [GC (Allocation Failure) 2021-01-21T01:54:59.130+0800: [ParNew: 157247K->17469K(157248K), 0.0085341 secs] 430351K->336132K(506816K), 0.0085676 secs] [Times: user=0.00 sys=0.00, real=0.01 secs] 
2021-01-21T01:54:59.138+0800: [GC (CMS Initial Mark) [1 CMS-initial-mark: 318663K(349568K)] 336175K(506816K), 0.0001090 secs] [Times: user=0.00 sys=0.00, real=0.00 secs] 
2021-01-21T01:54:59.139+0800: [CMS-concurrent-mark-start]
2021-01-21T01:54:59.139+0800: [CMS-concurrent-mark: 0.001/0.001 secs] [Times: user=0.00 sys=0.00, real=0.00 secs] 
2021-01-21T01:54:59.139+0800: [CMS-concurrent-preclean-start]
2021-01-21T01:54:59.140+0800: [CMS-concurrent-preclean: 0.000/0.000 secs] [Times: user=0.00 sys=0.00, real=0.00 secs] 
2021-01-21T01:54:59.140+0800: [CMS-concurrent-abortable-preclean-start]
2021-01-21T01:54:59.151+0800: [GC (Allocation Failure) 2021-01-21T01:54:59.151+0800: [ParNew: 157245K->157245K(157248K), 0.0000183 secs]2021-01-21T01:54:59.151+0800: [CMS2021-01-21T01:54:59.151+0800: [CMS-concurrent-abortable-preclean: 0.000/0.012 secs] [Times: user=0.02 sys=0.00, real=0.01 secs] 
 (concurrent mode failure): 318663K->318018K(349568K), 0.0380684 secs] 475908K->318018K(506816K), [Metaspace: 3120K->3120K(1056768K)], 0.0381290 secs] [Times: user=0.05 sys=0.00, real=0.04 secs] 
2021-01-21T01:54:59.203+0800: [GC (Allocation Failure) 2021-01-21T01:54:59.204+0800: [ParNew: 139776K->17471K(157248K), 0.0059804 secs] 457794K->361256K(506816K), 0.0060151 secs] [Times: user=0.00 sys=0.00, real=0.01 secs] 
2021-01-21T01:54:59.210+0800: [GC (CMS Initial Mark) [1 CMS-initial-mark: 343784K(349568K)] 364561K(506816K), 0.0001516 secs] [Times: user=0.00 sys=0.00, real=0.00 secs] 
2021-01-21T01:54:59.210+0800: [CMS-concurrent-mark-start]
2021-01-21T01:54:59.211+0800: [CMS-concurrent-mark: 0.001/0.001 secs] [Times: user=0.00 sys=0.00, real=0.00 secs] 
2021-01-21T01:54:59.211+0800: [CMS-concurrent-preclean-start]
2021-01-21T01:54:59.211+0800: [CMS-concurrent-preclean: 0.000/0.000 secs] [Times: user=0.00 sys=0.00, real=0.00 secs] 
2021-01-21T01:54:59.211+0800: [CMS-concurrent-abortable-preclean-start]
2021-01-21T01:54:59.211+0800: [CMS-concurrent-abortable-preclean: 0.000/0.000 secs] [Times: user=0.00 sys=0.00, real=0.00 secs] 
2021-01-21T01:54:59.211+0800: [GC (CMS Final Remark) [YG occupancy: 34868 K (157248 K)]2021-01-21T01:54:59.211+0800: [Rescan (parallel) , 0.0001968 secs]2021-01-21T01:54:59.212+0800: [weak refs processing, 0.0000302 secs]2021-01-21T01:54:59.212+0800: [class unloading, 0.0001946 secs]2021-01-21T01:54:59.212+0800: [scrub symbol table, 0.0003054 secs]2021-01-21T01:54:59.212+0800: [scrub string table, 0.0000767 secs][1 CMS-remark: 343784K(349568K)] 378653K(506816K), 0.0008418 secs] [Times: user=0.00 sys=0.00, real=0.00 secs] 
2021-01-21T01:54:59.212+0800: [CMS-concurrent-sweep-start]
2021-01-21T01:54:59.213+0800: [CMS-concurrent-sweep: 0.001/0.001 secs] [Times: user=0.00 sys=0.00, real=0.00 secs] 
2021-01-21T01:54:59.213+0800: [CMS-concurrent-reset-start]
2021-01-21T01:54:59.213+0800: [CMS-concurrent-reset: 0.000/0.000 secs] [Times: user=0.00 sys=0.00, real=0.00 secs] 
2021-01-21T01:54:59.224+0800: [GC (Allocation Failure) 2021-01-21T01:54:59.224+0800: [ParNew (promotion failed): 157247K->157246K(157248K), 0.0094087 secs]2021-01-21T01:54:59.233+0800: [CMS: 348231K->322887K(349568K), 0.0373278 secs] 458865K->322887K(506816K), [Metaspace: 3120K->3120K(1056768K)], 0.0467772 secs] [Times: user=0.05 sys=0.00, real=0.05 secs] 
2021-01-21T01:54:59.270+0800: [GC (CMS Initial Mark) [1 CMS-initial-mark: 322887K(349568K)] 323256K(506816K), 0.0001152 secs] [Times: user=0.00 sys=0.00, real=0.00 secs] 
2021-01-21T01:54:59.271+0800: [CMS-concurrent-mark-start]
2021-01-21T01:54:59.271+0800: [CMS-concurrent-mark: 0.001/0.001 secs] [Times: user=0.00 sys=0.00, real=0.00 secs] 
2021-01-21T01:54:59.271+0800: [CMS-concurrent-preclean-start]
2021-01-21T01:54:59.271+0800: [CMS-concurrent-preclean: 0.000/0.000 secs] [Times: user=0.00 sys=0.00, real=0.00 secs] 
2021-01-21T01:54:59.272+0800: [CMS-concurrent-abortable-preclean-start]
2021-01-21T01:54:59.284+0800: [GC (Allocation Failure) 2021-01-21T01:54:59.284+0800: [ParNew: 139776K->139776K(157248K), 0.0000169 secs]2021-01-21T01:54:59.284+0800: [CMS2021-01-21T01:54:59.284+0800: [CMS-concurrent-abortable-preclean: 0.000/0.013 secs] [Times: user=0.01 sys=0.00, real=0.01 secs] 
 (concurrent mode failure): 322887K->331793K(349568K), 0.0393739 secs] 462663K->331793K(506816K), [Metaspace: 3120K->3120K(1056768K)], 0.0394360 secs] [Times: user=0.03 sys=0.00, real=0.04 secs] 
2021-01-21T01:54:59.336+0800: [GC (Allocation Failure) 2021-01-21T01:54:59.336+0800: [ParNew: 139776K->139776K(157248K), 0.0000146 secs]2021-01-21T01:54:59.336+0800: [CMS: 331793K->336053K(349568K), 0.0374155 secs] 471569K->336053K(506816K), [Metaspace: 3120K->3120K(1056768K)], 0.0374681 secs] [Times: user=0.03 sys=0.00, real=0.04 secs] 
2021-01-21T01:54:59.374+0800: [GC (CMS Initial Mark) [1 CMS-initial-mark: 336053K(349568K)] 336125K(506816K), 0.0001108 secs] [Times: user=0.00 sys=0.00, real=0.00 secs] 
2021-01-21T01:54:59.374+0800: [CMS-concurrent-mark-start]
2021-01-21T01:54:59.375+0800: [CMS-concurrent-mark: 0.001/0.001 secs] [Times: user=0.08 sys=0.00, real=0.00 secs] 
2021-01-21T01:54:59.375+0800: [CMS-concurrent-preclean-start]
2021-01-21T01:54:59.375+0800: [CMS-concurrent-preclean: 0.000/0.000 secs] [Times: user=0.00 sys=0.00, real=0.00 secs] 
2021-01-21T01:54:59.375+0800: [CMS-concurrent-abortable-preclean-start]
2021-01-21T01:54:59.375+0800: [CMS-concurrent-abortable-preclean: 0.000/0.000 secs] [Times: user=0.00 sys=0.00, real=0.00 secs] 
2021-01-21T01:54:59.375+0800: [GC (CMS Final Remark) [YG occupancy: 15394 K (157248 K)]2021-01-21T01:54:59.375+0800: [Rescan (parallel) , 0.0001580 secs]2021-01-21T01:54:59.376+0800: [weak refs processing, 0.0000295 secs]2021-01-21T01:54:59.376+0800: [class unloading, 0.0001713 secs]2021-01-21T01:54:59.376+0800: [scrub symbol table, 0.0002930 secs]2021-01-21T01:54:59.376+0800: [scrub string table, 0.0000747 secs][1 CMS-remark: 336053K(349568K)] 351448K(506816K), 0.0007631 secs] [Times: user=0.00 sys=0.00, real=0.00 secs] 
2021-01-21T01:54:59.376+0800: [CMS-concurrent-sweep-start]
2021-01-21T01:54:59.377+0800: [CMS-concurrent-sweep: 0.000/0.000 secs] [Times: user=0.00 sys=0.00, real=0.00 secs] 
2021-01-21T01:54:59.377+0800: [CMS-concurrent-reset-start]
2021-01-21T01:54:59.377+0800: [CMS-concurrent-reset: 0.000/0.000 secs] [Times: user=0.00 sys=0.00, real=0.00 secs] 
2021-01-21T01:54:59.388+0800: [GC (Allocation Failure) 2021-01-21T01:54:59.388+0800: [ParNew: 139776K->139776K(157248K), 0.0000145 secs]2021-01-21T01:54:59.388+0800: [CMS: 335047K->340715K(349568K), 0.0426217 secs] 474823K->340715K(506816K), [Metaspace: 3120K->3120K(1056768K)], 0.0426749 secs] [Times: user=0.05 sys=0.00, real=0.04 secs] 
2021-01-21T01:54:59.431+0800: [GC (CMS Initial Mark) [1 CMS-initial-mark: 340715K(349568K)] 343880K(506816K), 0.0003378 secs] [Times: user=0.00 sys=0.00, real=0.00 secs] 
2021-01-21T01:54:59.431+0800: [CMS-concurrent-mark-start]
2021-01-21T01:54:59.432+0800: [CMS-concurrent-mark: 0.001/0.001 secs] [Times: user=0.00 sys=0.00, real=0.00 secs] 
2021-01-21T01:54:59.432+0800: [CMS-concurrent-preclean-start]
2021-01-21T01:54:59.433+0800: [CMS-concurrent-preclean: 0.000/0.000 secs] [Times: user=0.00 sys=0.00, real=0.00 secs] 
2021-01-21T01:54:59.433+0800: [CMS-concurrent-abortable-preclean-start]
2021-01-21T01:54:59.433+0800: [CMS-concurrent-abortable-preclean: 0.000/0.000 secs] [Times: user=0.00 sys=0.00, real=0.00 secs] 
2021-01-21T01:54:59.433+0800: [GC (CMS Final Remark) [YG occupancy: 17935 K (157248 K)]2021-01-21T01:54:59.433+0800: [Rescan (parallel) , 0.0002412 secs]2021-01-21T01:54:59.433+0800: [weak refs processing, 0.0000421 secs]2021-01-21T01:54:59.433+0800: [class unloading, 0.0002376 secs]2021-01-21T01:54:59.433+0800: [scrub symbol table, 0.0003521 secs]2021-01-21T01:54:59.434+0800: [scrub string table, 0.0000806 secs][1 CMS-remark: 340715K(349568K)] 358650K(506816K), 0.0009998 secs] [Times: user=0.00 sys=0.00, real=0.00 secs] 
2021-01-21T01:54:59.434+0800: [CMS-concurrent-sweep-start]
2021-01-21T01:54:59.434+0800: [CMS-concurrent-sweep: 0.001/0.001 secs] [Times: user=0.00 sys=0.00, real=0.00 secs] 
2021-01-21T01:54:59.434+0800: [CMS-concurrent-reset-start]
2021-01-21T01:54:59.435+0800: [CMS-concurrent-reset: 0.000/0.000 secs] [Times: user=0.00 sys=0.00, real=0.00 secs] 
2021-01-21T01:54:59.446+0800: [GC (Allocation Failure) 2021-01-21T01:54:59.446+0800: [ParNew: 139696K->139696K(157248K), 0.0000157 secs]2021-01-21T01:54:59.446+0800: [CMS: 340321K->348799K(349568K), 0.0455268 secs] 480018K->348799K(506816K), [Metaspace: 3120K->3120K(1056768K)], 0.0455841 secs] [Times: user=0.05 sys=0.00, real=0.04 secs] 
2021-01-21T01:54:59.491+0800: [GC (CMS Initial Mark) [1 CMS-initial-mark: 348799K(349568K)] 349205K(506816K), 0.0001210 secs] [Times: user=0.00 sys=0.00, real=0.00 secs] 
2021-01-21T01:54:59.491+0800: [CMS-concurrent-mark-start]
2021-01-21T01:54:59.492+0800: [CMS-concurrent-mark: 0.001/0.001 secs] [Times: user=0.00 sys=0.00, real=0.00 secs] 
2021-01-21T01:54:59.492+0800: [CMS-concurrent-preclean-start]
2021-01-21T01:54:59.492+0800: [CMS-concurrent-preclean: 0.000/0.000 secs] [Times: user=0.00 sys=0.00, real=0.00 secs] 
2021-01-21T01:54:59.492+0800: [CMS-concurrent-abortable-preclean-start]
2021-01-21T01:54:59.492+0800: [CMS-concurrent-abortable-preclean: 0.000/0.000 secs] [Times: user=0.00 sys=0.00, real=0.00 secs] 
2021-01-21T01:54:59.493+0800: [GC (CMS Final Remark) [YG occupancy: 13322 K (157248 K)]2021-01-21T01:54:59.493+0800: [Rescan (parallel) , 0.0002482 secs]2021-01-21T01:54:59.493+0800: [weak refs processing, 0.0000469 secs]2021-01-21T01:54:59.493+0800: [class unloading, 0.0003793 secs]2021-01-21T01:54:59.493+0800: [scrub symbol table, 0.0007444 secs]2021-01-21T01:54:59.494+0800: [scrub string table, 0.0001370 secs][1 CMS-remark: 348799K(349568K)] 362122K(506816K), 0.0016137 secs] [Times: user=0.00 sys=0.00, real=0.00 secs] 
2021-01-21T01:54:59.494+0800: [CMS-concurrent-sweep-start]
2021-01-21T01:54:59.495+0800: [CMS-concurrent-sweep: 0.001/0.001 secs] [Times: user=0.00 sys=0.00, real=0.00 secs] 
2021-01-21T01:54:59.495+0800: [CMS-concurrent-reset-start]
2021-01-21T01:54:59.495+0800: [CMS-concurrent-reset: 0.000/0.000 secs] [Times: user=0.00 sys=0.00, real=0.00 secs] 
2021-01-21T01:54:59.510+0800: [GC (Allocation Failure) 2021-01-21T01:54:59.510+0800: [ParNew: 139776K->139776K(157248K), 0.0000178 secs]2021-01-21T01:54:59.510+0800: [CMS: 344088K->349369K(349568K), 0.0400508 secs] 483864K->350386K(506816K), [Metaspace: 3120K->3120K(1056768K)], 0.0401136 secs] [Times: user=0.05 sys=0.00, real=0.04 secs] 
2021-01-21T01:54:59.550+0800: [GC (CMS Initial Mark) [1 CMS-initial-mark: 349369K(349568K)] 350530K(506816K), 0.0001191 secs] [Times: user=0.00 sys=0.00, real=0.00 secs] 
2021-01-21T01:54:59.550+0800: [CMS-concurrent-mark-start]
2021-01-21T01:54:59.551+0800: [CMS-concurrent-mark: 0.001/0.001 secs] [Times: user=0.00 sys=0.00, real=0.00 secs] 
2021-01-21T01:54:59.551+0800: [CMS-concurrent-preclean-start]
2021-01-21T01:54:59.552+0800: [CMS-concurrent-preclean: 0.001/0.001 secs] [Times: user=0.00 sys=0.00, real=0.00 secs] 
2021-01-21T01:54:59.552+0800: [CMS-concurrent-abortable-preclean-start]
2021-01-21T01:54:59.552+0800: [CMS-concurrent-abortable-preclean: 0.000/0.000 secs] [Times: user=0.00 sys=0.00, real=0.00 secs] 
2021-01-21T01:54:59.552+0800: [GC (CMS Final Remark) [YG occupancy: 19671 K (157248 K)]2021-01-21T01:54:59.552+0800: [Rescan (parallel) , 0.0002814 secs]2021-01-21T01:54:59.552+0800: [weak refs processing, 0.0000302 secs]2021-01-21T01:54:59.553+0800: [class unloading, 0.0001738 secs]2021-01-21T01:54:59.553+0800: [scrub symbol table, 0.0002903 secs]2021-01-21T01:54:59.553+0800: [scrub string table, 0.0000744 secs][1 CMS-remark: 349369K(349568K)] 369041K(506816K), 0.0008881 secs] [Times: user=0.00 sys=0.00, real=0.00 secs] 
2021-01-21T01:54:59.553+0800: [CMS-concurrent-sweep-start]
2021-01-21T01:54:59.554+0800: [CMS-concurrent-sweep: 0.000/0.000 secs] [Times: user=0.00 sys=0.00, real=0.00 secs] 
2021-01-21T01:54:59.554+0800: [CMS-concurrent-reset-start]
2021-01-21T01:54:59.554+0800: [CMS-concurrent-reset: 0.000/0.000 secs] [Times: user=0.00 sys=0.00, real=0.00 secs] 
2021-01-21T01:54:59.567+0800: [GC (Allocation Failure) 2021-01-21T01:54:59.567+0800: [ParNew: 156824K->156824K(157248K), 0.0000157 secs]2021-01-21T01:54:59.567+0800: [CMS: 348834K->349013K(349568K), 0.0404396 secs] 505658K->355822K(506816K), [Metaspace: 3120K->3120K(1056768K)], 0.0404954 secs] [Times: user=0.03 sys=0.00, real=0.04 secs] 
2021-01-21T01:54:59.608+0800: [GC (CMS Initial Mark) [1 CMS-initial-mark: 349013K(349568K)] 356480K(506816K), 0.0003225 secs] [Times: user=0.00 sys=0.00, real=0.00 secs] 
2021-01-21T01:54:59.608+0800: [CMS-concurrent-mark-start]
2021-01-21T01:54:59.609+0800: [CMS-concurrent-mark: 0.001/0.001 secs] [Times: user=0.08 sys=0.00, real=0.00 secs] 
2021-01-21T01:54:59.609+0800: [CMS-concurrent-preclean-start]
2021-01-21T01:54:59.609+0800: [CMS-concurrent-preclean: 0.001/0.001 secs] [Times: user=0.00 sys=0.00, real=0.00 secs] 
2021-01-21T01:54:59.609+0800: [CMS-concurrent-abortable-preclean-start]
2021-01-21T01:54:59.609+0800: [CMS-concurrent-abortable-preclean: 0.000/0.000 secs] [Times: user=0.00 sys=0.00, real=0.00 secs] 
2021-01-21T01:54:59.610+0800: [GC (CMS Final Remark) [YG occupancy: 24291 K (157248 K)]2021-01-21T01:54:59.610+0800: [Rescan (parallel) , 0.0001640 secs]2021-01-21T01:54:59.610+0800: [weak refs processing, 0.0000292 secs]2021-01-21T01:54:59.610+0800: [class unloading, 0.0003164 secs]2021-01-21T01:54:59.610+0800: [scrub symbol table, 0.0003242 secs]2021-01-21T01:54:59.610+0800: [scrub string table, 0.0001139 secs][1 CMS-remark: 349013K(349568K)] 373305K(506816K), 0.0009927 secs] [Times: user=0.00 sys=0.00, real=0.00 secs] 
2021-01-21T01:54:59.611+0800: [CMS-concurrent-sweep-start]
2021-01-21T01:54:59.611+0800: [CMS-concurrent-sweep: 0.000/0.000 secs] [Times: user=0.00 sys=0.00, real=0.00 secs] 
2021-01-21T01:54:59.611+0800: [CMS-concurrent-reset-start]
2021-01-21T01:54:59.611+0800: [CMS-concurrent-reset: 0.000/0.000 secs] [Times: user=0.00 sys=0.00, real=0.00 secs] 
2021-01-21T01:54:59.625+0800: [GC (Allocation Failure) 2021-01-21T01:54:59.625+0800: [ParNew: 156656K->156656K(157248K), 0.0000138 secs]2021-01-21T01:54:59.625+0800: [CMS: 348643K->349360K(349568K), 0.0446594 secs] 505299K->353043K(506816K), [Metaspace: 3120K->3120K(1056768K)], 0.0447210 secs] [Times: user=0.03 sys=0.00, real=0.05 secs] 
2021-01-21T01:54:59.670+0800: [GC (CMS Initial Mark) [1 CMS-initial-mark: 349360K(349568K)] 353782K(506816K), 0.0001285 secs] [Times: user=0.00 sys=0.00, real=0.00 secs] 
2021-01-21T01:54:59.670+0800: [CMS-concurrent-mark-start]
2021-01-21T01:54:59.671+0800: [CMS-concurrent-mark: 0.001/0.001 secs] [Times: user=0.00 sys=0.00, real=0.00 secs] 
2021-01-21T01:54:59.671+0800: [CMS-concurrent-preclean-start]
2021-01-21T01:54:59.672+0800: [CMS-concurrent-preclean: 0.001/0.001 secs] [Times: user=0.03 sys=0.00, real=0.00 secs] 
2021-01-21T01:54:59.672+0800: [CMS-concurrent-abortable-preclean-start]
2021-01-21T01:54:59.672+0800: [CMS-concurrent-abortable-preclean: 0.000/0.000 secs] [Times: user=0.00 sys=0.00, real=0.00 secs] 
2021-01-21T01:54:59.673+0800: [GC (CMS Final Remark) [YG occupancy: 21424 K (157248 K)]2021-01-21T01:54:59.673+0800: [Rescan (parallel) , 0.0002415 secs]2021-01-21T01:54:59.673+0800: [weak refs processing, 0.0000438 secs]2021-01-21T01:54:59.673+0800: [class unloading, 0.0002843 secs]2021-01-21T01:54:59.673+0800: [scrub symbol table, 0.0006053 secs]2021-01-21T01:54:59.674+0800: [scrub string table, 0.0001269 secs][1 CMS-remark: 349360K(349568K)] 370785K(506816K), 0.0013594 secs] [Times: user=0.00 sys=0.00, real=0.00 secs] 
2021-01-21T01:54:59.674+0800: [CMS-concurrent-sweep-start]
2021-01-21T01:54:59.675+0800: [CMS-concurrent-sweep: 0.001/0.001 secs] [Times: user=0.00 sys=0.00, real=0.00 secs] 
2021-01-21T01:54:59.675+0800: [CMS-concurrent-reset-start]
2021-01-21T01:54:59.675+0800: [CMS-concurrent-reset: 0.000/0.000 secs] [Times: user=0.00 sys=0.00, real=0.00 secs] 
2021-01-21T01:54:59.687+0800: [GC (Allocation Failure) 2021-01-21T01:54:59.687+0800: [ParNew: 157228K->157228K(157248K), 0.0000162 secs]2021-01-21T01:54:59.688+0800: [CMS: 349360K->349226K(349568K), 0.0417177 secs] 506589K->355327K(506816K), [Metaspace: 3120K->3120K(1056768K)], 0.0418246 secs] [Times: user=0.05 sys=0.00, real=0.04 secs] 
2021-01-21T01:54:59.730+0800: [GC (CMS Initial Mark) [1 CMS-initial-mark: 349226K(349568K)] 358426K(506816K), 0.0002891 secs] [Times: user=0.00 sys=0.00, real=0.00 secs] 
2021-01-21T01:54:59.730+0800: [CMS-concurrent-mark-start]
2021-01-21T01:54:59.731+0800: [CMS-concurrent-mark: 0.001/0.001 secs] [Times: user=0.00 sys=0.00, real=0.00 secs] 
2021-01-21T01:54:59.731+0800: [CMS-concurrent-preclean-start]
2021-01-21T01:54:59.732+0800: [CMS-concurrent-preclean: 0.001/0.001 secs] [Times: user=0.00 sys=0.00, real=0.00 secs] 
2021-01-21T01:54:59.732+0800: [CMS-concurrent-abortable-preclean-start]
2021-01-21T01:54:59.732+0800: [CMS-concurrent-abortable-preclean: 0.000/0.000 secs] [Times: user=0.00 sys=0.00, real=0.00 secs] 
2021-01-21T01:54:59.732+0800: [GC (CMS Final Remark) [YG occupancy: 24485 K (157248 K)]2021-01-21T01:54:59.732+0800: [Rescan (parallel) , 0.0001690 secs]2021-01-21T01:54:59.732+0800: [weak refs processing, 0.0000409 secs]2021-01-21T01:54:59.732+0800: [class unloading, 0.0002500 secs]2021-01-21T01:54:59.732+0800: [scrub symbol table, 0.0003209 secs]2021-01-21T01:54:59.733+0800: [scrub string table, 0.0000743 secs][1 CMS-remark: 349226K(349568K)] 373712K(506816K), 0.0008959 secs] [Times: user=0.00 sys=0.00, real=0.00 secs] 
2021-01-21T01:54:59.733+0800: [CMS-concurrent-sweep-start]
2021-01-21T01:54:59.733+0800: [CMS-concurrent-sweep: 0.000/0.000 secs] [Times: user=0.00 sys=0.00, real=0.00 secs] 
2021-01-21T01:54:59.733+0800: [CMS-concurrent-reset-start]
2021-01-21T01:54:59.734+0800: [CMS-concurrent-reset: 0.000/0.000 secs] [Times: user=0.00 sys=0.00, real=0.00 secs] 
2021-01-21T01:54:59.744+0800: [GC (Allocation Failure) 2021-01-21T01:54:59.744+0800: [ParNew: 157157K->157157K(157248K), 0.0000131 secs]2021-01-21T01:54:59.744+0800: [CMS: 348739K->349394K(349568K), 0.0358732 secs] 505897K->350323K(506816K), [Metaspace: 3120K->3120K(1056768K)], 0.0359215 secs] [Times: user=0.03 sys=0.00, real=0.04 secs] 
2021-01-21T01:54:59.780+0800: [GC (CMS Initial Mark) [1 CMS-initial-mark: 349394K(349568K)] 353208K(506816K), 0.0003580 secs] [Times: user=0.00 sys=0.00, real=0.00 secs] 
2021-01-21T01:54:59.781+0800: [CMS-concurrent-mark-start]
执行结束!共生成对象次数:13438
Heap
 par new generation   total 157248K, used 6609K [0x00000000e0000000, 0x00000000eaaa0000, 0x00000000eaaa0000)
  eden space 139776K,   4% used [0x00000000e0000000, 0x00000000e06747c0, 0x00000000e8880000)
  from space 17472K,   0% used [0x00000000e9990000, 0x00000000e9990000, 0x00000000eaaa0000)
  to   space 17472K,   0% used [0x00000000e8880000, 0x00000000e8880000, 0x00000000e9990000)
 concurrent mark-sweep generation total 349568K, used 349394K [0x00000000eaaa0000, 0x0000000100000000, 0x0000000100000000)
 Metaspace       used 3127K, capacity 4556K, committed 4864K, reserved 1056768K
  class space    used 332K, capacity 392K, committed 512K, reserved 1048576K
2021-01-21T01:54:59.781+0800: [CMS-concurrent-mark: 0.001/0.001 secs] [Times: user=0.00 sys=0.00, real=0.00 secs] 
2021-01-21T01:54:59.781+0800: [CMS-concurrent-preclean-start]