2021-01-21T01:55:37.264+0800: [GC (Allocation Failure) 2021-01-21T01:55:37.264+0800: [ParNew: 279616K->34944K(314560K), 0.0117138 secs] 279616K->86766K(1013632K), 0.0117688 secs] [Times: user=0.06 sys=0.14, real=0.01 secs] 
2021-01-21T01:55:37.301+0800: [GC (Allocation Failure) 2021-01-21T01:55:37.301+0800: [ParNew: 314560K->34943K(314560K), 0.0158099 secs] 366382K->167547K(1013632K), 0.0158412 secs] [Times: user=0.03 sys=0.14, real=0.01 secs] 
2021-01-21T01:55:37.344+0800: [GC (Allocation Failure) 2021-01-21T01:55:37.344+0800: [ParNew: 314559K->34944K(314560K), 0.0316932 secs] 447163K->254887K(1013632K), 0.0317255 secs] [Times: user=0.39 sys=0.02, real=0.03 secs] 
2021-01-21T01:55:37.401+0800: [GC (Allocation Failure) 2021-01-21T01:55:37.401+0800: [ParNew: 314560K->34943K(314560K), 0.0264247 secs] 534503K->331266K(1013632K), 0.0264548 secs] [Times: user=0.36 sys=0.05, real=0.03 secs] 
2021-01-21T01:55:37.452+0800: [GC (Allocation Failure) 2021-01-21T01:55:37.452+0800: [ParNew: 314559K->34943K(314560K), 0.0302547 secs] 610882K->414405K(1013632K), 0.0302843 secs] [Times: user=0.38 sys=0.01, real=0.03 secs] 
2021-01-21T01:55:37.483+0800: [GC (CMS Initial Mark) [1 CMS-initial-mark: 379461K(699072K)] 420900K(1013632K), 0.0001341 secs] [Times: user=0.00 sys=0.00, real=0.00 secs] 
2021-01-21T01:55:37.483+0800: [CMS-concurrent-mark-start]
2021-01-21T01:55:37.484+0800: [CMS-concurrent-mark: 0.001/0.001 secs] [Times: user=0.00 sys=0.00, real=0.00 secs] 
2021-01-21T01:55:37.484+0800: [CMS-concurrent-preclean-start]
2021-01-21T01:55:37.485+0800: [CMS-concurrent-preclean: 0.001/0.001 secs] [Times: user=0.03 sys=0.00, real=0.00 secs] 
2021-01-21T01:55:37.485+0800: [CMS-concurrent-abortable-preclean-start]
2021-01-21T01:55:37.505+0800: [GC (Allocation Failure) 2021-01-21T01:55:37.505+0800: [ParNew: 314559K->34943K(314560K), 0.0259609 secs] 694021K->486831K(1013632K), 0.0259910 secs] [Times: user=0.41 sys=0.00, real=0.03 secs] 
2021-01-21T01:55:37.554+0800: [GC (Allocation Failure) 2021-01-21T01:55:37.554+0800: [ParNew: 314559K->34943K(314560K), 0.0271566 secs] 766447K->567745K(1013632K), 0.0271862 secs] [Times: user=0.39 sys=0.02, real=0.03 secs] 
2021-01-21T01:55:37.605+0800: [GC (Allocation Failure) 2021-01-21T01:55:37.605+0800: [ParNew: 314559K->34942K(314560K), 0.0269490 secs] 847361K->646049K(1013632K), 0.0269801 secs] [Times: user=0.36 sys=0.05, real=0.03 secs] 
2021-01-21T01:55:37.654+0800: [GC (Allocation Failure) 2021-01-21T01:55:37.654+0800: [ParNew: 314558K->34943K(314560K), 0.0269778 secs] 925665K->729082K(1013632K), 0.0270080 secs] [Times: user=0.41 sys=0.00, real=0.03 secs] 
2021-01-21T01:55:37.681+0800: [CMS-concurrent-abortable-preclean: 0.005/0.197 secs] [Times: user=1.63 sys=0.06, real=0.20 secs] 
2021-01-21T01:55:37.681+0800: [GC (CMS Final Remark) [YG occupancy: 40756 K (314560 K)]2021-01-21T01:55:37.681+0800: [Rescan (parallel) , 0.0002297 secs]2021-01-21T01:55:37.681+0800: [weak refs processing, 0.0000334 secs]2021-01-21T01:55:37.681+0800: [class unloading, 0.0001705 secs]2021-01-21T01:55:37.681+0800: [scrub symbol table, 0.0002801 secs]2021-01-21T01:55:37.682+0800: [scrub string table, 0.0000728 secs][1 CMS-remark: 694139K(699072K)] 734895K(1013632K), 0.0008299 secs] [Times: user=0.00 sys=0.00, real=0.00 secs] 
2021-01-21T01:55:37.682+0800: [CMS-concurrent-sweep-start]
2021-01-21T01:55:37.683+0800: [CMS-concurrent-sweep: 0.001/0.001 secs] [Times: user=0.00 sys=0.00, real=0.00 secs] 
2021-01-21T01:55:37.683+0800: [CMS-concurrent-reset-start]
2021-01-21T01:55:37.683+0800: [CMS-concurrent-reset: 0.001/0.001 secs] [Times: user=0.00 sys=0.00, real=0.00 secs] 
2021-01-21T01:55:37.706+0800: [GC (Allocation Failure) 2021-01-21T01:55:37.706+0800: [ParNew: 314559K->34942K(314560K), 0.0132265 secs] 872439K->666729K(1013632K), 0.0132598 secs] [Times: user=0.20 sys=0.00, real=0.01 secs] 
2021-01-21T01:55:37.720+0800: [GC (CMS Initial Mark) [1 CMS-initial-mark: 631786K(699072K)] 666901K(1013632K), 0.0000905 secs] [Times: user=0.00 sys=0.00, real=0.00 secs] 
2021-01-21T01:55:37.720+0800: [CMS-concurrent-mark-start]
2021-01-21T01:55:37.720+0800: [CMS-concurrent-mark: 0.001/0.001 secs] [Times: user=0.00 sys=0.00, real=0.00 secs] 
2021-01-21T01:55:37.720+0800: [CMS-concurrent-preclean-start]
2021-01-21T01:55:37.721+0800: [CMS-concurrent-preclean: 0.001/0.001 secs] [Times: user=0.00 sys=0.00, real=0.00 secs] 
2021-01-21T01:55:37.721+0800: [CMS-concurrent-abortable-preclean-start]
2021-01-21T01:55:37.744+0800: [GC (Allocation Failure) 2021-01-21T01:55:37.744+0800: [ParNew: 314558K->314558K(314560K), 0.0000146 secs]2021-01-21T01:55:37.744+0800: [CMS2021-01-21T01:55:37.744+0800: [CMS-concurrent-abortable-preclean: 0.001/0.022 secs] [Times: user=0.02 sys=0.00, real=0.02 secs] 
 (concurrent mode failure): 631786K->348306K(699072K), 0.0382925 secs] 946345K->348306K(1013632K), [Metaspace: 3120K->3120K(1056768K)], 0.0383473 secs] [Times: user=0.05 sys=0.00, real=0.04 secs] 
2021-01-21T01:55:37.804+0800: [GC (Allocation Failure) 2021-01-21T01:55:37.804+0800: [ParNew: 279616K->34943K(314560K), 0.0119833 secs] 627922K->441620K(1013632K), 0.0120137 secs] [Times: user=0.20 sys=0.00, real=0.01 secs] 
2021-01-21T01:55:37.817+0800: [GC (CMS Initial Mark) [1 CMS-initial-mark: 406677K(699072K)] 442316K(1013632K), 0.0006427 secs] [Times: user=0.00 sys=0.00, real=0.00 secs] 
2021-01-21T01:55:37.817+0800: [CMS-concurrent-mark-start]
2021-01-21T01:55:37.818+0800: [CMS-concurrent-mark: 0.001/0.001 secs] [Times: user=0.00 sys=0.00, real=0.00 secs] 
2021-01-21T01:55:37.818+0800: [CMS-concurrent-preclean-start]
2021-01-21T01:55:37.819+0800: [CMS-concurrent-preclean: 0.001/0.001 secs] [Times: user=0.00 sys=0.00, real=0.00 secs] 
2021-01-21T01:55:37.819+0800: [CMS-concurrent-abortable-preclean-start]
2021-01-21T01:55:37.842+0800: [GC (Allocation Failure) 2021-01-21T01:55:37.843+0800: [ParNew: 314559K->34943K(314560K), 0.0148860 secs] 721236K->528880K(1013632K), 0.0149191 secs] [Times: user=0.17 sys=0.00, real=0.02 secs] 
2021-01-21T01:55:37.880+0800: [GC (Allocation Failure) 2021-01-21T01:55:37.880+0800: [ParNew: 314559K->34943K(314560K), 0.0140824 secs] 808496K->610605K(1013632K), 0.0141133 secs] [Times: user=0.20 sys=0.00, real=0.01 secs] 
2021-01-21T01:55:37.919+0800: [GC (Allocation Failure) 2021-01-21T01:55:37.919+0800: [ParNew: 314559K->34943K(314560K), 0.0135048 secs] 890221K->689655K(1013632K), 0.0135344 secs] [Times: user=0.20 sys=0.00, real=0.01 secs] 
2021-01-21T01:55:37.933+0800: [CMS-concurrent-abortable-preclean: 0.004/0.114 secs] [Times: user=0.66 sys=0.00, real=0.11 secs] 
2021-01-21T01:55:37.934+0800: [GC (CMS Final Remark) [YG occupancy: 52442 K (314560 K)]2021-01-21T01:55:37.934+0800: [Rescan (parallel) , 0.0003993 secs]2021-01-21T01:55:37.934+0800: [weak refs processing, 0.0000348 secs]2021-01-21T01:55:37.934+0800: [class unloading, 0.0001819 secs]2021-01-21T01:55:37.934+0800: [scrub symbol table, 0.0002827 secs]2021-01-21T01:55:37.934+0800: [scrub string table, 0.0000838 secs][1 CMS-remark: 654711K(699072K)] 707154K(1013632K), 0.0010218 secs] [Times: user=0.00 sys=0.00, real=0.00 secs] 
2021-01-21T01:55:37.935+0800: [CMS-concurrent-sweep-start]
2021-01-21T01:55:37.936+0800: [CMS-concurrent-sweep: 0.001/0.001 secs] [Times: user=0.00 sys=0.00, real=0.00 secs] 
2021-01-21T01:55:37.936+0800: [CMS-concurrent-reset-start]
2021-01-21T01:55:37.936+0800: [CMS-concurrent-reset: 0.000/0.000 secs] [Times: user=0.00 sys=0.00, real=0.00 secs] 
2021-01-21T01:55:37.959+0800: [GC (Allocation Failure) 2021-01-21T01:55:37.959+0800: [ParNew: 314559K->34943K(314560K), 0.0139383 secs] 882917K->681806K(1013632K), 0.0139679 secs] [Times: user=0.20 sys=0.00, real=0.01 secs] 
2021-01-21T01:55:37.973+0800: [GC (CMS Initial Mark) [1 CMS-initial-mark: 646862K(699072K)] 687682K(1013632K), 0.0001661 secs] [Times: user=0.00 sys=0.00, real=0.00 secs] 
2021-01-21T01:55:37.973+0800: [CMS-concurrent-mark-start]
2021-01-21T01:55:37.974+0800: [CMS-concurrent-mark: 0.001/0.001 secs] [Times: user=0.00 sys=0.00, real=0.00 secs] 
2021-01-21T01:55:37.974+0800: [CMS-concurrent-preclean-start]
2021-01-21T01:55:37.975+0800: [CMS-concurrent-preclean: 0.001/0.001 secs] [Times: user=0.00 sys=0.00, real=0.00 secs] 
2021-01-21T01:55:37.975+0800: [CMS-concurrent-abortable-preclean-start]
2021-01-21T01:55:37.999+0800: [GC (Allocation Failure) 2021-01-21T01:55:37.999+0800: [ParNew: 314559K->314559K(314560K), 0.0000143 secs]2021-01-21T01:55:37.999+0800: [CMS2021-01-21T01:55:37.999+0800: [CMS-concurrent-abortable-preclean: 0.001/0.024 secs] [Times: user=0.02 sys=0.00, real=0.02 secs] 
 (concurrent mode failure): 646862K->374178K(699072K), 0.0410533 secs] 961422K->374178K(1013632K), [Metaspace: 3120K->3120K(1056768K)], 0.0411067 secs] [Times: user=0.05 sys=0.00, real=0.04 secs] 
2021-01-21T01:55:38.064+0800: [GC (Allocation Failure) 2021-01-21T01:55:38.064+0800: [ParNew: 279616K->34943K(314560K), 0.0111155 secs] 653794K->464849K(1013632K), 0.0111457 secs] [Times: user=0.00 sys=0.00, real=0.01 secs] 
2021-01-21T01:55:38.076+0800: [GC (CMS Initial Mark) [1 CMS-initial-mark: 429906K(699072K)] 470559K(1013632K), 0.0007938 secs] [Times: user=0.00 sys=0.00, real=0.00 secs] 
2021-01-21T01:55:38.077+0800: [CMS-concurrent-mark-start]
2021-01-21T01:55:38.078+0800: [CMS-concurrent-mark: 0.001/0.001 secs] [Times: user=0.08 sys=0.00, real=0.00 secs] 
2021-01-21T01:55:38.078+0800: [CMS-concurrent-preclean-start]
2021-01-21T01:55:38.078+0800: [CMS-concurrent-preclean: 0.001/0.001 secs] [Times: user=0.00 sys=0.00, real=0.00 secs] 
2021-01-21T01:55:38.078+0800: [CMS-concurrent-abortable-preclean-start]
2021-01-21T01:55:38.100+0800: [GC (Allocation Failure) 2021-01-21T01:55:38.100+0800: [ParNew: 314559K->34943K(314560K), 0.0132928 secs] 744465K->537786K(1013632K), 0.0133219 secs] [Times: user=0.20 sys=0.00, real=0.01 secs] 
2021-01-21T01:55:38.137+0800: [GC (Allocation Failure) 2021-01-21T01:55:38.137+0800: [ParNew: 314559K->34943K(314560K), 0.0143161 secs] 817402K->614475K(1013632K), 0.0143454 secs] [Times: user=0.20 sys=0.00, real=0.01 secs] 
2021-01-21T01:55:38.175+0800: [GC (Allocation Failure) 2021-01-21T01:55:38.175+0800: [ParNew: 314559K->34943K(314560K), 0.0137451 secs] 894091K->689322K(1013632K), 0.0137751 secs] [Times: user=0.17 sys=0.02, real=0.01 secs] 
执行结束!共生成对象次数:22261
Heap
 par new generation   total 314560K, used 46249K [0x00000000c0000000, 0x00000000d5550000, 0x00000000d5550000)
  eden space 279616K,   4% used [0x00000000c0000000, 0x00000000c0b0a660, 0x00000000d1110000)
  from space 34944K,  99% used [0x00000000d3330000, 0x00000000d554fe88, 0x00000000d5550000)
  to   space 34944K,   0% used [0x00000000d1110000, 0x00000000d1110000, 0x00000000d3330000)
 concurrent mark-sweep generation total 699072K, used 654378K [0x00000000d5550000, 0x0000000100000000, 0x0000000100000000)
 Metaspace       used 3127K, capacity 4556K, committed 4864K, reserved 1056768K
  class space    used 332K, capacity 392K, committed 512K, reserved 1048576K
2021-01-21T01:55:38.190+0800: [CMS-concurrent-abortable-preclean: 0.004/0.112 secs] [Times: user=0.64 sys=0.02, real=0.11 secs] 