2021-01-22T02:03:45.394+0800: [GC (Allocation Failure) 2021-01-22T02:03:45.394+0800: [ParNew: 886080K->110720K(996800K), 0.0241336 secs] 886080K->208819K(8277888K), 0.0241773 secs] [Times: user=0.05 sys=0.16, real=0.02 secs] 
2021-01-22T02:03:45.494+0800: [GC (Allocation Failure) 2021-01-22T02:03:45.494+0800: [ParNew: 996800K->110719K(996800K), 0.0274794 secs] 1094899K->355618K(8277888K), 0.0275117 secs] [Times: user=0.09 sys=0.31, real=0.03 secs] 
2021-01-22T02:03:45.597+0800: [GC (Allocation Failure) 2021-01-22T02:03:45.597+0800: [ParNew: 996799K->110720K(996800K), 0.0610972 secs] 1241698K->510083K(8277888K), 0.0611283 secs] [Times: user=0.75 sys=0.03, real=0.06 secs] 
2021-01-22T02:03:45.732+0800: [GC (Allocation Failure) 2021-01-22T02:03:45.732+0800: [ParNew: 996800K->110719K(996800K), 0.0616010 secs] 1396163K->651492K(8277888K), 0.0616347 secs] [Times: user=0.77 sys=0.05, real=0.06 secs] 
2021-01-22T02:03:45.867+0800: [GC (Allocation Failure) 2021-01-22T02:03:45.867+0800: [ParNew: 996799K->110719K(996800K), 0.0618861 secs] 1537572K->807097K(8277888K), 0.0619173 secs] [Times: user=0.77 sys=0.05, real=0.06 secs] 
2021-01-22T02:03:46.005+0800: [GC (Allocation Failure) 2021-01-22T02:03:46.005+0800: [ParNew: 996799K->110720K(996800K), 0.0585821 secs] 1693177K->955980K(8277888K), 0.0586148 secs] [Times: user=0.75 sys=0.06, real=0.06 secs] 
2021-01-22T02:03:46.139+0800: [GC (Allocation Failure) 2021-01-22T02:03:46.139+0800: [ParNew: 996800K->110720K(996800K), 0.0567772 secs] 1842060K->1103082K(8277888K), 0.0568076 secs] [Times: user=0.80 sys=0.02, real=0.06 secs] 
执行结束!共生成对象次数:23249
Heap
 par new generation   total 996800K, used 146156K [0x00000005c0000000, 0x0000000603990000, 0x0000000603990000)
  eden space 886080K,   3% used [0x00000005c0000000, 0x00000005c229b350, 0x00000005f6150000)
  from space 110720K, 100% used [0x00000005fcd70000, 0x0000000603990000, 0x0000000603990000)
  to   space 110720K,   0% used [0x00000005f6150000, 0x00000005f6150000, 0x00000005fcd70000)
 concurrent mark-sweep generation total 7281088K, used 992362K [0x0000000603990000, 0x00000007c0000000, 0x00000007c0000000)
 Metaspace       used 3127K, capacity 4556K, committed 4864K, reserved 1056768K
  class space    used 332K, capacity 392K, committed 512K, reserved 1048576K