2021-01-22T02:03:08.747+0800: [GC (Allocation Failure) 2021-01-22T02:03:08.747+0800: [ParNew: 559232K->69888K(629120K), 0.0167969 secs] 559232K->140048K(2027264K), 0.0168481 secs] [Times: user=0.03 sys=0.17, real=0.02 secs] 
2021-01-22T02:03:08.813+0800: [GC (Allocation Failure) 2021-01-22T02:03:08.813+0800: [ParNew: 629120K->69886K(629120K), 0.0194849 secs] 699280K->263353K(2027264K), 0.0195148 secs] [Times: user=0.08 sys=0.13, real=0.02 secs] 
2021-01-22T02:03:08.882+0800: [GC (Allocation Failure) 2021-01-22T02:03:08.882+0800: [ParNew: 629118K->69888K(629120K), 0.0443139 secs] 822585K->394926K(2027264K), 0.0443444 secs] [Times: user=0.58 sys=0.03, real=0.04 secs] 
2021-01-22T02:03:08.971+0800: [GC (Allocation Failure) 2021-01-22T02:03:08.971+0800: [ParNew: 629120K->69886K(629120K), 0.0419885 secs] 954158K->517599K(2027264K), 0.0420232 secs] [Times: user=0.38 sys=0.03, real=0.04 secs] 
2021-01-22T02:03:09.060+0800: [GC (Allocation Failure) 2021-01-22T02:03:09.060+0800: [ParNew: 628440K->69887K(629120K), 0.0407107 secs] 1076153K->638418K(2027264K), 0.0407387 secs] [Times: user=0.56 sys=0.05, real=0.04 secs] 
2021-01-22T02:03:09.145+0800: [GC (Allocation Failure) 2021-01-22T02:03:09.145+0800: [ParNew: 629119K->69887K(629120K), 0.0435265 secs] 1197650K->759440K(2027264K), 0.0435571 secs] [Times: user=0.48 sys=0.05, real=0.04 secs] 
2021-01-22T02:03:09.234+0800: [GC (Allocation Failure) 2021-01-22T02:03:09.234+0800: [ParNew: 629119K->69887K(629120K), 0.0440773 secs] 1318672K->887334K(2027264K), 0.0441091 secs] [Times: user=0.36 sys=0.03, real=0.05 secs] 
2021-01-22T02:03:09.279+0800: [GC (CMS Initial Mark) [1 CMS-initial-mark: 817447K(1398144K)] 899189K(2027264K), 0.0006171 secs] [Times: user=0.00 sys=0.00, real=0.00 secs] 
2021-01-22T02:03:09.279+0800: [CMS-concurrent-mark-start]
2021-01-22T02:03:09.281+0800: [CMS-concurrent-mark: 0.002/0.002 secs] [Times: user=0.02 sys=0.06, real=0.00 secs] 
2021-01-22T02:03:09.281+0800: [CMS-concurrent-preclean-start]
2021-01-22T02:03:09.283+0800: [CMS-concurrent-preclean: 0.001/0.001 secs] [Times: user=0.00 sys=0.00, real=0.00 secs] 
2021-01-22T02:03:09.283+0800: [CMS-concurrent-abortable-preclean-start]
2021-01-22T02:03:09.325+0800: [GC (Allocation Failure) 2021-01-22T02:03:09.325+0800: [ParNew: 629119K->69887K(629120K), 0.0474809 secs] 1446566K->1018218K(2027264K), 0.0475100 secs] [Times: user=0.55 sys=0.06, real=0.05 secs] 
2021-01-22T02:03:09.420+0800: [GC (Allocation Failure) 2021-01-22T02:03:09.420+0800: [ParNew: 629119K->69887K(629120K), 0.0391253 secs] 1577450K->1127801K(2027264K), 0.0391550 secs] [Times: user=0.59 sys=0.02, real=0.04 secs] 
2021-01-22T02:03:09.506+0800: [GC (Allocation Failure) 2021-01-22T02:03:09.506+0800: [ParNew: 629119K->69887K(629120K), 0.0438274 secs] 1687033K->1252198K(2027264K), 0.0438568 secs] [Times: user=0.61 sys=0.00, real=0.04 secs] 
执行结束!共生成对象次数:22724
Heap
 par new generation   total 629120K, used 505839K [0x0000000080000000, 0x00000000aaaa0000, 0x00000000aaaa0000)
  eden space 559232K,  77% used [0x0000000080000000, 0x000000009a9bbdf8, 0x00000000a2220000)
  from space 69888K,  99% used [0x00000000a2220000, 0x00000000a665fe50, 0x00000000a6660000)
  to   space 69888K,   0% used [0x00000000a6660000, 0x00000000a6660000, 0x00000000aaaa0000)
 concurrent mark-sweep generation total 1398144K, used 1182310K [0x00000000aaaa0000, 0x0000000100000000, 0x0000000100000000)
 Metaspace       used 3127K, capacity 4556K, committed 4864K, reserved 1056768K
  class space    used 332K, capacity 392K, committed 512K, reserved 1048576K