2021-01-22T02:02:29.561+0800: [GC (Allocation Failure) 2021-01-22T02:02:29.561+0800: [ParNew: 885910K->110719K(996800K), 0.0219655 secs] 885910K->223729K(4083584K), 0.0220120 secs] [Times: user=0.28 sys=0.13, real=0.02 secs] 
2021-01-22T02:02:29.661+0800: [GC (Allocation Failure) 2021-01-22T02:02:29.661+0800: [ParNew: 996799K->110720K(996800K), 0.0251318 secs] 1109809K->370914K(4083584K), 0.0251614 secs] [Times: user=0.08 sys=0.13, real=0.03 secs] 
2021-01-22T02:02:29.763+0800: [GC (Allocation Failure) 2021-01-22T02:02:29.763+0800: [ParNew: 996800K->110720K(996800K), 0.0546957 secs] 1256994K->516946K(4083584K), 0.0547257 secs] [Times: user=0.75 sys=0.06, real=0.05 secs] 
2021-01-22T02:02:29.891+0800: [GC (Allocation Failure) 2021-01-22T02:02:29.891+0800: [ParNew: 996800K->110720K(996800K), 0.0566126 secs] 1403026K->670069K(4083584K), 0.0566430 secs] [Times: user=0.53 sys=0.03, real=0.06 secs] 
2021-01-22T02:02:30.020+0800: [GC (Allocation Failure) 2021-01-22T02:02:30.020+0800: [ParNew: 996800K->110719K(996800K), 0.0563815 secs] 1556149K->818600K(4083584K), 0.0564105 secs] [Times: user=0.52 sys=0.05, real=0.06 secs] 
2021-01-22T02:02:30.147+0800: [GC (Allocation Failure) 2021-01-22T02:02:30.147+0800: [ParNew: 996799K->110718K(996800K), 0.0586166 secs] 1704680K->982119K(4083584K), 0.0586468 secs] [Times: user=0.78 sys=0.03, real=0.06 secs] 
2021-01-22T02:02:30.280+0800: [GC (Allocation Failure) 2021-01-22T02:02:30.280+0800: [ParNew: 996798K->110719K(996800K), 0.0565024 secs] 1868199K->1137751K(4083584K), 0.0565396 secs] [Times: user=0.80 sys=0.02, real=0.06 secs] 
执行结束!共生成对象次数:23298
Heap
 par new generation   total 996800K, used 146271K [0x00000006c0000000, 0x0000000703990000, 0x0000000703990000)
  eden space 886080K,   4% used [0x00000006c0000000, 0x00000006c22b7e00, 0x00000006f6150000)
  from space 110720K,  99% used [0x00000006fcd70000, 0x000000070398ff00, 0x0000000703990000)
  to   space 110720K,   0% used [0x00000006f6150000, 0x00000006f6150000, 0x00000006fcd70000)
 concurrent mark-sweep generation total 3086784K, used 1027032K [0x0000000703990000, 0x00000007c0000000, 0x00000007c0000000)
 Metaspace       used 3127K, capacity 4556K, committed 4864K, reserved 1056768K
  class space    used 332K, capacity 392K, committed 512K, reserved 1048576K