2021-01-22T01:58:44.399+0800: [GC (Allocation Failure) 2021-01-22T01:58:44.399+0800: [ParNew: 69952K->8703K(78656K), 0.0032674 secs] 69952K->23840K(253440K), 0.0033156 secs] [Times: user=0.00 sys=0.00, real=0.00 secs] 
2021-01-22T01:58:44.413+0800: [GC (Allocation Failure) 2021-01-22T01:58:44.413+0800: [ParNew: 78655K->8704K(78656K), 0.0048140 secs] 93792K->46936K(253440K), 0.0048504 secs] [Times: user=0.00 sys=0.00, real=0.00 secs] 
2021-01-22T01:58:44.427+0800: [GC (Allocation Failure) 2021-01-22T01:58:44.427+0800: [ParNew: 78483K->8700K(78656K), 0.0086448 secs] 116716K->70205K(253440K), 0.0086802 secs] [Times: user=0.00 sys=0.00, real=0.01 secs] 
2021-01-22T01:58:44.442+0800: [GC (Allocation Failure) 2021-01-22T01:58:44.442+0800: [ParNew: 78652K->8703K(78656K), 0.0095867 secs] 140157K->96392K(253440K), 0.0096158 secs] [Times: user=0.00 sys=0.00, real=0.01 secs] 
2021-01-22T01:58:44.452+0800: [GC (CMS Initial Mark) [1 CMS-initial-mark: 87689K(174784K)] 97894K(253440K), 0.0003221 secs] [Times: user=0.00 sys=0.00, real=0.00 secs] 
2021-01-22T01:58:44.452+0800: [CMS-concurrent-mark-start]
2021-01-22T01:58:44.453+0800: [CMS-concurrent-mark: 0.001/0.001 secs] [Times: user=0.08 sys=0.00, real=0.00 secs] 
2021-01-22T01:58:44.453+0800: [CMS-concurrent-preclean-start]
2021-01-22T01:58:44.453+0800: [CMS-concurrent-preclean: 0.000/0.000 secs] [Times: user=0.00 sys=0.00, real=0.00 secs] 
2021-01-22T01:58:44.453+0800: [CMS-concurrent-abortable-preclean-start]
2021-01-22T01:58:44.458+0800: [GC (Allocation Failure) 2021-01-22T01:58:44.458+0800: [ParNew: 78655K->8703K(78656K), 0.0094260 secs] 166344K->122128K(253440K), 0.0094568 secs] [Times: user=0.00 sys=0.00, real=0.01 secs] 
2021-01-22T01:58:44.475+0800: [GC (Allocation Failure) 2021-01-22T01:58:44.475+0800: [ParNew: 78204K->8703K(78656K), 0.0072819 secs] 191630K->142766K(253440K), 0.0073086 secs] [Times: user=0.00 sys=0.00, real=0.01 secs] 
2021-01-22T01:58:44.488+0800: [GC (Allocation Failure) 2021-01-22T01:58:44.488+0800: [ParNew: 78655K->8703K(78656K), 0.0098734 secs] 212718K->172018K(253440K), 0.0099057 secs] [Times: user=0.00 sys=0.00, real=0.01 secs] 
2021-01-22T01:58:44.504+0800: [GC (Allocation Failure) 2021-01-22T01:58:44.505+0800: [ParNew: 78291K->78291K(78656K), 0.0000131 secs]2021-01-22T01:58:44.505+0800: [CMS2021-01-22T01:58:44.505+0800: [CMS-concurrent-abortable-preclean: 0.001/0.051 secs] [Times: user=0.05 sys=0.00, real=0.05 secs] 
 (concurrent mode failure): 163314K->158672K(174784K), 0.0172725 secs] 241606K->158672K(253440K), [Metaspace: 3120K->3120K(1056768K)], 0.0173245 secs] [Times: user=0.02 sys=0.00, real=0.02 secs] 
2021-01-22T01:58:44.528+0800: [GC (Allocation Failure) 2021-01-22T01:58:44.528+0800: [ParNew: 69704K->69704K(78656K), 0.0000130 secs]2021-01-22T01:58:44.528+0800: [CMS: 158672K->174289K(174784K), 0.0186975 secs] 228377K->174289K(253440K), [Metaspace: 3120K->3120K(1056768K)], 0.0187464 secs] [Times: user=0.03 sys=0.00, real=0.02 secs] 
2021-01-22T01:58:44.547+0800: [GC (CMS Initial Mark) [1 CMS-initial-mark: 174289K(174784K)] 175960K(253440K), 0.0006415 secs] [Times: user=0.00 sys=0.00, real=0.00 secs] 
2021-01-22T01:58:44.548+0800: [CMS-concurrent-mark-start]
2021-01-22T01:58:44.548+0800: [CMS-concurrent-mark: 0.000/0.000 secs] [Times: user=0.00 sys=0.00, real=0.00 secs] 
2021-01-22T01:58:44.548+0800: [CMS-concurrent-preclean-start]
2021-01-22T01:58:44.548+0800: [CMS-concurrent-preclean: 0.000/0.000 secs] [Times: user=0.00 sys=0.00, real=0.00 secs] 
2021-01-22T01:58:44.548+0800: [CMS-concurrent-abortable-preclean-start]
2021-01-22T01:58:44.548+0800: [CMS-concurrent-abortable-preclean: 0.000/0.000 secs] [Times: user=0.00 sys=0.00, real=0.00 secs] 
2021-01-22T01:58:44.548+0800: [GC (CMS Final Remark) [YG occupancy: 8305 K (78656 K)]2021-01-22T01:58:44.548+0800: [Rescan (parallel) , 0.0003764 secs]2021-01-22T01:58:44.549+0800: [weak refs processing, 0.0000293 secs]2021-01-22T01:58:44.549+0800: [class unloading, 0.0001563 secs]2021-01-22T01:58:44.549+0800: [scrub symbol table, 0.0002832 secs]2021-01-22T01:58:44.549+0800: [scrub string table, 0.0000731 secs][1 CMS-remark: 174289K(174784K)] 182594K(253440K), 0.0009504 secs] [Times: user=0.00 sys=0.00, real=0.00 secs] 
2021-01-22T01:58:44.549+0800: [CMS-concurrent-sweep-start]
2021-01-22T01:58:44.550+0800: [CMS-concurrent-sweep: 0.000/0.000 secs] [Times: user=0.00 sys=0.00, real=0.00 secs] 
2021-01-22T01:58:44.550+0800: [CMS-concurrent-reset-start]
2021-01-22T01:58:44.550+0800: [CMS-concurrent-reset: 0.000/0.000 secs] [Times: user=0.00 sys=0.00, real=0.00 secs] 
2021-01-22T01:58:44.555+0800: [GC (Allocation Failure) 2021-01-22T01:58:44.555+0800: [ParNew: 69952K->69952K(78656K), 0.0000159 secs]2021-01-22T01:58:44.555+0800: [CMS: 174059K->174594K(174784K), 0.0207715 secs] 244011K->192258K(253440K), [Metaspace: 3120K->3120K(1056768K)], 0.0208236 secs] [Times: user=0.02 sys=0.00, real=0.02 secs] 
2021-01-22T01:58:44.576+0800: [GC (CMS Initial Mark) [1 CMS-initial-mark: 174594K(174784K)] 194828K(253440K), 0.0003048 secs] [Times: user=0.00 sys=0.00, real=0.00 secs] 
2021-01-22T01:58:44.576+0800: [CMS-concurrent-mark-start]
2021-01-22T01:58:44.576+0800: [CMS-concurrent-mark: 0.000/0.000 secs] [Times: user=0.00 sys=0.00, real=0.00 secs] 
2021-01-22T01:58:44.576+0800: [CMS-concurrent-preclean-start]
2021-01-22T01:58:44.577+0800: [CMS-concurrent-preclean: 0.000/0.000 secs] [Times: user=0.00 sys=0.00, real=0.00 secs] 
2021-01-22T01:58:44.577+0800: [CMS-concurrent-abortable-preclean-start]
2021-01-22T01:58:44.577+0800: [CMS-concurrent-abortable-preclean: 0.000/0.000 secs] [Times: user=0.00 sys=0.00, real=0.00 secs] 
2021-01-22T01:58:44.577+0800: [GC (CMS Final Remark) [YG occupancy: 30909 K (78656 K)]2021-01-22T01:58:44.577+0800: [Rescan (parallel) , 0.0002870 secs]2021-01-22T01:58:44.577+0800: [weak refs processing, 0.0000300 secs]2021-01-22T01:58:44.577+0800: [class unloading, 0.0001605 secs]2021-01-22T01:58:44.578+0800: [scrub symbol table, 0.0002806 secs]2021-01-22T01:58:44.578+0800: [scrub string table, 0.0000734 secs][1 CMS-remark: 174594K(174784K)] 205503K(253440K), 0.0008653 secs] [Times: user=0.01 sys=0.00, real=0.00 secs] 
2021-01-22T01:58:44.578+0800: [CMS-concurrent-sweep-start]
2021-01-22T01:58:44.578+0800: [CMS-concurrent-sweep: 0.000/0.000 secs] [Times: user=0.00 sys=0.00, real=0.00 secs] 
2021-01-22T01:58:44.578+0800: [CMS-concurrent-reset-start]
2021-01-22T01:58:44.578+0800: [CMS-concurrent-reset: 0.000/0.000 secs] [Times: user=0.00 sys=0.00, real=0.00 secs] 
2021-01-22T01:58:44.582+0800: [GC (Allocation Failure) 2021-01-22T01:58:44.582+0800: [ParNew: 78626K->78626K(78656K), 0.0000163 secs]2021-01-22T01:58:44.582+0800: [CMS: 174530K->174711K(174784K), 0.0201025 secs] 253157K->200446K(253440K), [Metaspace: 3120K->3120K(1056768K)], 0.0201557 secs] [Times: user=0.02 sys=0.00, real=0.02 secs] 
2021-01-22T01:58:44.602+0800: [GC (CMS Initial Mark) [1 CMS-initial-mark: 174711K(174784K)] 201881K(253440K), 0.0005514 secs] [Times: user=0.00 sys=0.00, real=0.00 secs] 
2021-01-22T01:58:44.603+0800: [CMS-concurrent-mark-start]
2021-01-22T01:58:44.604+0800: [CMS-concurrent-mark: 0.001/0.001 secs] [Times: user=0.00 sys=0.00, real=0.00 secs] 
2021-01-22T01:58:44.604+0800: [CMS-concurrent-preclean-start]
2021-01-22T01:58:44.604+0800: [CMS-concurrent-preclean: 0.001/0.001 secs] [Times: user=0.00 sys=0.00, real=0.00 secs] 
2021-01-22T01:58:44.604+0800: [CMS-concurrent-abortable-preclean-start]
2021-01-22T01:58:44.604+0800: [CMS-concurrent-abortable-preclean: 0.000/0.000 secs] [Times: user=0.00 sys=0.00, real=0.00 secs] 
2021-01-22T01:58:44.604+0800: [GC (CMS Final Remark) [YG occupancy: 40947 K (78656 K)]2021-01-22T01:58:44.604+0800: [Rescan (parallel) , 0.0002904 secs]2021-01-22T01:58:44.605+0800: [weak refs processing, 0.0000465 secs]2021-01-22T01:58:44.605+0800: [class unloading, 0.0002047 secs]2021-01-22T01:58:44.605+0800: [scrub symbol table, 0.0002776 secs]2021-01-22T01:58:44.605+0800: [scrub string table, 0.0000723 secs][1 CMS-remark: 174711K(174784K)] 215658K(253440K), 0.0009292 secs] [Times: user=0.00 sys=0.00, real=0.00 secs] 
2021-01-22T01:58:44.605+0800: [CMS-concurrent-sweep-start]
2021-01-22T01:58:44.605+0800: [CMS-concurrent-sweep: 0.000/0.000 secs] [Times: user=0.00 sys=0.00, real=0.00 secs] 
2021-01-22T01:58:44.605+0800: [CMS-concurrent-reset-start]
2021-01-22T01:58:44.606+0800: [CMS-concurrent-reset: 0.000/0.000 secs] [Times: user=0.00 sys=0.00, real=0.00 secs] 
2021-01-22T01:58:44.608+0800: [GC (Allocation Failure) 2021-01-22T01:58:44.608+0800: [ParNew: 78655K->78655K(78656K), 0.0000123 secs]2021-01-22T01:58:44.608+0800: [CMS: 174697K->174738K(174784K), 0.0206192 secs] 253353K->208600K(253440K), [Metaspace: 3120K->3120K(1056768K)], 0.0206610 secs] [Times: user=0.03 sys=0.00, real=0.02 secs] 
2021-01-22T01:58:44.628+0800: [GC (CMS Initial Mark) [1 CMS-initial-mark: 174738K(174784K)] 209839K(253440K), 0.0003719 secs] [Times: user=0.00 sys=0.00, real=0.00 secs] 
2021-01-22T01:58:44.629+0800: [CMS-concurrent-mark-start]
2021-01-22T01:58:44.629+0800: [CMS-concurrent-mark: 0.000/0.000 secs] [Times: user=0.00 sys=0.00, real=0.00 secs] 
2021-01-22T01:58:44.629+0800: [CMS-concurrent-preclean-start]
2021-01-22T01:58:44.630+0800: [CMS-concurrent-preclean: 0.000/0.000 secs] [Times: user=0.00 sys=0.00, real=0.00 secs] 
2021-01-22T01:58:44.630+0800: [CMS-concurrent-abortable-preclean-start]
2021-01-22T01:58:44.630+0800: [CMS-concurrent-abortable-preclean: 0.000/0.000 secs] [Times: user=0.00 sys=0.00, real=0.00 secs] 
2021-01-22T01:58:44.630+0800: [GC (CMS Final Remark) [YG occupancy: 43256 K (78656 K)]2021-01-22T01:58:44.630+0800: [Rescan (parallel) , 0.0003542 secs]2021-01-22T01:58:44.630+0800: [weak refs processing, 0.0000310 secs]2021-01-22T01:58:44.630+0800: [class unloading, 0.0001685 secs]2021-01-22T01:58:44.630+0800: [scrub symbol table, 0.0003134 secs]2021-01-22T01:58:44.631+0800: [scrub string table, 0.0000797 secs][1 CMS-remark: 174738K(174784K)] 217994K(253440K), 0.0009810 secs] [Times: user=0.00 sys=0.00, real=0.00 secs] 
2021-01-22T01:58:44.631+0800: [CMS-concurrent-sweep-start]
2021-01-22T01:58:44.631+0800: [CMS-concurrent-sweep: 0.000/0.000 secs] [Times: user=0.00 sys=0.00, real=0.00 secs] 
2021-01-22T01:58:44.631+0800: [CMS-concurrent-reset-start]
2021-01-22T01:58:44.631+0800: [CMS-concurrent-reset: 0.000/0.000 secs] [Times: user=0.00 sys=0.00, real=0.00 secs] 
2021-01-22T01:58:44.634+0800: [GC (Allocation Failure) 2021-01-22T01:58:44.634+0800: [ParNew: 78321K->78321K(78656K), 0.0000142 secs]2021-01-22T01:58:44.634+0800: [CMS: 174717K->174467K(174784K), 0.0221210 secs] 253038K->214178K(253440K), [Metaspace: 3120K->3120K(1056768K)], 0.0221702 secs] [Times: user=0.03 sys=0.00, real=0.02 secs] 
2021-01-22T01:58:44.656+0800: [GC (CMS Initial Mark) [1 CMS-initial-mark: 174467K(174784K)] 214631K(253440K), 0.0001242 secs] [Times: user=0.00 sys=0.00, real=0.00 secs] 
2021-01-22T01:58:44.656+0800: [CMS-concurrent-mark-start]
2021-01-22T01:58:44.657+0800: [CMS-concurrent-mark: 0.000/0.000 secs] [Times: user=0.00 sys=0.00, real=0.00 secs] 
2021-01-22T01:58:44.657+0800: [CMS-concurrent-preclean-start]
2021-01-22T01:58:44.657+0800: [CMS-concurrent-preclean: 0.000/0.000 secs] [Times: user=0.00 sys=0.00, real=0.00 secs] 
2021-01-22T01:58:44.657+0800: [CMS-concurrent-abortable-preclean-start]
2021-01-22T01:58:44.657+0800: [CMS-concurrent-abortable-preclean: 0.000/0.000 secs] [Times: user=0.00 sys=0.00, real=0.00 secs] 
2021-01-22T01:58:44.657+0800: [GC (CMS Final Remark) [YG occupancy: 53334 K (78656 K)]2021-01-22T01:58:44.657+0800: [Rescan (parallel) , 0.0001337 secs]2021-01-22T01:58:44.657+0800: [weak refs processing, 0.0000287 secs]2021-01-22T01:58:44.657+0800: [class unloading, 0.0001549 secs]2021-01-22T01:58:44.658+0800: [scrub symbol table, 0.0002796 secs]2021-01-22T01:58:44.658+0800: [scrub string table, 0.0000727 secs][1 CMS-remark: 174467K(174784K)] 227801K(253440K), 0.0006983 secs] [Times: user=0.00 sys=0.00, real=0.00 secs] 
2021-01-22T01:58:44.658+0800: [CMS-concurrent-sweep-start]
2021-01-22T01:58:44.658+0800: [CMS-concurrent-sweep: 0.000/0.000 secs] [Times: user=0.00 sys=0.00, real=0.00 secs] 
2021-01-22T01:58:44.658+0800: [CMS-concurrent-reset-start]
2021-01-22T01:58:44.658+0800: [CMS-concurrent-reset: 0.000/0.000 secs] [Times: user=0.00 sys=0.00, real=0.00 secs] 
2021-01-22T01:58:44.661+0800: [GC (Allocation Failure) 2021-01-22T01:58:44.661+0800: [ParNew: 78611K->78611K(78656K), 0.0000136 secs]2021-01-22T01:58:44.661+0800: [CMS: 173193K->174733K(174784K), 0.0216399 secs] 251805K->221310K(253440K), [Metaspace: 3120K->3120K(1056768K)], 0.0216849 secs] [Times: user=0.01 sys=0.00, real=0.02 secs] 
2021-01-22T01:58:44.683+0800: [GC (CMS Initial Mark) [1 CMS-initial-mark: 174733K(174784K)] 222641K(253440K), 0.0006407 secs] [Times: user=0.00 sys=0.00, real=0.00 secs] 
2021-01-22T01:58:44.683+0800: [CMS-concurrent-mark-start]
2021-01-22T01:58:44.684+0800: [CMS-concurrent-mark: 0.001/0.001 secs] [Times: user=0.00 sys=0.00, real=0.00 secs] 
2021-01-22T01:58:44.684+0800: [CMS-concurrent-preclean-start]
2021-01-22T01:58:44.684+0800: [CMS-concurrent-preclean: 0.001/0.001 secs] [Times: user=0.00 sys=0.00, real=0.00 secs] 
2021-01-22T01:58:44.684+0800: [CMS-concurrent-abortable-preclean-start]
2021-01-22T01:58:44.684+0800: [CMS-concurrent-abortable-preclean: 0.000/0.000 secs] [Times: user=0.00 sys=0.00, real=0.00 secs] 
2021-01-22T01:58:44.685+0800: [GC (CMS Final Remark) [YG occupancy: 59862 K (78656 K)]2021-01-22T01:58:44.685+0800: [Rescan (parallel) , 0.0001749 secs]2021-01-22T01:58:44.685+0800: [weak refs processing, 0.0000334 secs]2021-01-22T01:58:44.685+0800: [class unloading, 0.0001902 secs]2021-01-22T01:58:44.685+0800: [scrub symbol table, 0.0002800 secs]2021-01-22T01:58:44.685+0800: [scrub string table, 0.0000755 secs][1 CMS-remark: 174733K(174784K)] 234595K(253440K), 0.0007897 secs] [Times: user=0.00 sys=0.00, real=0.00 secs] 
2021-01-22T01:58:44.685+0800: [CMS-concurrent-sweep-start]
2021-01-22T01:58:44.686+0800: [CMS-concurrent-sweep: 0.000/0.000 secs] [Times: user=0.00 sys=0.00, real=0.00 secs] 
2021-01-22T01:58:44.686+0800: [CMS-concurrent-reset-start]
2021-01-22T01:58:44.686+0800: [CMS-concurrent-reset: 0.000/0.000 secs] [Times: user=0.00 sys=0.00, real=0.00 secs] 
2021-01-22T01:58:44.687+0800: [GC (Allocation Failure) 2021-01-22T01:58:44.687+0800: [ParNew: 78096K->78096K(78656K), 0.0000145 secs]2021-01-22T01:58:44.687+0800: [CMS: 174360K->174765K(174784K), 0.0202062 secs] 252456K->222625K(253440K), [Metaspace: 3120K->3120K(1056768K)], 0.0202507 secs] [Times: user=0.01 sys=0.00, real=0.02 secs] 
2021-01-22T01:58:44.708+0800: [GC (CMS Initial Mark) [1 CMS-initial-mark: 174765K(174784K)] 224171K(253440K), 0.0005756 secs] [Times: user=0.00 sys=0.00, real=0.00 secs] 
2021-01-22T01:58:44.709+0800: [CMS-concurrent-mark-start]
2021-01-22T01:58:44.709+0800: [CMS-concurrent-mark: 0.000/0.000 secs] [Times: user=0.00 sys=0.00, real=0.00 secs] 
2021-01-22T01:58:44.709+0800: [CMS-concurrent-preclean-start]
2021-01-22T01:58:44.709+0800: [CMS-concurrent-preclean: 0.001/0.001 secs] [Times: user=0.00 sys=0.00, real=0.00 secs] 
2021-01-22T01:58:44.710+0800: [CMS-concurrent-abortable-preclean-start]
2021-01-22T01:58:44.710+0800: [CMS-concurrent-abortable-preclean: 0.000/0.000 secs] [Times: user=0.00 sys=0.00, real=0.00 secs] 
2021-01-22T01:58:44.710+0800: [GC (CMS Final Remark) [YG occupancy: 61884 K (78656 K)]2021-01-22T01:58:44.710+0800: [Rescan (parallel) , 0.0006144 secs]2021-01-22T01:58:44.710+0800: [weak refs processing, 0.0000295 secs]2021-01-22T01:58:44.710+0800: [class unloading, 0.0001594 secs]2021-01-22T01:58:44.710+0800: [scrub symbol table, 0.0002822 secs]2021-01-22T01:58:44.711+0800: [scrub string table, 0.0000742 secs][1 CMS-remark: 174765K(174784K)] 236649K(253440K), 0.0011947 secs] [Times: user=0.00 sys=0.00, real=0.00 secs] 
2021-01-22T01:58:44.711+0800: [CMS-concurrent-sweep-start]
2021-01-22T01:58:44.711+0800: [CMS-concurrent-sweep: 0.000/0.000 secs] [Times: user=0.00 sys=0.00, real=0.00 secs] 
2021-01-22T01:58:44.711+0800: [CMS-concurrent-reset-start]
2021-01-22T01:58:44.711+0800: [CMS-concurrent-reset: 0.000/0.000 secs] [Times: user=0.00 sys=0.00, real=0.00 secs] 
2021-01-22T01:58:44.713+0800: [GC (Allocation Failure) 2021-01-22T01:58:44.713+0800: [ParNew: 78462K->78462K(78656K), 0.0000116 secs]2021-01-22T01:58:44.713+0800: [CMS: 174733K->174701K(174784K), 0.0219924 secs] 253195K->225547K(253440K), [Metaspace: 3120K->3120K(1056768K)], 0.0220361 secs] [Times: user=0.03 sys=0.00, real=0.02 secs] 
2021-01-22T01:58:44.735+0800: [GC (CMS Initial Mark) [1 CMS-initial-mark: 174701K(174784K)] 225835K(253440K), 0.0002275 secs] [Times: user=0.00 sys=0.00, real=0.00 secs] 
2021-01-22T01:58:44.735+0800: [CMS-concurrent-mark-start]
2021-01-22T01:58:44.736+0800: [CMS-concurrent-mark: 0.001/0.001 secs] [Times: user=0.00 sys=0.00, real=0.00 secs] 
2021-01-22T01:58:44.736+0800: [CMS-concurrent-preclean-start]
2021-01-22T01:58:44.737+0800: [CMS-concurrent-preclean: 0.001/0.001 secs] [Times: user=0.00 sys=0.00, real=0.00 secs] 
2021-01-22T01:58:44.737+0800: [CMS-concurrent-abortable-preclean-start]
2021-01-22T01:58:44.737+0800: [CMS-concurrent-abortable-preclean: 0.000/0.000 secs] [Times: user=0.00 sys=0.00, real=0.00 secs] 
2021-01-22T01:58:44.737+0800: [GC (CMS Final Remark) [YG occupancy: 63216 K (78656 K)]2021-01-22T01:58:44.737+0800: [Rescan (parallel) , 0.0002467 secs]2021-01-22T01:58:44.737+0800: [weak refs processing, 0.0000307 secs]2021-01-22T01:58:44.737+0800: [class unloading, 0.0001663 secs]2021-01-22T01:58:44.737+0800: [scrub symbol table, 0.0003023 secs]2021-01-22T01:58:44.737+0800: [scrub string table, 0.0000805 secs][1 CMS-remark: 174701K(174784K)] 237918K(253440K), 0.0008677 secs] [Times: user=0.00 sys=0.00, real=0.00 secs] 
2021-01-22T01:58:44.738+0800: [CMS-concurrent-sweep-start]
2021-01-22T01:58:44.738+0800: [CMS-concurrent-sweep: 0.000/0.000 secs] [Times: user=0.00 sys=0.00, real=0.00 secs] 
2021-01-22T01:58:44.738+0800: [CMS-concurrent-reset-start]
2021-01-22T01:58:44.738+0800: [CMS-concurrent-reset: 0.000/0.000 secs] [Times: user=0.00 sys=0.00, real=0.00 secs] 
2021-01-22T01:58:44.739+0800: [GC (Allocation Failure) 2021-01-22T01:58:44.739+0800: [ParNew: 78272K->78272K(78656K), 0.0000141 secs]2021-01-22T01:58:44.739+0800: [CMS: 173774K->174641K(174784K), 0.0214383 secs] 252047K->227601K(253440K), [Metaspace: 3120K->3120K(1056768K)], 0.0214825 secs] [Times: user=0.02 sys=0.00, real=0.02 secs] 
2021-01-22T01:58:44.761+0800: [GC (CMS Initial Mark) [1 CMS-initial-mark: 174641K(174784K)] 229428K(253440K), 0.0005968 secs] [Times: user=0.00 sys=0.00, real=0.00 secs] 
2021-01-22T01:58:44.761+0800: [CMS-concurrent-mark-start]
2021-01-22T01:58:44.762+0800: [CMS-concurrent-mark: 0.000/0.000 secs] [Times: user=0.00 sys=0.00, real=0.00 secs] 
2021-01-22T01:58:44.762+0800: [CMS-concurrent-preclean-start]
2021-01-22T01:58:44.762+0800: [CMS-concurrent-preclean: 0.000/0.000 secs] [Times: user=0.00 sys=0.00, real=0.00 secs] 
2021-01-22T01:58:44.762+0800: [CMS-concurrent-abortable-preclean-start]
2021-01-22T01:58:44.762+0800: [CMS-concurrent-abortable-preclean: 0.000/0.000 secs] [Times: user=0.00 sys=0.00, real=0.00 secs] 
2021-01-22T01:58:44.762+0800: [GC (CMS Final Remark) [YG occupancy: 66621 K (78656 K)]2021-01-22T01:58:44.762+0800: [Rescan (parallel) , 0.0003477 secs]2021-01-22T01:58:44.763+0800: [weak refs processing, 0.0000327 secs]2021-01-22T01:58:44.763+0800: [class unloading, 0.0001773 secs]2021-01-22T01:58:44.763+0800: [scrub symbol table, 0.0003057 secs]2021-01-22T01:58:44.763+0800: [scrub string table, 0.0000779 secs][1 CMS-remark: 174641K(174784K)] 241263K(253440K), 0.0009745 secs] [Times: user=0.00 sys=0.00, real=0.00 secs] 
2021-01-22T01:58:44.763+0800: [CMS-concurrent-sweep-start]
2021-01-22T01:58:44.764+0800: [CMS-concurrent-sweep: 0.000/0.000 secs] [Times: user=0.00 sys=0.00, real=0.00 secs] 
2021-01-22T01:58:44.764+0800: [CMS-concurrent-reset-start]
2021-01-22T01:58:44.764+0800: [CMS-concurrent-reset: 0.000/0.000 secs] [Times: user=0.00 sys=0.00, real=0.00 secs] 
2021-01-22T01:58:44.765+0800: [GC (Allocation Failure) 2021-01-22T01:58:44.765+0800: [ParNew: 78615K->78615K(78656K), 0.0000120 secs]2021-01-22T01:58:44.765+0800: [CMS: 174641K->174724K(174784K), 0.0230329 secs] 253257K->234238K(253440K), [Metaspace: 3120K->3120K(1056768K)], 0.0230737 secs] [Times: user=0.02 sys=0.00, real=0.02 secs] 
2021-01-22T01:58:44.788+0800: [GC (CMS Initial Mark) [1 CMS-initial-mark: 174724K(174784K)] 235305K(253440K), 0.0002901 secs] [Times: user=0.00 sys=0.00, real=0.00 secs] 
2021-01-22T01:58:44.788+0800: [CMS-concurrent-mark-start]
2021-01-22T01:58:44.789+0800: [CMS-concurrent-mark: 0.000/0.000 secs] [Times: user=0.00 sys=0.00, real=0.00 secs] 
2021-01-22T01:58:44.789+0800: [CMS-concurrent-preclean-start]
2021-01-22T01:58:44.789+0800: [CMS-concurrent-preclean: 0.001/0.001 secs] [Times: user=0.00 sys=0.00, real=0.00 secs] 
2021-01-22T01:58:44.790+0800: [CMS-concurrent-abortable-preclean-start]
2021-01-22T01:58:44.790+0800: [CMS-concurrent-abortable-preclean: 0.000/0.000 secs] [Times: user=0.00 sys=0.00, real=0.00 secs] 
2021-01-22T01:58:44.790+0800: [GC (CMS Final Remark) [YG occupancy: 71777 K (78656 K)]2021-01-22T01:58:44.790+0800: [Rescan (parallel) , 0.0002588 secs]2021-01-22T01:58:44.790+0800: [weak refs processing, 0.0000334 secs]2021-01-22T01:58:44.790+0800: [class unloading, 0.0002332 secs]2021-01-22T01:58:44.790+0800: [scrub symbol table, 0.0004513 secs]2021-01-22T01:58:44.791+0800: [scrub string table, 0.0000779 secs][1 CMS-remark: 174724K(174784K)] 246502K(253440K), 0.0010891 secs] [Times: user=0.00 sys=0.00, real=0.00 secs] 
2021-01-22T01:58:44.791+0800: [CMS-concurrent-sweep-start]
2021-01-22T01:58:44.791+0800: [CMS-concurrent-sweep: 0.000/0.000 secs] [Times: user=0.00 sys=0.00, real=0.00 secs] 
2021-01-22T01:58:44.791+0800: [CMS-concurrent-reset-start]
2021-01-22T01:58:44.791+0800: [CMS-concurrent-reset: 0.000/0.000 secs] [Times: user=0.00 sys=0.00, real=0.00 secs] 
2021-01-22T01:58:44.792+0800: [GC (Allocation Failure) 2021-01-22T01:58:44.792+0800: [ParNew: 78640K->78640K(78656K), 0.0000125 secs]2021-01-22T01:58:44.792+0800: [CMS: 172742K->174712K(174784K), 0.0234666 secs] 251382K->235269K(253440K), [Metaspace: 3120K->3120K(1056768K)], 0.0235088 secs] [Times: user=0.03 sys=0.00, real=0.02 secs] 
2021-01-22T01:58:44.815+0800: [GC (CMS Initial Mark) [1 CMS-initial-mark: 174712K(174784K)] 236693K(253440K), 0.0002853 secs] [Times: user=0.00 sys=0.00, real=0.00 secs] 
2021-01-22T01:58:44.816+0800: [CMS-concurrent-mark-start]
2021-01-22T01:58:44.816+0800: [CMS-concurrent-mark: 0.000/0.000 secs] [Times: user=0.00 sys=0.00, real=0.00 secs] 
2021-01-22T01:58:44.816+0800: [CMS-concurrent-preclean-start]
2021-01-22T01:58:44.817+0800: [CMS-concurrent-preclean: 0.001/0.001 secs] [Times: user=0.00 sys=0.00, real=0.00 secs] 
2021-01-22T01:58:44.817+0800: [CMS-concurrent-abortable-preclean-start]
2021-01-22T01:58:44.817+0800: [CMS-concurrent-abortable-preclean: 0.000/0.000 secs] [Times: user=0.00 sys=0.00, real=0.00 secs] 
2021-01-22T01:58:44.817+0800: [GC (CMS Final Remark) [YG occupancy: 72904 K (78656 K)]2021-01-22T01:58:44.817+0800: [Rescan (parallel) , 0.0001202 secs]2021-01-22T01:58:44.817+0800: [weak refs processing, 0.0000294 secs]2021-01-22T01:58:44.817+0800: [class unloading, 0.0001601 secs]2021-01-22T01:58:44.817+0800: [scrub symbol table, 0.0002951 secs]2021-01-22T01:58:44.817+0800: [scrub string table, 0.0000768 secs][1 CMS-remark: 174712K(174784K)] 247617K(253440K), 0.0007191 secs] [Times: user=0.00 sys=0.00, real=0.00 secs] 
2021-01-22T01:58:44.818+0800: [CMS-concurrent-sweep-start]
2021-01-22T01:58:44.818+0800: [CMS-concurrent-sweep: 0.000/0.000 secs] [Times: user=0.00 sys=0.00, real=0.00 secs] 
2021-01-22T01:58:44.818+0800: [CMS-concurrent-reset-start]
2021-01-22T01:58:44.818+0800: [CMS-concurrent-reset: 0.000/0.000 secs] [Times: user=0.00 sys=0.00, real=0.00 secs] 
2021-01-22T01:58:44.818+0800: [GC (Allocation Failure) 2021-01-22T01:58:44.818+0800: [ParNew: 78561K->78561K(78656K), 0.0000110 secs]2021-01-22T01:58:44.818+0800: [CMS: 174089K->174745K(174784K), 0.0250696 secs] 252650K->237757K(253440K), [Metaspace: 3120K->3120K(1056768K)], 0.0251080 secs] [Times: user=0.01 sys=0.00, real=0.02 secs] 
2021-01-22T01:58:44.844+0800: [GC (CMS Initial Mark) [1 CMS-initial-mark: 174745K(174784K)] 239035K(253440K), 0.0007599 secs] [Times: user=0.00 sys=0.00, real=0.00 secs] 
2021-01-22T01:58:44.844+0800: [CMS-concurrent-mark-start]
2021-01-22T01:58:44.845+0800: [CMS-concurrent-mark: 0.001/0.001 secs] [Times: user=0.00 sys=0.00, real=0.00 secs] 
2021-01-22T01:58:44.845+0800: [CMS-concurrent-preclean-start]
2021-01-22T01:58:44.846+0800: [CMS-concurrent-preclean: 0.001/0.001 secs] [Times: user=0.00 sys=0.00, real=0.00 secs] 
2021-01-22T01:58:44.846+0800: [CMS-concurrent-abortable-preclean-start]
2021-01-22T01:58:44.846+0800: [CMS-concurrent-abortable-preclean: 0.000/0.000 secs] [Times: user=0.00 sys=0.00, real=0.00 secs] 
2021-01-22T01:58:44.846+0800: [GC (CMS Final Remark) [YG occupancy: 75000 K (78656 K)]2021-01-22T01:58:44.846+0800: [Rescan (parallel) , 0.0003352 secs]2021-01-22T01:58:44.846+0800: [weak refs processing, 0.0000304 secs]2021-01-22T01:58:44.846+0800: [class unloading, 0.0001586 secs]2021-01-22T01:58:44.846+0800: [scrub symbol table, 0.0002833 secs]2021-01-22T01:58:44.847+0800: [scrub string table, 0.0000724 secs][1 CMS-remark: 174745K(174784K)] 249745K(253440K), 0.0009162 secs] [Times: user=0.00 sys=0.00, real=0.00 secs] 
2021-01-22T01:58:44.847+0800: [CMS-concurrent-sweep-start]
2021-01-22T01:58:44.847+0800: [CMS-concurrent-sweep: 0.000/0.000 secs] [Times: user=0.00 sys=0.00, real=0.00 secs] 
2021-01-22T01:58:44.847+0800: [CMS-concurrent-reset-start]
2021-01-22T01:58:44.847+0800: [CMS-concurrent-reset: 0.000/0.000 secs] [Times: user=0.00 sys=0.00, real=0.00 secs] 
2021-01-22T01:58:44.847+0800: [GC (Allocation Failure) 2021-01-22T01:58:44.847+0800: [ParNew: 78492K->78492K(78656K), 0.0000118 secs]2021-01-22T01:58:44.847+0800: [CMS: 174251K->174716K(174784K), 0.0255804 secs] 252743K->239811K(253440K), [Metaspace: 3120K->3120K(1056768K)], 0.0256216 secs] [Times: user=0.02 sys=0.00, real=0.03 secs] 
2021-01-22T01:58:44.873+0800: [GC (CMS Initial Mark) [1 CMS-initial-mark: 174716K(174784K)] 241078K(253440K), 0.0002547 secs] [Times: user=0.00 sys=0.00, real=0.00 secs] 
2021-01-22T01:58:44.873+0800: [CMS-concurrent-mark-start]
2021-01-22T01:58:44.874+0800: [CMS-concurrent-mark: 0.001/0.001 secs] [Times: user=0.00 sys=0.00, real=0.00 secs] 
2021-01-22T01:58:44.874+0800: [CMS-concurrent-preclean-start]
2021-01-22T01:58:44.874+0800: [CMS-concurrent-preclean: 0.001/0.001 secs] [Times: user=0.00 sys=0.00, real=0.00 secs] 
2021-01-22T01:58:44.874+0800: [CMS-concurrent-abortable-preclean-start]
2021-01-22T01:58:44.874+0800: [CMS-concurrent-abortable-preclean: 0.000/0.000 secs] [Times: user=0.00 sys=0.00, real=0.00 secs] 
2021-01-22T01:58:44.874+0800: [GC (CMS Final Remark) [YG occupancy: 75423 K (78656 K)]2021-01-22T01:58:44.874+0800: [Rescan (parallel) , 0.0001952 secs]2021-01-22T01:58:44.875+0800: [weak refs processing, 0.0000387 secs]2021-01-22T01:58:44.875+0800: [class unloading, 0.0002163 secs]2021-01-22T01:58:44.875+0800: [scrub symbol table, 0.0003040 secs]2021-01-22T01:58:44.875+0800: [scrub string table, 0.0000759 secs][1 CMS-remark: 174716K(174784K)] 250140K(253440K), 0.0008677 secs] [Times: user=0.05 sys=0.00, real=0.00 secs] 
2021-01-22T01:58:44.875+0800: [CMS-concurrent-sweep-start]
2021-01-22T01:58:44.876+0800: [CMS-concurrent-sweep: 0.000/0.000 secs] [Times: user=0.00 sys=0.00, real=0.00 secs] 
2021-01-22T01:58:44.876+0800: [CMS-concurrent-reset-start]
2021-01-22T01:58:44.876+0800: [GC (Allocation Failure) 2021-01-22T01:58:44.876+0800: [ParNew: 78272K->78272K(78656K), 0.0000131 secs]2021-01-22T01:58:44.876+0800: [CMS2021-01-22T01:58:44.876+0800: [CMS-concurrent-reset: 0.000/0.000 secs] [Times: user=0.00 sys=0.00, real=0.00 secs] 
: 174466K->174737K(174784K), 0.0246875 secs] 252739K->241764K(253440K), [Metaspace: 3120K->3120K(1056768K)], 0.0247298 secs] [Times: user=0.01 sys=0.00, real=0.03 secs] 
2021-01-22T01:58:44.902+0800: [Full GC (Allocation Failure) 2021-01-22T01:58:44.902+0800: [CMS: 174755K->174657K(174784K), 0.0217886 secs] 253407K->245399K(253440K), [Metaspace: 3120K->3120K(1056768K)], 0.0218251 secs] [Times: user=0.03 sys=0.00, real=0.02 secs] 
2021-01-22T01:58:44.924+0800: [GC (CMS Initial Mark) [1 CMS-initial-mark: 174657K(174784K)] 245435K(253440K), 0.0001450 secs] [Times: user=0.00 sys=0.00, real=0.00 secs] 
2021-01-22T01:58:44.924+0800: [CMS-concurrent-mark-start]
2021-01-22T01:58:44.924+0800: [CMS-concurrent-mark: 0.000/0.000 secs] [Times: user=0.00 sys=0.00, real=0.00 secs] 
2021-01-22T01:58:44.924+0800: [CMS-concurrent-preclean-start]
2021-01-22T01:58:44.925+0800: [Full GC (Allocation Failure) 2021-01-22T01:58:44.925+0800: [CMS2021-01-22T01:58:44.925+0800: [CMS-concurrent-preclean: 0.000/0.001 secs] [Times: user=0.00 sys=0.00, real=0.00 secs] 
 (concurrent mode failure): 174778K->174720K(174784K), 0.0232368 secs] 253334K->245835K(253440K), [Metaspace: 3120K->3120K(1056768K)], 0.0232629 secs] [Times: user=0.02 sys=0.00, real=0.02 secs] 
2021-01-22T01:58:44.949+0800: [Full GC (Allocation Failure) 2021-01-22T01:58:44.949+0800: [CMS: 174720K->174515K(174784K), 0.0229588 secs] 253344K->246095K(253440K), [Metaspace: 3120K->3120K(1056768K)], 0.0229864 secs] [Times: user=0.03 sys=0.00, real=0.02 secs] 
2021-01-22T01:58:44.972+0800: [GC (CMS Initial Mark) [1 CMS-initial-mark: 174515K(174784K)] 246242K(253440K), 0.0002594 secs] [Times: user=0.00 sys=0.00, real=0.00 secs] 
2021-01-22T01:58:44.972+0800: [CMS-concurrent-mark-start]
2021-01-22T01:58:44.973+0800: [Full GC (Allocation Failure) 2021-01-22T01:58:44.973+0800: [CMS2021-01-22T01:58:44.977+0800: [CMS-concurrent-mark: 0.001/0.005 secs] [Times: user=0.00 sys=0.00, real=0.01 secs] 
 (concurrent mode failure): 174515K->174710K(174784K), 0.0272577 secs] 252619K->246218K(253440K), [Metaspace: 3120K->3120K(1056768K)], 0.0272839 secs] [Times: user=0.02 sys=0.00, real=0.03 secs] 
2021-01-22T01:58:45.000+0800: [Full GC (Allocation Failure) 2021-01-22T01:58:45.000+0800: [CMS: 174710K->174506K(174784K), 0.0217323 secs] 253338K->245097K(253440K), [Metaspace: 3120K->3120K(1056768K)], 0.0217608 secs] [Times: user=0.01 sys=0.00, real=0.02 secs] 
2021-01-22T01:58:45.022+0800: [GC (CMS Initial Mark) [1 CMS-initial-mark: 174506K(174784K)] 245458K(253440K), 0.0002690 secs] [Times: user=0.00 sys=0.00, real=0.00 secs] 
2021-01-22T01:58:45.023+0800: [CMS-concurrent-mark-start]
2021-01-22T01:58:45.023+0800: [CMS-concurrent-mark: 0.001/0.001 secs] [Times: user=0.00 sys=0.00, real=0.00 secs] 
2021-01-22T01:58:45.023+0800: [CMS-concurrent-preclean-start]
2021-01-22T01:58:45.024+0800: [Full GC (Allocation Failure) 2021-01-22T01:58:45.024+0800: [CMS2021-01-22T01:58:45.024+0800: [CMS-concurrent-preclean: 0.001/0.001 secs] [Times: user=0.00 sys=0.00, real=0.00 secs] 
 (concurrent mode failure): 174650K->174645K(174784K), 0.0224729 secs] 253295K->245324K(253440K), [Metaspace: 3120K->3120K(1056768K)], 0.0225013 secs] [Times: user=0.02 sys=0.00, real=0.02 secs] 
2021-01-22T01:58:45.047+0800: [Full GC (Allocation Failure) 2021-01-22T01:58:45.047+0800: [CMS: 174645K->174720K(174784K), 0.0310866 secs] 252695K->246201K(253440K), [Metaspace: 3120K->3120K(1056768K)], 0.0311151 secs] [Times: user=0.03 sys=0.00, real=0.03 secs] 
2021-01-22T01:58:45.078+0800: [GC (CMS Initial Mark) [1 CMS-initial-mark: 174720K(174784K)] 246835K(253440K), 0.0002752 secs] [Times: user=0.00 sys=0.00, real=0.00 secs] 
2021-01-22T01:58:45.079+0800: [CMS-concurrent-mark-start]
2021-01-22T01:58:45.080+0800: [CMS-concurrent-mark: 0.001/0.001 secs] [Times: user=0.00 sys=0.00, real=0.00 secs] 
2021-01-22T01:58:45.080+0800: [CMS-concurrent-preclean-start]
2021-01-22T01:58:45.080+0800: [Full GC (Allocation Failure) 2021-01-22T01:58:45.080+0800: [CMS2021-01-22T01:58:45.080+0800: [CMS-concurrent-preclean: 0.001/0.001 secs] [Times: user=0.00 sys=0.00, real=0.00 secs] 
 (concurrent mode failure): 174781K->174423K(174784K), 0.0253618 secs] 253435K->247664K(253440K), [Metaspace: 3120K->3120K(1056768K)], 0.0253894 secs] [Times: user=0.02 sys=0.00, real=0.03 secs] 
2021-01-22T01:58:45.106+0800: [Full GC (Allocation Failure) 2021-01-22T01:58:45.106+0800: [CMS: 174567K->174776K(174784K), 0.0234674 secs] 253204K->247642K(253440K), [Metaspace: 3120K->3120K(1056768K)], 0.0234947 secs] [Times: user=0.03 sys=0.00, real=0.02 secs] 
2021-01-22T01:58:45.130+0800: [GC (CMS Initial Mark) [1 CMS-initial-mark: 174776K(174784K)] 247930K(253440K), 0.0001577 secs] [Times: user=0.00 sys=0.00, real=0.00 secs] 
2021-01-22T01:58:45.130+0800: [CMS-concurrent-mark-start]
2021-01-22T01:58:45.130+0800: [CMS-concurrent-mark: 0.000/0.000 secs] [Times: user=0.00 sys=0.00, real=0.00 secs] 
2021-01-22T01:58:45.130+0800: [CMS-concurrent-preclean-start]
2021-01-22T01:58:45.131+0800: [Full GC (Allocation Failure) 2021-01-22T01:58:45.131+0800: [CMS2021-01-22T01:58:45.131+0800: [CMS-concurrent-preclean: 0.000/0.001 secs] [Times: user=0.00 sys=0.00, real=0.00 secs] 
 (concurrent mode failure): 174776K->174769K(174784K), 0.0240089 secs] 253151K->248558K(253440K), [Metaspace: 3120K->3120K(1056768K)], 0.0240336 secs] [Times: user=0.01 sys=0.00, real=0.02 secs] 
2021-01-22T01:58:45.155+0800: [Full GC (Allocation Failure) 2021-01-22T01:58:45.155+0800: [CMS: 174769K->174575K(174784K), 0.0219127 secs] 253416K->249809K(253440K), [Metaspace: 3120K->3120K(1056768K)], 0.0219367 secs] [Times: user=0.03 sys=0.00, real=0.02 secs] 
2021-01-22T01:58:45.177+0800: [GC (CMS Initial Mark) [1 CMS-initial-mark: 174575K(174784K)] 249827K(253440K), 0.0001131 secs] [Times: user=0.00 sys=0.00, real=0.00 secs] 
2021-01-22T01:58:45.177+0800: [CMS-concurrent-mark-start]
2021-01-22T01:58:45.178+0800: [Full GC (Allocation Failure) 2021-01-22T01:58:45.178+0800: [CMS2021-01-22T01:58:45.181+0800: [CMS-concurrent-mark: 0.001/0.003 secs] [Times: user=0.00 sys=0.00, real=0.00 secs] 
 (concurrent mode failure): 174575K->174572K(174784K), 0.0248268 secs] 252969K->250055K(253440K), [Metaspace: 3120K->3120K(1056768K)], 0.0248547 secs] [Times: user=0.03 sys=0.00, real=0.03 secs] 
2021-01-22T01:58:45.203+0800: [Full GC (Allocation Failure) 2021-01-22T01:58:45.203+0800: [CMS: 174572K->174572K(174784K), 0.0056105 secs] 253121K->250314K(253440K), [Metaspace: 3120K->3120K(1056768K)], 0.0056397 secs] [Times: user=0.00 sys=0.00, real=0.01 secs] 
2021-01-22T01:58:45.209+0800: [GC (CMS Initial Mark) [1 CMS-initial-mark: 174572K(174784K)] 251033K(253440K), 0.0002919 secs] [Times: user=0.00 sys=0.00, real=0.00 secs] 
2021-01-22T01:58:45.209+0800: [CMS-concurrent-mark-start]
2021-01-22T01:58:45.210+0800: [Full GC (Allocation Failure) 2021-01-22T01:58:45.210+0800: [CMS2021-01-22T01:58:45.212+0800: [CMS-concurrent-mark: 0.001/0.003 secs] [Times: user=0.00 sys=0.00, real=0.00 secs] 
 (concurrent mode failure): 174572K->174525K(174784K), 0.0059184 secs] 253113K->251349K(253440K), [Metaspace: 3120K->3120K(1056768K)], 0.0059499 secs] [Times: user=0.00 sys=0.00, real=0.01 secs] 
2021-01-22T01:58:45.216+0800: [Full GC (Allocation Failure) 2021-01-22T01:58:45.216+0800: [CMS: 174525K->174525K(174784K), 0.0017650 secs] 253133K->251856K(253440K), [Metaspace: 3120K->3120K(1056768K)], 0.0017897 secs] [Times: user=0.00 sys=0.00, real=0.00 secs] 
2021-01-22T01:58:45.218+0800: [GC (CMS Initial Mark) [1 CMS-initial-mark: 174525K(174784K)] 252144K(253440K), 0.0004605 secs] [Times: user=0.00 sys=0.00, real=0.00 secs] 
2021-01-22T01:58:45.218+0800: [CMS-concurrent-mark-start]
2021-01-22T01:58:45.219+0800: [Full GC (Allocation Failure) 2021-01-22T01:58:45.219+0800: [CMS2021-01-22T01:58:45.227+0800: [CMS-concurrent-mark: 0.001/0.009 secs] [Times: user=0.08 sys=0.00, real=0.01 secs] 
 (concurrent mode failure): 174744K->174679K(174784K), 0.0234094 secs] 253350K->252041K(253440K), [Metaspace: 3120K->3120K(1056768K)], 0.0234379 secs] [Times: user=0.01 sys=0.00, real=0.02 secs] 
2021-01-22T01:58:45.242+0800: [Full GC (Allocation Failure) 2021-01-22T01:58:45.242+0800: [CMS: 174679K->174536K(174784K), 0.0126264 secs] 253296K->252346K(253440K), [Metaspace: 3120K->3120K(1056768K)], 0.0126514 secs] [Times: user=0.02 sys=0.00, real=0.01 secs] 
2021-01-22T01:58:45.255+0800: [GC (CMS Initial Mark) [1 CMS-initial-mark: 174536K(174784K)] 252780K(253440K), 0.0003106 secs] [Times: user=0.00 sys=0.00, real=0.00 secs] 
2021-01-22T01:58:45.256+0800: [CMS-concurrent-mark-start]
2021-01-22T01:58:45.256+0800: [Full GC (Allocation Failure) 2021-01-22T01:58:45.256+0800: [CMS2021-01-22T01:58:45.259+0800: [CMS-concurrent-mark: 0.001/0.003 secs] [Times: user=0.00 sys=0.00, real=0.00 secs] 
 (concurrent mode failure): 174764K->174628K(174784K), 0.0048149 secs] 253419K->252548K(253440K), [Metaspace: 3120K->3120K(1056768K)], 0.0048375 secs] [Times: user=0.00 sys=0.00, real=0.00 secs] 
2021-01-22T01:58:45.261+0800: [Full GC (Allocation Failure) 2021-01-22T01:58:45.261+0800: [CMS: 174628K->174610K(174784K), 0.0013419 secs] 253114K->252818K(253440K), [Metaspace: 3120K->3120K(1056768K)], 0.0013613 secs] [Times: user=0.00 sys=0.00, real=0.00 secs] 
2021-01-22T01:58:45.262+0800: [GC (CMS Initial Mark) [1 CMS-initial-mark: 174610K(174784K)] 252989K(253440K), 0.0002116 secs] [Times: user=0.00 sys=0.00, real=0.00 secs] 
2021-01-22T01:58:45.263+0800: [CMS-concurrent-mark-start]
2021-01-22T01:58:45.263+0800: [Full GC (Allocation Failure) 2021-01-22T01:58:45.263+0800: [CMS2021-01-22T01:58:45.275+0800: [CMS-concurrent-mark: 0.001/0.013 secs] [Times: user=0.00 sys=0.00, real=0.01 secs] 
 (concurrent mode failure): 174610K->174610K(174784K), 0.0142314 secs] 253221K->252707K(253440K), [Metaspace: 3120K->3120K(1056768K)], 0.0142541 secs] [Times: user=0.00 sys=0.00, real=0.01 secs] 
2021-01-22T01:58:45.277+0800: [Full GC (Allocation Failure) 2021-01-22T01:58:45.277+0800: [CMS: 174610K->174587K(174784K), 0.0163086 secs] 252707K->252684K(253440K), [Metaspace: 3120K->3120K(1056768K)], 0.0163296 secs] [Times: user=0.02 sys=0.00, real=0.02 secs] 
Heap
 par new generation   total 78656K, used 78158K [0x00000000f0000000, 0x00000000f5550000, 0x00000000f5550000)
  eden space 69952K, 100% used [0x00000000f0000000, 0x00000000f4450000, 0x00000000f4450000)
  from space 8704K,  94% used [0x00000000f4cd0000, 0x00000000f54d3b70, 0x00000000f5550000)
  to   space 8704K,   0% used [0x00000000f4450000, 0x00000000f4450000, 0x00000000f4cd0000)
 concurrent mark-sweep generation total 174784K, used 174587K [0x00000000f5550000, 0x0000000100000000, 0x0000000100000000)
 Metaspace       used 3152K, capacity 4556K, committed 4864K, reserved 1056768K
  class space    used 335K, capacity 392K, committed 512K, reserved 1048576K
Exception in thread "main" java.lang.OutOfMemoryError: Java heap space
	at GcTest.generateGarbage(GcTest.java:47)
	at GcTest.main(GcTest.java:24)