2021-01-22T01:13:52.713+0800: [GC (Allocation Failure) [PSYoungGen: 2097664K->313697K(2446848K)] 2097664K->313705K(8039424K), 0.0279036 secs] [Times: user=0.05 sys=0.34, real=0.03 secs] 
2021-01-22T01:13:52.928+0800: [GC (Allocation Failure) [PSYoungGen: 2411361K->349172K(2446848K)] 2411369K->374369K(8039424K), 0.0325605 secs] [Times: user=0.11 sys=0.30, real=0.03 secs] 
2021-01-22T01:13:53.135+0800: [GC (Allocation Failure) [PSYoungGen: 2446836K->349182K(2446848K)] 2472033K->395934K(8039424K), 0.0320324 secs] [Times: user=0.39 sys=0.00, real=0.03 secs] 
执行结束!共生成对象次数:23215
Heap
 PSYoungGen      total 2446848K, used 453209K [0x0000000715580000, 0x00000007c0000000, 0x00000007c0000000)
  eden space 2097664K, 4% used [0x0000000715580000,0x000000071bb16df0,0x0000000795600000)
  from space 349184K, 99% used [0x0000000795600000,0x00000007aaaff9c0,0x00000007aab00000)
  to   space 349184K, 0% used [0x00000007aab00000,0x00000007aab00000,0x00000007c0000000)
 ParOldGen       total 5592576K, used 46752K [0x00000005c0000000, 0x0000000715580000, 0x0000000715580000)
  object space 5592576K, 0% used [0x00000005c0000000,0x00000005c2da81a8,0x0000000715580000)
 Metaspace       used 3127K, capacity 4556K, committed 4864K, reserved 1056768K
  class space    used 332K, capacity 392K, committed 512K, reserved 1048576K