2021-01-21T01:41:59.460+0800: [GC (Allocation Failure) [PSYoungGen: 524800K->87031K(611840K)] 524800K->151214K(2010112K), 0.0135177 secs] [Times: user=0.08 sys=0.13, real=0.01 secs] 
2021-01-21T01:41:59.523+0800: [GC (Allocation Failure) [PSYoungGen: 611831K->87029K(611840K)] 676014K->266851K(2010112K), 0.0191730 secs] [Times: user=0.09 sys=0.11, real=0.02 secs] 
2021-01-21T01:41:59.589+0800: [GC (Allocation Failure) [PSYoungGen: 611829K->87028K(611840K)] 791651K->377804K(2010112K), 0.0178532 secs] [Times: user=0.20 sys=0.00, real=0.02 secs] 
2021-01-21T01:41:59.652+0800: [GC (Allocation Failure) [PSYoungGen: 611828K->87027K(611840K)] 902604K->489876K(2010112K), 0.0178982 secs] [Times: user=0.20 sys=0.00, real=0.02 secs] 
2021-01-21T01:41:59.713+0800: [GC (Allocation Failure) [PSYoungGen: 611827K->87030K(611840K)] 1014676K->603582K(2010112K), 0.0187161 secs] [Times: user=0.19 sys=0.00, real=0.02 secs] 
2021-01-21T01:41:59.777+0800: [GC (Allocation Failure) [PSYoungGen: 611830K->87024K(320000K)] 1128382K->732321K(1718272K), 0.0192430 secs] [Times: user=0.20 sys=0.00, real=0.02 secs] 
2021-01-21T01:41:59.817+0800: [GC (Allocation Failure) [PSYoungGen: 319984K->135135K(465920K)] 965281K->788483K(1864192K), 0.0127656 secs] [Times: user=0.20 sys=0.00, real=0.01 secs] 
2021-01-21T01:41:59.849+0800: [GC (Allocation Failure) [PSYoungGen: 368095K->174876K(465920K)] 1021443K->838766K(1864192K), 0.0181310 secs] [Times: user=0.20 sys=0.00, real=0.02 secs] 
2021-01-21T01:41:59.890+0800: [GC (Allocation Failure) [PSYoungGen: 407672K->184652K(465920K)] 1071561K->876252K(1864192K), 0.0199959 secs] [Times: user=0.19 sys=0.02, real=0.02 secs] 
2021-01-21T01:41:59.933+0800: [GC (Allocation Failure) [PSYoungGen: 417612K->126927K(465920K)] 1109212K->910378K(1864192K), 0.0189630 secs] [Times: user=0.14 sys=0.03, real=0.02 secs] 
2021-01-21T01:41:59.973+0800: [GC (Allocation Failure) [PSYoungGen: 359887K->72583K(465920K)] 1143338K->956681K(1864192K), 0.0159282 secs] [Times: user=0.19 sys=0.02, real=0.02 secs] 
2021-01-21T01:42:00.012+0800: [GC (Allocation Failure) [PSYoungGen: 305543K->71213K(465920K)] 1189641K->1014365K(1864192K), 0.0119181 secs] [Times: user=0.13 sys=0.06, real=0.01 secs] 
2021-01-21T01:42:00.045+0800: [GC (Allocation Failure) [PSYoungGen: 304173K->75644K(465920K)] 1247325K->1074054K(1864192K), 0.0115916 secs] [Times: user=0.16 sys=0.05, real=0.01 secs] 
2021-01-21T01:42:00.079+0800: [GC (Allocation Failure) [PSYoungGen: 308604K->74109K(465920K)] 1307014K->1130357K(1864192K), 0.0122081 secs] [Times: user=0.00 sys=0.00, real=0.01 secs] 
2021-01-21T01:42:00.112+0800: [GC (Allocation Failure) [PSYoungGen: 307069K->63930K(465920K)] 1363317K->1180734K(1864192K), 0.0115627 secs] [Times: user=0.00 sys=0.00, real=0.01 secs] 
2021-01-21T01:42:00.144+0800: [GC (Allocation Failure) [PSYoungGen: 296890K->74942K(465920K)] 1413694K->1243399K(1864192K), 0.0112592 secs] [Times: user=0.00 sys=0.00, real=0.01 secs] 
2021-01-21T01:42:00.175+0800: [GC (Allocation Failure) [PSYoungGen: 307902K->72592K(465920K)] 1476359K->1296324K(1864192K), 0.0116830 secs] [Times: user=0.00 sys=0.00, real=0.01 secs] 
2021-01-21T01:42:00.206+0800: [GC (Allocation Failure) [PSYoungGen: 305552K->74215K(465920K)] 1529284K->1354609K(1864192K), 0.0116410 secs] [Times: user=0.00 sys=0.00, real=0.01 secs] 
2021-01-21T01:42:00.217+0800: [Full GC (Ergonomics) [PSYoungGen: 74215K->0K(465920K)] [ParOldGen: 1280394K->377551K(1398272K)] 1354609K->377551K(1864192K), [Metaspace: 3284K->3284K(1056768K)], 0.0454089 secs] [Times: user=0.59 sys=0.00, real=0.05 secs] 
2021-01-21T01:42:00.283+0800: [GC (Allocation Failure) [PSYoungGen: 232960K->68673K(465920K)] 610511K->446232K(1864192K), 0.0069154 secs] [Times: user=0.00 sys=0.00, real=0.01 secs] 
执行结束!共生成对象次数:24121
Heap
 PSYoungGen      total 465920K, used 290656K [0x00000000d5580000, 0x0000000100000000, 0x0000000100000000)
  eden space 232960K, 95% used [0x00000000d5580000,0x00000000e2e47cf0,0x00000000e3900000)
  from space 232960K, 29% used [0x00000000e3900000,0x00000000e7c10628,0x00000000f1c80000)
  to   space 232960K, 0% used [0x00000000f1c80000,0x00000000f1c80000,0x0000000100000000)
 ParOldGen       total 1398272K, used 377559K [0x0000000080000000, 0x00000000d5580000, 0x00000000d5580000)
  object space 1398272K, 27% used [0x0000000080000000,0x00000000970b5c10,0x00000000d5580000)
 Metaspace       used 3798K, capacity 4540K, committed 4864K, reserved 1056768K
  class space    used 419K, capacity 428K, committed 512K, reserved 1048576K