2021-01-21T01:41:09.626+0800: [GC (Allocation Failure) [PSYoungGen: 262144K->43518K(305664K)] 262144K->77836K(1005056K), 0.0074761 secs] [Times: user=0.00 sys=0.00, real=0.01 secs] 
2021-01-21T01:41:09.662+0800: [GC (Allocation Failure) [PSYoungGen: 305662K->43519K(305664K)] 339980K->146161K(1005056K), 0.0112281 secs] [Times: user=0.05 sys=0.16, real=0.01 secs] 
2021-01-21T01:41:09.699+0800: [GC (Allocation Failure) [PSYoungGen: 305663K->43517K(305664K)] 408305K->220755K(1005056K), 0.0112642 secs] [Times: user=0.20 sys=0.00, real=0.01 secs] 
2021-01-21T01:41:09.734+0800: [GC (Allocation Failure) [PSYoungGen: 305661K->43516K(305664K)] 482899K->304116K(1005056K), 0.0121240 secs] [Times: user=0.00 sys=0.00, real=0.01 secs] 
2021-01-21T01:41:09.769+0800: [GC (Allocation Failure) [PSYoungGen: 305660K->43514K(305664K)] 566260K->376891K(1005056K), 0.0108141 secs] [Times: user=0.00 sys=0.00, real=0.01 secs] 
2021-01-21T01:41:09.803+0800: [GC (Allocation Failure) [PSYoungGen: 305658K->43519K(160256K)] 639035K->446210K(859648K), 0.0108151 secs] [Times: user=0.02 sys=0.19, real=0.01 secs] 
2021-01-21T01:41:09.825+0800: [GC (Allocation Failure) [PSYoungGen: 160255K->72897K(232960K)] 562946K->482440K(932352K), 0.0076638 secs] [Times: user=0.19 sys=0.02, real=0.01 secs] 
2021-01-21T01:41:09.843+0800: [GC (Allocation Failure) [PSYoungGen: 189507K->93721K(232960K)] 599050K->515489K(932352K), 0.0101776 secs] [Times: user=0.20 sys=0.00, real=0.01 secs] 
2021-01-21T01:41:09.862+0800: [GC (Allocation Failure) [PSYoungGen: 210457K->109104K(232960K)] 632225K->546543K(932352K), 0.0119378 secs] [Times: user=0.00 sys=0.00, real=0.01 secs] 
2021-01-21T01:41:09.885+0800: [GC (Allocation Failure) [PSYoungGen: 225840K->69737K(232960K)] 663279K->569657K(932352K), 0.0119985 secs] [Times: user=0.11 sys=0.06, real=0.01 secs] 
2021-01-21T01:41:09.906+0800: [GC (Allocation Failure) [PSYoungGen: 186473K->39769K(232960K)] 686393K->602867K(932352K), 0.0094966 secs] [Times: user=0.00 sys=0.00, real=0.01 secs] 
2021-01-21T01:41:09.925+0800: [GC (Allocation Failure) [PSYoungGen: 156403K->38310K(232960K)] 719501K->637193K(932352K), 0.0073549 secs] [Times: user=0.00 sys=0.00, real=0.01 secs] 
2021-01-21T01:41:09.933+0800: [Full GC (Ergonomics) [PSYoungGen: 38310K->0K(232960K)] [ParOldGen: 598883K->322277K(699392K)] 637193K->322277K(932352K), [Metaspace: 3120K->3120K(1056768K)], 0.0353861 secs] [Times: user=0.26 sys=0.00, real=0.03 secs] 
2021-01-21T01:41:09.978+0800: [GC (Allocation Failure) [PSYoungGen: 116654K->38724K(232960K)] 438932K->361002K(932352K), 0.0036682 secs] [Times: user=0.00 sys=0.00, real=0.00 secs] 
2021-01-21T01:41:09.992+0800: [GC (Allocation Failure) [PSYoungGen: 155460K->42459K(232960K)] 477738K->398011K(932352K), 0.0071110 secs] [Times: user=0.00 sys=0.00, real=0.01 secs] 
2021-01-21T01:41:10.010+0800: [GC (Allocation Failure) [PSYoungGen: 159195K->40115K(232960K)] 514747K->432085K(932352K), 0.0074036 secs] [Times: user=0.20 sys=0.00, real=0.01 secs] 
2021-01-21T01:41:10.027+0800: [GC (Allocation Failure) [PSYoungGen: 156595K->44179K(232960K)] 548565K->471461K(932352K), 0.0075782 secs] [Times: user=0.19 sys=0.00, real=0.01 secs] 
2021-01-21T01:41:10.045+0800: [GC (Allocation Failure) [PSYoungGen: 160915K->32033K(232960K)] 588197K->500372K(932352K), 0.0067444 secs] [Times: user=0.20 sys=0.00, real=0.01 secs] 
2021-01-21T01:41:10.062+0800: [GC (Allocation Failure) [PSYoungGen: 148769K->41274K(232960K)] 617108K->537405K(932352K), 0.0064615 secs] [Times: user=0.00 sys=0.00, real=0.01 secs] 
2021-01-21T01:41:10.079+0800: [GC (Allocation Failure) [PSYoungGen: 158010K->32950K(232960K)] 654141K->564741K(932352K), 0.0064974 secs] [Times: user=0.00 sys=0.00, real=0.01 secs] 
2021-01-21T01:41:10.097+0800: [GC (Allocation Failure) [PSYoungGen: 149686K->37790K(232960K)] 681477K->600407K(932352K), 0.0066530 secs] [Times: user=0.00 sys=0.00, real=0.01 secs] 
2021-01-21T01:41:10.113+0800: [GC (Allocation Failure) [PSYoungGen: 154526K->37650K(232960K)] 717143K->634824K(932352K), 0.0068580 secs] [Times: user=0.00 sys=0.00, real=0.01 secs] 
2021-01-21T01:41:10.130+0800: [GC (Allocation Failure) [PSYoungGen: 154273K->41520K(232960K)] 751447K->673329K(932352K), 0.0071937 secs] [Times: user=0.00 sys=0.00, real=0.01 secs] 
2021-01-21T01:41:10.137+0800: [Full GC (Ergonomics) [PSYoungGen: 41520K->0K(232960K)] [ParOldGen: 631809K->351738K(699392K)] 673329K->351738K(932352K), [Metaspace: 3120K->3120K(1056768K)], 0.0347479 secs] [Times: user=0.42 sys=0.02, real=0.03 secs] 
2021-01-21T01:41:10.184+0800: [GC (Allocation Failure) [PSYoungGen: 116653K->39392K(232960K)] 468392K->391131K(932352K), 0.0040498 secs] [Times: user=0.20 sys=0.00, real=0.00 secs] 
2021-01-21T01:41:10.199+0800: [GC (Allocation Failure) [PSYoungGen: 156128K->38323K(232960K)] 507867K->425428K(932352K), 0.0070805 secs] [Times: user=0.20 sys=0.00, real=0.01 secs] 
2021-01-21T01:41:10.217+0800: [GC (Allocation Failure) [PSYoungGen: 155059K->36745K(232960K)] 542164K->458857K(932352K), 0.0069044 secs] [Times: user=0.20 sys=0.00, real=0.01 secs] 
2021-01-21T01:41:10.235+0800: [GC (Allocation Failure) [PSYoungGen: 153481K->37388K(235008K)] 575593K->492502K(934400K), 0.0069258 secs] [Times: user=0.00 sys=0.00, real=0.01 secs] 
2021-01-21T01:41:10.253+0800: [GC (Allocation Failure) [PSYoungGen: 155548K->39562K(232960K)] 610663K->529298K(932352K), 0.0074397 secs] [Times: user=0.00 sys=0.00, real=0.01 secs] 
2021-01-21T01:41:10.271+0800: [GC (Allocation Failure) [PSYoungGen: 158101K->41712K(244224K)] 647836K->566771K(943616K), 0.0075542 secs] [Times: user=0.00 sys=0.00, real=0.01 secs] 
2021-01-21T01:41:10.292+0800: [GC (Allocation Failure) [PSYoungGen: 176368K->49414K(239616K)] 701427K->612726K(939008K), 0.0083228 secs] [Times: user=0.20 sys=0.00, real=0.01 secs] 
2021-01-21T01:41:10.313+0800: [GC (Allocation Failure) [PSYoungGen: 184070K->40081K(253440K)] 747382K->647232K(952832K), 0.0078142 secs] [Times: user=0.00 sys=0.00, real=0.01 secs] 
2021-01-21T01:41:10.335+0800: [GC (Allocation Failure) [PSYoungGen: 193681K->42339K(249344K)] 800832K->686329K(948736K), 0.0079584 secs] [Times: user=0.00 sys=0.00, real=0.01 secs] 
2021-01-21T01:41:10.357+0800: [GC (Allocation Failure) [PSYoungGen: 195939K->50849K(260096K)] 839929K->731760K(959488K), 0.0083900 secs] [Times: user=0.17 sys=0.02, real=0.01 secs] 
2021-01-21T01:41:10.365+0800: [Full GC (Ergonomics) [PSYoungGen: 50849K->0K(260096K)] [ParOldGen: 680911K->368083K(699392K)] 731760K->368083K(959488K), [Metaspace: 3120K->3120K(1056768K)], 0.0372563 secs] [Times: user=0.39 sys=0.00, real=0.04 secs] 
2021-01-21T01:41:10.417+0800: [GC (Allocation Failure) [PSYoungGen: 167936K->55725K(257024K)] 536019K->423809K(956416K), 0.0051280 secs] [Times: user=0.00 sys=0.00, real=0.00 secs] 
2021-01-21T01:41:10.437+0800: [GC (Allocation Failure) [PSYoungGen: 223661K->57257K(262144K)] 591745K->471395K(961536K), 0.0097157 secs] [Times: user=0.20 sys=0.00, real=0.01 secs] 
2021-01-21T01:41:10.461+0800: [GC (Allocation Failure) [PSYoungGen: 231337K->56652K(261120K)] 645475K->518357K(960512K), 0.0096364 secs] [Times: user=0.20 sys=0.00, real=0.01 secs] 
2021-01-21T01:41:10.487+0800: [GC (Allocation Failure) [PSYoungGen: 230369K->61575K(261632K)] 692074K->570952K(961024K), 0.0108243 secs] [Times: user=0.00 sys=0.00, real=0.01 secs] 
2021-01-21T01:41:10.514+0800: [GC (Allocation Failure) [PSYoungGen: 236679K->59814K(262144K)] 746056K->619924K(961536K), 0.0106640 secs] [Times: user=0.20 sys=0.00, real=0.01 secs] 
2021-01-21T01:41:10.539+0800: [GC (Allocation Failure) [PSYoungGen: 234918K->62361K(261632K)] 795028K->672949K(961024K), 0.0101300 secs] [Times: user=0.20 sys=0.00, real=0.01 secs] 
执行结束!共生成对象次数:21927
Heap
 PSYoungGen      total 261632K, used 69633K [0x00000000eab00000, 0x0000000100000000, 0x0000000100000000)
  eden space 175104K, 4% used [0x00000000eab00000,0x00000000eb21a000,0x00000000f5600000)
  from space 86528K, 72% used [0x00000000fab80000,0x00000000fe8666c0,0x0000000100000000)
  to   space 87040K, 0% used [0x00000000f5600000,0x00000000f5600000,0x00000000fab00000)
 ParOldGen       total 699392K, used 610587K [0x00000000c0000000, 0x00000000eab00000, 0x00000000eab00000)
  object space 699392K, 87% used [0x00000000c0000000,0x00000000e5446f78,0x00000000eab00000)
 Metaspace       used 3127K, capacity 4556K, committed 4864K, reserved 1056768K
  class space    used 332K, capacity 392K, committed 512K, reserved 1048576K