2021-01-21T01:42:42.808+0800: [GC (Allocation Failure) [PSYoungGen: 1048576K->174579K(1223168K)] 1048576K->227774K(4019712K), 0.0208405 secs] [Times: user=0.03 sys=0.38, real=0.02 secs] 
2021-01-21T01:42:42.919+0800: [GC (Allocation Failure) [PSYoungGen: 1223155K->174586K(1223168K)] 1276350K->353735K(4019712K), 0.0271435 secs] [Times: user=0.16 sys=0.25, real=0.03 secs] 
2021-01-21T01:42:43.039+0800: [GC (Allocation Failure) [PSYoungGen: 1223162K->174577K(1223168K)] 1402311K->467920K(4019712K), 0.0256740 secs] [Times: user=0.23 sys=0.17, real=0.03 secs] 
2021-01-21T01:42:43.151+0800: [GC (Allocation Failure) [PSYoungGen: 1223153K->174591K(1223168K)] 1516496K->597610K(4019712K), 0.0265588 secs] [Times: user=0.25 sys=0.16, real=0.03 secs] 
2021-01-21T01:42:43.271+0800: [GC (Allocation Failure) [PSYoungGen: 1223167K->174578K(1223168K)] 1646186K->726745K(4019712K), 0.0277843 secs] [Times: user=0.28 sys=0.11, real=0.03 secs] 
2021-01-21T01:42:43.383+0800: [GC (Allocation Failure) [PSYoungGen: 1223154K->174591K(870912K)] 1775321K->868289K(3667456K), 0.0279571 secs] [Times: user=0.19 sys=0.16, real=0.03 secs] 
2021-01-21T01:42:43.469+0800: [GC (Allocation Failure) [PSYoungGen: 870911K->265481K(1047040K)] 1564609K->960750K(3843584K), 0.0244018 secs] [Times: user=0.17 sys=0.00, real=0.02 secs] 
执行结束!共生成对象次数:27602
Heap
 PSYoungGen      total 1047040K, used 688657K [0x000000076ab00000, 0x00000007c0000000, 0x00000007c0000000)
  eden space 696320K, 60% used [0x000000076ab00000,0x0000000784841de0,0x0000000795300000)
  from space 350720K, 75% used [0x0000000795300000,0x00000007a56426b0,0x00000007aa980000)
  to   space 347648K, 0% used [0x00000007aac80000,0x00000007aac80000,0x00000007c0000000)
 ParOldGen       total 2796544K, used 695269K [0x00000006c0000000, 0x000000076ab00000, 0x000000076ab00000)
  object space 2796544K, 24% used [0x00000006c0000000,0x00000006ea6f94d0,0x000000076ab00000)
 Metaspace       used 3127K, capacity 4556K, committed 4864K, reserved 1056768K
  class space    used 332K, capacity 392K, committed 512K, reserved 1048576K